<?xml version="1.0" encoding="ISO-8859-1" ?>
<link_info>
   <banner>TI ARM Linker PC v18.1.4.LTS</banner>
   <copyright>Copyright (c) 1996-2018 Texas Instruments Incorporated</copyright>
   <link_time>0x5dcb2c91</link_time>
   <link_errors>0x0</link_errors>
   <output_file>326_Final_Project.out</output_file>
   <entry_point>
      <name>_c_int00_noargs</name>
      <address>0x7c1d</address>
   </entry_point>
   <input_file_list>
      <input_file id="fl-2">
         <path>.\</path>
         <kind>object</kind>
         <file>RTC.obj</file>
         <name>RTC.obj</name>
      </input_file>
      <input_file id="fl-3">
         <path>.\</path>
         <kind>object</kind>
         <file>Rotary_Encoder.obj</file>
         <name>Rotary_Encoder.obj</name>
      </input_file>
      <input_file id="fl-4">
         <path>.\</path>
         <kind>object</kind>
         <file>ST7735.obj</file>
         <name>ST7735.obj</name>
      </input_file>
      <input_file id="fl-5">
         <path>.\</path>
         <kind>object</kind>
         <file>main.obj</file>
         <name>main.obj</name>
      </input_file>
      <input_file id="fl-6">
         <path>.\</path>
         <kind>object</kind>
         <file>startup_msp432p401r_ccs.obj</file>
         <name>startup_msp432p401r_ccs.obj</name>
      </input_file>
      <input_file id="fl-7">
         <path>.\</path>
         <kind>object</kind>
         <file>system_msp432p401r.obj</file>
         <name>system_msp432p401r.obj</name>
      </input_file>
      <input_file id="fl-c">
         <kind>object</kind>
         <file>&lt;internal&gt;</file>
         <name>&lt;internal&gt;</name>
      </input_file>
      <input_file id="fl-d">
         <path>C:\ti\msp\MSP432Ware_3_50_00_02\driverlib\driverlib\MSP432P4xx\ccs\</path>
         <kind>archive</kind>
         <file>msp432p4xx_driverlib.lib</file>
         <name>cs.o</name>
      </input_file>
      <input_file id="fl-e">
         <path>C:\ti\msp\MSP432Ware_3_50_00_02\driverlib\driverlib\MSP432P4xx\ccs\</path>
         <kind>archive</kind>
         <file>msp432p4xx_driverlib.lib</file>
         <name>interrupt.o</name>
      </input_file>
      <input_file id="fl-f">
         <path>C:\ti\msp\MSP432Ware_3_50_00_02\driverlib\driverlib\MSP432P4xx\ccs\</path>
         <kind>archive</kind>
         <file>msp432p4xx_driverlib.lib</file>
         <name>sysctl.o</name>
      </input_file>
      <input_file id="fl-10">
         <path>C:\ti\msp\MSP432Ware_3_50_00_02\driverlib\driverlib\MSP432P4xx\ccs\</path>
         <kind>archive</kind>
         <file>msp432p4xx_driverlib.lib</file>
         <name>cpu.o</name>
      </input_file>
      <input_file id="fl-c6">
         <path>C:\ti\ccsv8\tools\compiler\ti-cgt-arm_18.1.4.LTS\lib\</path>
         <kind>archive</kind>
         <file>rtsv7M4_T_le_v4SPD16_eabi.lib</file>
         <name>memcpy_t2.asm.obj</name>
      </input_file>
      <input_file id="fl-c7">
         <path>C:\ti\ccsv8\tools\compiler\ti-cgt-arm_18.1.4.LTS\lib\</path>
         <kind>archive</kind>
         <file>rtsv7M4_T_le_v4SPD16_eabi.lib</file>
         <name>copy_zero_init.c.obj</name>
      </input_file>
      <input_file id="fl-c8">
         <path>C:\ti\ccsv8\tools\compiler\ti-cgt-arm_18.1.4.LTS\lib\</path>
         <kind>archive</kind>
         <file>rtsv7M4_T_le_v4SPD16_eabi.lib</file>
         <name>copy_decompress_none.c.obj</name>
      </input_file>
      <input_file id="fl-c9">
         <path>C:\ti\ccsv8\tools\compiler\ti-cgt-arm_18.1.4.LTS\lib\</path>
         <kind>archive</kind>
         <file>rtsv7M4_T_le_v4SPD16_eabi.lib</file>
         <name>copy_decompress_lzss.c.obj</name>
      </input_file>
      <input_file id="fl-ca">
         <path>C:\ti\ccsv8\tools\compiler\ti-cgt-arm_18.1.4.LTS\lib\</path>
         <kind>archive</kind>
         <file>rtsv7M4_T_le_v4SPD16_eabi.lib</file>
         <name>boot_cortex_m.c.obj</name>
      </input_file>
      <input_file id="fl-cb">
         <path>C:\ti\ccsv8\tools\compiler\ti-cgt-arm_18.1.4.LTS\lib\</path>
         <kind>archive</kind>
         <file>rtsv7M4_T_le_v4SPD16_eabi.lib</file>
         <name>exit.c.obj</name>
      </input_file>
      <input_file id="fl-cc">
         <path>C:\ti\ccsv8\tools\compiler\ti-cgt-arm_18.1.4.LTS\lib\</path>
         <kind>archive</kind>
         <file>rtsv7M4_T_le_v4SPD16_eabi.lib</file>
         <name>_lock.c.obj</name>
      </input_file>
      <input_file id="fl-cd">
         <path>C:\ti\ccsv8\tools\compiler\ti-cgt-arm_18.1.4.LTS\lib\</path>
         <kind>archive</kind>
         <file>rtsv7M4_T_le_v4SPD16_eabi.lib</file>
         <name>args_main.c.obj</name>
      </input_file>
      <input_file id="fl-ce">
         <path>C:\ti\ccsv8\tools\compiler\ti-cgt-arm_18.1.4.LTS\lib\</path>
         <kind>archive</kind>
         <file>rtsv7M4_T_le_v4SPD16_eabi.lib</file>
         <name>printf.c.obj</name>
      </input_file>
      <input_file id="fl-cf">
         <path>C:\ti\ccsv8\tools\compiler\ti-cgt-arm_18.1.4.LTS\lib\</path>
         <kind>archive</kind>
         <file>rtsv7M4_T_le_v4SPD16_eabi.lib</file>
         <name>sprintf.c.obj</name>
      </input_file>
      <input_file id="fl-d0">
         <path>C:\ti\ccsv8\tools\compiler\ti-cgt-arm_18.1.4.LTS\lib\</path>
         <kind>archive</kind>
         <file>rtsv7M4_T_le_v4SPD16_eabi.lib</file>
         <name>memset_t2.asm.obj</name>
      </input_file>
      <input_file id="fl-d1">
         <path>C:\ti\ccsv8\tools\compiler\ti-cgt-arm_18.1.4.LTS\lib\</path>
         <kind>archive</kind>
         <file>rtsv7M4_T_le_v4SPD16_eabi.lib</file>
         <name>autoinit.c.obj</name>
      </input_file>
      <input_file id="fl-d2">
         <path>C:\ti\ccsv8\tools\compiler\ti-cgt-arm_18.1.4.LTS\lib\</path>
         <kind>archive</kind>
         <file>rtsv7M4_T_le_v4SPD16_eabi.lib</file>
         <name>pre_init.c.obj</name>
      </input_file>
      <input_file id="fl-d3">
         <path>C:\ti\ccsv8\tools\compiler\ti-cgt-arm_18.1.4.LTS\lib\</path>
         <kind>archive</kind>
         <file>rtsv7M4_T_le_v4SPD16_eabi.lib</file>
         <name>cpy_tbl.c.obj</name>
      </input_file>
      <input_file id="fl-d4">
         <path>C:\ti\ccsv8\tools\compiler\ti-cgt-arm_18.1.4.LTS\lib\</path>
         <kind>archive</kind>
         <file>rtsv7M4_T_le_v4SPD16_eabi.lib</file>
         <name>_printfi.c.obj</name>
      </input_file>
      <input_file id="fl-d5">
         <path>C:\ti\ccsv8\tools\compiler\ti-cgt-arm_18.1.4.LTS\lib\</path>
         <kind>archive</kind>
         <file>rtsv7M4_T_le_v4SPD16_eabi.lib</file>
         <name>atoi.c.obj</name>
      </input_file>
      <input_file id="fl-d6">
         <path>C:\ti\ccsv8\tools\compiler\ti-cgt-arm_18.1.4.LTS\lib\</path>
         <kind>archive</kind>
         <file>rtsv7M4_T_le_v4SPD16_eabi.lib</file>
         <name>ctype.c.obj</name>
      </input_file>
      <input_file id="fl-d7">
         <path>C:\ti\ccsv8\tools\compiler\ti-cgt-arm_18.1.4.LTS\lib\</path>
         <kind>archive</kind>
         <file>rtsv7M4_T_le_v4SPD16_eabi.lib</file>
         <name>defs.c.obj</name>
      </input_file>
      <input_file id="fl-d8">
         <path>C:\ti\ccsv8\tools\compiler\ti-cgt-arm_18.1.4.LTS\lib\</path>
         <kind>archive</kind>
         <file>rtsv7M4_T_le_v4SPD16_eabi.lib</file>
         <name>fputs.c.obj</name>
      </input_file>
      <input_file id="fl-d9">
         <path>C:\ti\ccsv8\tools\compiler\ti-cgt-arm_18.1.4.LTS\lib\</path>
         <kind>archive</kind>
         <file>rtsv7M4_T_le_v4SPD16_eabi.lib</file>
         <name>ltoa.c.obj</name>
      </input_file>
      <input_file id="fl-da">
         <path>C:\ti\ccsv8\tools\compiler\ti-cgt-arm_18.1.4.LTS\lib\</path>
         <kind>archive</kind>
         <file>rtsv7M4_T_le_v4SPD16_eabi.lib</file>
         <name>memccpy.c.obj</name>
      </input_file>
      <input_file id="fl-db">
         <path>C:\ti\ccsv8\tools\compiler\ti-cgt-arm_18.1.4.LTS\lib\</path>
         <kind>archive</kind>
         <file>rtsv7M4_T_le_v4SPD16_eabi.lib</file>
         <name>memchr.c.obj</name>
      </input_file>
      <input_file id="fl-dc">
         <path>C:\ti\ccsv8\tools\compiler\ti-cgt-arm_18.1.4.LTS\lib\</path>
         <kind>archive</kind>
         <file>rtsv7M4_T_le_v4SPD16_eabi.lib</file>
         <name>strchr.c.obj</name>
      </input_file>
      <input_file id="fl-dd">
         <path>C:\ti\ccsv8\tools\compiler\ti-cgt-arm_18.1.4.LTS\lib\</path>
         <kind>archive</kind>
         <file>rtsv7M4_T_le_v4SPD16_eabi.lib</file>
         <name>strlen.c.obj</name>
      </input_file>
      <input_file id="fl-de">
         <path>C:\ti\ccsv8\tools\compiler\ti-cgt-arm_18.1.4.LTS\lib\</path>
         <kind>archive</kind>
         <file>rtsv7M4_T_le_v4SPD16_eabi.lib</file>
         <name>write.c.obj</name>
      </input_file>
      <input_file id="fl-df">
         <path>C:\ti\ccsv8\tools\compiler\ti-cgt-arm_18.1.4.LTS\lib\</path>
         <kind>archive</kind>
         <file>rtsv7M4_T_le_v4SPD16_eabi.lib</file>
         <name>wcslen.c.obj</name>
      </input_file>
      <input_file id="fl-e0">
         <path>C:\ti\ccsv8\tools\compiler\ti-cgt-arm_18.1.4.LTS\lib\</path>
         <kind>archive</kind>
         <file>rtsv7M4_T_le_v4SPD16_eabi.lib</file>
         <name>s_frexp.c.obj</name>
      </input_file>
      <input_file id="fl-e1">
         <path>C:\ti\ccsv8\tools\compiler\ti-cgt-arm_18.1.4.LTS\lib\</path>
         <kind>archive</kind>
         <file>rtsv7M4_T_le_v4SPD16_eabi.lib</file>
         <name>s_scalbn.c.obj</name>
      </input_file>
      <input_file id="fl-e2">
         <path>C:\ti\ccsv8\tools\compiler\ti-cgt-arm_18.1.4.LTS\lib\</path>
         <kind>archive</kind>
         <file>rtsv7M4_T_le_v4SPD16_eabi.lib</file>
         <name>fd_add_t2.asm.obj</name>
      </input_file>
      <input_file id="fl-e3">
         <path>C:\ti\ccsv8\tools\compiler\ti-cgt-arm_18.1.4.LTS\lib\</path>
         <kind>archive</kind>
         <file>rtsv7M4_T_le_v4SPD16_eabi.lib</file>
         <name>fd_cmp_t2.asm.obj</name>
      </input_file>
      <input_file id="fl-e4">
         <path>C:\ti\ccsv8\tools\compiler\ti-cgt-arm_18.1.4.LTS\lib\</path>
         <kind>archive</kind>
         <file>rtsv7M4_T_le_v4SPD16_eabi.lib</file>
         <name>fd_div_t2.asm.obj</name>
      </input_file>
      <input_file id="fl-e5">
         <path>C:\ti\ccsv8\tools\compiler\ti-cgt-arm_18.1.4.LTS\lib\</path>
         <kind>archive</kind>
         <file>rtsv7M4_T_le_v4SPD16_eabi.lib</file>
         <name>fd_mul_t2.asm.obj</name>
      </input_file>
      <input_file id="fl-e6">
         <path>C:\ti\ccsv8\tools\compiler\ti-cgt-arm_18.1.4.LTS\lib\</path>
         <kind>archive</kind>
         <file>rtsv7M4_T_le_v4SPD16_eabi.lib</file>
         <name>fd_toi_t2.asm.obj</name>
      </input_file>
      <input_file id="fl-e7">
         <path>C:\ti\ccsv8\tools\compiler\ti-cgt-arm_18.1.4.LTS\lib\</path>
         <kind>archive</kind>
         <file>rtsv7M4_T_le_v4SPD16_eabi.lib</file>
         <name>i_tofd_t2.asm.obj</name>
      </input_file>
      <input_file id="fl-e8">
         <path>C:\ti\ccsv8\tools\compiler\ti-cgt-arm_18.1.4.LTS\lib\</path>
         <kind>archive</kind>
         <file>rtsv7M4_T_le_v4SPD16_eabi.lib</file>
         <name>ull_div_t2.asm.obj</name>
      </input_file>
      <input_file id="fl-e9">
         <path>C:\ti\ccsv8\tools\compiler\ti-cgt-arm_18.1.4.LTS\lib\</path>
         <kind>archive</kind>
         <file>rtsv7M4_T_le_v4SPD16_eabi.lib</file>
         <name>errno.c.obj</name>
      </input_file>
      <input_file id="fl-ea">
         <path>C:\ti\ccsv8\tools\compiler\ti-cgt-arm_18.1.4.LTS\lib\</path>
         <kind>archive</kind>
         <file>rtsv7M4_T_le_v4SPD16_eabi.lib</file>
         <name>_io_perm.c.obj</name>
      </input_file>
      <input_file id="fl-eb">
         <path>C:\ti\ccsv8\tools\compiler\ti-cgt-arm_18.1.4.LTS\lib\</path>
         <kind>archive</kind>
         <file>rtsv7M4_T_le_v4SPD16_eabi.lib</file>
         <name>fflush.c.obj</name>
      </input_file>
      <input_file id="fl-ec">
         <path>C:\ti\ccsv8\tools\compiler\ti-cgt-arm_18.1.4.LTS\lib\</path>
         <kind>archive</kind>
         <file>rtsv7M4_T_le_v4SPD16_eabi.lib</file>
         <name>fseek.c.obj</name>
      </input_file>
      <input_file id="fl-ed">
         <path>C:\ti\ccsv8\tools\compiler\ti-cgt-arm_18.1.4.LTS\lib\</path>
         <kind>archive</kind>
         <file>rtsv7M4_T_le_v4SPD16_eabi.lib</file>
         <name>lseek.c.obj</name>
      </input_file>
      <input_file id="fl-ee">
         <path>C:\ti\ccsv8\tools\compiler\ti-cgt-arm_18.1.4.LTS\lib\</path>
         <kind>archive</kind>
         <file>rtsv7M4_T_le_v4SPD16_eabi.lib</file>
         <name>setvbuf.c.obj</name>
      </input_file>
      <input_file id="fl-ef">
         <path>C:\ti\ccsv8\tools\compiler\ti-cgt-arm_18.1.4.LTS\lib\</path>
         <kind>archive</kind>
         <file>rtsv7M4_T_le_v4SPD16_eabi.lib</file>
         <name>hostclose.c.obj</name>
      </input_file>
      <input_file id="fl-f0">
         <path>C:\ti\ccsv8\tools\compiler\ti-cgt-arm_18.1.4.LTS\lib\</path>
         <kind>archive</kind>
         <file>rtsv7M4_T_le_v4SPD16_eabi.lib</file>
         <name>hostlseek.c.obj</name>
      </input_file>
      <input_file id="fl-f1">
         <path>C:\ti\ccsv8\tools\compiler\ti-cgt-arm_18.1.4.LTS\lib\</path>
         <kind>archive</kind>
         <file>rtsv7M4_T_le_v4SPD16_eabi.lib</file>
         <name>hostopen.c.obj</name>
      </input_file>
      <input_file id="fl-f2">
         <path>C:\ti\ccsv8\tools\compiler\ti-cgt-arm_18.1.4.LTS\lib\</path>
         <kind>archive</kind>
         <file>rtsv7M4_T_le_v4SPD16_eabi.lib</file>
         <name>hostread.c.obj</name>
      </input_file>
      <input_file id="fl-f3">
         <path>C:\ti\ccsv8\tools\compiler\ti-cgt-arm_18.1.4.LTS\lib\</path>
         <kind>archive</kind>
         <file>rtsv7M4_T_le_v4SPD16_eabi.lib</file>
         <name>hostrename.c.obj</name>
      </input_file>
      <input_file id="fl-f4">
         <path>C:\ti\ccsv8\tools\compiler\ti-cgt-arm_18.1.4.LTS\lib\</path>
         <kind>archive</kind>
         <file>rtsv7M4_T_le_v4SPD16_eabi.lib</file>
         <name>hostunlink.c.obj</name>
      </input_file>
      <input_file id="fl-f5">
         <path>C:\ti\ccsv8\tools\compiler\ti-cgt-arm_18.1.4.LTS\lib\</path>
         <kind>archive</kind>
         <file>rtsv7M4_T_le_v4SPD16_eabi.lib</file>
         <name>hostwrite.c.obj</name>
      </input_file>
      <input_file id="fl-f6">
         <path>C:\ti\ccsv8\tools\compiler\ti-cgt-arm_18.1.4.LTS\lib\</path>
         <kind>archive</kind>
         <file>rtsv7M4_T_le_v4SPD16_eabi.lib</file>
         <name>trgmsg.c.obj</name>
      </input_file>
      <input_file id="fl-f7">
         <path>C:\ti\ccsv8\tools\compiler\ti-cgt-arm_18.1.4.LTS\lib\</path>
         <kind>archive</kind>
         <file>rtsv7M4_T_le_v4SPD16_eabi.lib</file>
         <name>s_copysign.c.obj</name>
      </input_file>
      <input_file id="fl-f8">
         <path>C:\ti\ccsv8\tools\compiler\ti-cgt-arm_18.1.4.LTS\lib\</path>
         <kind>archive</kind>
         <file>rtsv7M4_T_le_v4SPD16_eabi.lib</file>
         <name>div0.asm.obj</name>
      </input_file>
      <input_file id="fl-f9">
         <path>C:\ti\ccsv8\tools\compiler\ti-cgt-arm_18.1.4.LTS\lib\</path>
         <kind>archive</kind>
         <file>rtsv7M4_T_le_v4SPD16_eabi.lib</file>
         <name>memory.c.obj</name>
      </input_file>
      <input_file id="fl-fa">
         <path>C:\ti\ccsv8\tools\compiler\ti-cgt-arm_18.1.4.LTS\lib\</path>
         <kind>archive</kind>
         <file>rtsv7M4_T_le_v4SPD16_eabi.lib</file>
         <name>fopen.c.obj</name>
      </input_file>
      <input_file id="fl-fb">
         <path>C:\ti\ccsv8\tools\compiler\ti-cgt-arm_18.1.4.LTS\lib\</path>
         <kind>archive</kind>
         <file>rtsv7M4_T_le_v4SPD16_eabi.lib</file>
         <name>open.c.obj</name>
      </input_file>
      <input_file id="fl-fc">
         <path>C:\ti\ccsv8\tools\compiler\ti-cgt-arm_18.1.4.LTS\lib\</path>
         <kind>archive</kind>
         <file>rtsv7M4_T_le_v4SPD16_eabi.lib</file>
         <name>strcpy.c.obj</name>
      </input_file>
      <input_file id="fl-fd">
         <path>C:\ti\ccsv8\tools\compiler\ti-cgt-arm_18.1.4.LTS\lib\</path>
         <kind>archive</kind>
         <file>rtsv7M4_T_le_v4SPD16_eabi.lib</file>
         <name>fclose.c.obj</name>
      </input_file>
      <input_file id="fl-fe">
         <path>C:\ti\ccsv8\tools\compiler\ti-cgt-arm_18.1.4.LTS\lib\</path>
         <kind>archive</kind>
         <file>rtsv7M4_T_le_v4SPD16_eabi.lib</file>
         <name>getdevice.c.obj</name>
      </input_file>
      <input_file id="fl-ff">
         <path>C:\ti\ccsv8\tools\compiler\ti-cgt-arm_18.1.4.LTS\lib\</path>
         <kind>archive</kind>
         <file>rtsv7M4_T_le_v4SPD16_eabi.lib</file>
         <name>remove.c.obj</name>
      </input_file>
      <input_file id="fl-100">
         <path>C:\ti\ccsv8\tools\compiler\ti-cgt-arm_18.1.4.LTS\lib\</path>
         <kind>archive</kind>
         <file>rtsv7M4_T_le_v4SPD16_eabi.lib</file>
         <name>strcmp.c.obj</name>
      </input_file>
      <input_file id="fl-101">
         <path>C:\ti\ccsv8\tools\compiler\ti-cgt-arm_18.1.4.LTS\lib\</path>
         <kind>archive</kind>
         <file>rtsv7M4_T_le_v4SPD16_eabi.lib</file>
         <name>strncpy.c.obj</name>
      </input_file>
      <input_file id="fl-102">
         <path>C:\ti\ccsv8\tools\compiler\ti-cgt-arm_18.1.4.LTS\lib\</path>
         <kind>archive</kind>
         <file>rtsv7M4_T_le_v4SPD16_eabi.lib</file>
         <name>unlink.c.obj</name>
      </input_file>
      <input_file id="fl-103">
         <path>C:\ti\ccsv8\tools\compiler\ti-cgt-arm_18.1.4.LTS\lib\</path>
         <kind>archive</kind>
         <file>rtsv7M4_T_le_v4SPD16_eabi.lib</file>
         <name>close.c.obj</name>
      </input_file>
   </input_file_list>
   <object_component_list>
      <object_component id="oc-1f">
         <name>.intvecs:retain</name>
         <load_address>0x0</load_address>
         <run_address>0x0</run_address>
         <size>0xe4</size>
         <input_file_ref idref="fl-6"/>
      </object_component>
      <object_component id="oc-99">
         <name>.text</name>
         <load_address>0xe4</load_address>
         <run_address>0xe4</run_address>
         <size>0x3980</size>
         <input_file_ref idref="fl-5"/>
      </object_component>
      <object_component id="oc-dd">
         <name>.text</name>
         <load_address>0x3a64</load_address>
         <run_address>0x3a64</run_address>
         <size>0x139c</size>
         <input_file_ref idref="fl-4"/>
      </object_component>
      <object_component id="oc-256">
         <name>.text:__TI_printfi</name>
         <load_address>0x4e00</load_address>
         <run_address>0x4e00</run_address>
         <size>0xa5e</size>
         <input_file_ref idref="fl-d4"/>
      </object_component>
      <object_component id="oc-31b">
         <name>.text:_nop</name>
         <load_address>0x585e</load_address>
         <run_address>0x585e</run_address>
         <size>0x2</size>
         <input_file_ref idref="fl-cc"/>
      </object_component>
      <object_component id="oc-ab">
         <name>.text</name>
         <load_address>0x5860</load_address>
         <run_address>0x5860</run_address>
         <size>0x328</size>
         <input_file_ref idref="fl-7"/>
      </object_component>
      <object_component id="oc-69">
         <name>.text</name>
         <load_address>0x5b88</load_address>
         <run_address>0x5b88</run_address>
         <size>0x274</size>
         <input_file_ref idref="fl-3"/>
      </object_component>
      <object_component id="oc-2f7">
         <name>.text:_pconv_a</name>
         <load_address>0x5dfc</load_address>
         <run_address>0x5dfc</run_address>
         <size>0x270</size>
         <input_file_ref idref="fl-d4"/>
      </object_component>
      <object_component id="oc-2e5">
         <name>.text:_pconv_g</name>
         <load_address>0x606c</load_address>
         <run_address>0x606c</run_address>
         <size>0x1d0</size>
         <input_file_ref idref="fl-d4"/>
      </object_component>
      <object_component id="oc-3a5">
         <name>.text</name>
         <load_address>0x623c</load_address>
         <run_address>0x623c</run_address>
         <size>0x1b6</size>
         <input_file_ref idref="fl-e2"/>
      </object_component>
      <object_component id="oc-42e">
         <name>.text</name>
         <load_address>0x63f2</load_address>
         <run_address>0x63f2</run_address>
         <size>0x2</size>
         <input_file_ref idref="fl-f8"/>
      </object_component>
      <object_component id="oc-e3">
         <name>.text</name>
         <load_address>0x63f4</load_address>
         <run_address>0x63f4</run_address>
         <size>0x188</size>
         <input_file_ref idref="fl-2"/>
      </object_component>
      <object_component id="oc-2f1">
         <name>.text:_pconv_e</name>
         <load_address>0x657c</load_address>
         <run_address>0x657c</run_address>
         <size>0x13c</size>
         <input_file_ref idref="fl-d4"/>
      </object_component>
      <object_component id="oc-38b">
         <name>.text</name>
         <load_address>0x66b8</load_address>
         <run_address>0x66b8</run_address>
         <size>0x136</size>
         <input_file_ref idref="fl-e4"/>
      </object_component>
      <object_component id="oc-3b7">
         <name>.text:fcvt</name>
         <load_address>0x67f0</load_address>
         <run_address>0x67f0</run_address>
         <size>0x124</size>
         <input_file_ref idref="fl-d4"/>
      </object_component>
      <object_component id="oc-329">
         <name>.text:fputs</name>
         <load_address>0x6914</load_address>
         <run_address>0x6914</run_address>
         <size>0x114</size>
         <input_file_ref idref="fl-d8"/>
      </object_component>
      <object_component id="oc-3cb">
         <name>.text:scalbn</name>
         <load_address>0x6a28</load_address>
         <run_address>0x6a28</run_address>
         <size>0x110</size>
         <input_file_ref idref="fl-e1"/>
      </object_component>
      <object_component id="oc-386">
         <name>.text</name>
         <load_address>0x6b38</load_address>
         <run_address>0x6b38</run_address>
         <size>0xfc</size>
         <input_file_ref idref="fl-e5"/>
      </object_component>
      <object_component id="oc-469">
         <name>.text:setvbuf</name>
         <load_address>0x6c34</load_address>
         <run_address>0x6c34</run_address>
         <size>0xdc</size>
         <input_file_ref idref="fl-ee"/>
      </object_component>
      <object_component id="oc-497">
         <name>.text:free</name>
         <load_address>0x6d10</load_address>
         <run_address>0x6d10</run_address>
         <size>0xd8</size>
         <input_file_ref idref="fl-f9"/>
      </object_component>
      <object_component id="oc-2da">
         <name>.text:_ltostr</name>
         <load_address>0x6de8</load_address>
         <run_address>0x6de8</run_address>
         <size>0xb1</size>
         <input_file_ref idref="fl-d4"/>
      </object_component>
      <object_component id="oc-28d">
         <name>.text:CS_startHFXTWithTimeout</name>
         <load_address>0x6e9c</load_address>
         <run_address>0x6e9c</run_address>
         <size>0x9c</size>
         <input_file_ref idref="fl-d"/>
      </object_component>
      <object_component id="oc-33">
         <name>.text</name>
         <load_address>0x6f38</load_address>
         <run_address>0x6f38</run_address>
         <size>0x9c</size>
         <input_file_ref idref="fl-c6"/>
      </object_component>
      <object_component id="oc-37f">
         <name>.text</name>
         <load_address>0x6fd4</load_address>
         <run_address>0x6fd4</run_address>
         <size>0x96</size>
         <input_file_ref idref="fl-e8"/>
      </object_component>
      <object_component id="oc-2e0">
         <name>.text:__aeabi_cdcmple</name>
         <load_address>0x706a</load_address>
         <run_address>0x706a</run_address>
         <size>0x86</size>
         <input_file_ref idref="fl-e3"/>
      </object_component>
      <object_component id="oc-390">
         <name>.text:__aeabi_cdrcmple</name>
         <load_address>0x70f0</load_address>
         <run_address>0x70f0</run_address>
         <size>0x86</size>
         <input_file_ref idref="fl-e3"/>
      </object_component>
      <object_component id="oc-8d">
         <name>.text</name>
         <load_address>0x7176</load_address>
         <run_address>0x7176</run_address>
         <size>0x7a</size>
         <input_file_ref idref="fl-d0"/>
      </object_component>
      <object_component id="oc-49d">
         <name>.text:malloc</name>
         <load_address>0x71f0</load_address>
         <run_address>0x71f0</run_address>
         <size>0x78</size>
         <input_file_ref idref="fl-f9"/>
      </object_component>
      <object_component id="oc-4e2">
         <name>.text:__TI_closefile</name>
         <load_address>0x7268</load_address>
         <run_address>0x7268</run_address>
         <size>0x74</size>
         <input_file_ref idref="fl-fd"/>
      </object_component>
      <object_component id="oc-354">
         <name>.text:_CSGetHFXTFrequency</name>
         <load_address>0x72dc</load_address>
         <run_address>0x72dc</run_address>
         <size>0x70</size>
         <input_file_ref idref="fl-d"/>
      </object_component>
      <object_component id="oc-3b0">
         <name>.text:_mcpy</name>
         <load_address>0x734c</load_address>
         <run_address>0x734c</run_address>
         <size>0x6e</size>
         <input_file_ref idref="fl-d4"/>
      </object_component>
      <object_component id="oc-506">
         <name>.text:HOSTlseek</name>
         <load_address>0x73bc</load_address>
         <run_address>0x73bc</run_address>
         <size>0x68</size>
         <input_file_ref idref="fl-f0"/>
      </object_component>
      <object_component id="oc-512">
         <name>.text:HOSTrename</name>
         <load_address>0x7424</load_address>
         <run_address>0x7424</run_address>
         <size>0x68</size>
         <input_file_ref idref="fl-f3"/>
      </object_component>
      <object_component id="oc-10">
         <name>.text:decompress:lzss:__TI_decompress_lzss</name>
         <load_address>0x748c</load_address>
         <run_address>0x748c</run_address>
         <size>0x68</size>
         <input_file_ref idref="fl-c9"/>
      </object_component>
      <object_component id="oc-15c">
         <name>.text:printf</name>
         <load_address>0x74f4</load_address>
         <run_address>0x74f4</run_address>
         <size>0x68</size>
         <input_file_ref idref="fl-ce"/>
      </object_component>
      <object_component id="oc-3c5">
         <name>.text:frexp</name>
         <load_address>0x755c</load_address>
         <run_address>0x755c</run_address>
         <size>0x64</size>
         <input_file_ref idref="fl-e0"/>
      </object_component>
      <object_component id="oc-463">
         <name>.text:fseek</name>
         <load_address>0x75c0</load_address>
         <run_address>0x75c0</run_address>
         <size>0x64</size>
         <input_file_ref idref="fl-ec"/>
      </object_component>
      <object_component id="oc-3fc">
         <name>.text:__TI_wrt_ok</name>
         <load_address>0x7624</load_address>
         <run_address>0x7624</run_address>
         <size>0x62</size>
         <input_file_ref idref="fl-ea"/>
      </object_component>
      <object_component id="oc-4ee">
         <name>.text:HOSTopen</name>
         <load_address>0x7688</load_address>
         <run_address>0x7688</run_address>
         <size>0x60</size>
         <input_file_ref idref="fl-f1"/>
      </object_component>
      <object_component id="oc-521">
         <name>.text:close</name>
         <load_address>0x76e8</load_address>
         <run_address>0x76e8</run_address>
         <size>0x5c</size>
         <input_file_ref idref="fl-103"/>
      </object_component>
      <object_component id="oc-4fa">
         <name>.text:HOSTread</name>
         <load_address>0x7744</load_address>
         <run_address>0x7744</run_address>
         <size>0x58</size>
         <input_file_ref idref="fl-f2"/>
      </object_component>
      <object_component id="oc-500">
         <name>.text:HOSTwrite</name>
         <load_address>0x779c</load_address>
         <run_address>0x779c</run_address>
         <size>0x58</size>
         <input_file_ref idref="fl-f5"/>
      </object_component>
      <object_component id="oc-2eb">
         <name>.text:_pconv_f</name>
         <load_address>0x77f4</load_address>
         <run_address>0x77f4</run_address>
         <size>0x56</size>
         <input_file_ref idref="fl-d4"/>
      </object_component>
      <object_component id="oc-39a">
         <name>.text:ltoa</name>
         <load_address>0x784a</load_address>
         <run_address>0x784a</run_address>
         <size>0x54</size>
         <input_file_ref idref="fl-d9"/>
      </object_component>
      <object_component id="oc-3aa">
         <name>.text:_ecpy</name>
         <load_address>0x789e</load_address>
         <run_address>0x789e</run_address>
         <size>0x52</size>
         <input_file_ref idref="fl-d4"/>
      </object_component>
      <object_component id="oc-408">
         <name>.text:__TI_doflush</name>
         <load_address>0x78f0</load_address>
         <run_address>0x78f0</run_address>
         <size>0x4c</size>
         <input_file_ref idref="fl-eb"/>
      </object_component>
      <object_component id="oc-2d4">
         <name>.text:atoi</name>
         <load_address>0x793c</load_address>
         <run_address>0x793c</run_address>
         <size>0x4c</size>
         <input_file_ref idref="fl-d5"/>
      </object_component>
      <object_component id="oc-18c">
         <name>.text:exit</name>
         <load_address>0x7988</load_address>
         <run_address>0x7988</run_address>
         <size>0x48</size>
         <input_file_ref idref="fl-cb"/>
      </object_component>
      <object_component id="oc-395">
         <name>.text</name>
         <load_address>0x79d0</load_address>
         <run_address>0x79d0</run_address>
         <size>0x48</size>
         <input_file_ref idref="fl-e6"/>
      </object_component>
      <object_component id="oc-4f4">
         <name>.text:HOSTclose</name>
         <load_address>0x7a18</load_address>
         <run_address>0x7a18</run_address>
         <size>0x44</size>
         <input_file_ref idref="fl-ef"/>
      </object_component>
      <object_component id="oc-50c">
         <name>.text:HOSTunlink</name>
         <load_address>0x7a5c</load_address>
         <run_address>0x7a5c</run_address>
         <size>0x44</size>
         <input_file_ref idref="fl-f4"/>
      </object_component>
      <object_component id="oc-192">
         <name>.text:__TI_auto_init_nobinit_nopinit:__TI_auto_init_nobinit_nopinit</name>
         <load_address>0x7aa0</load_address>
         <run_address>0x7aa0</run_address>
         <size>0x44</size>
         <input_file_ref idref="fl-d1"/>
      </object_component>
      <object_component id="oc-556">
         <name>.text:getdevice</name>
         <load_address>0x7ae4</load_address>
         <run_address>0x7ae4</run_address>
         <size>0x44</size>
         <input_file_ref idref="fl-fe"/>
      </object_component>
      <object_component id="oc-162">
         <name>.text:sprintf</name>
         <load_address>0x7b28</load_address>
         <run_address>0x7b28</run_address>
         <size>0x40</size>
         <input_file_ref idref="fl-cf"/>
      </object_component>
      <object_component id="oc-3bd">
         <name>.text:_fcpy</name>
         <load_address>0x7b68</load_address>
         <run_address>0x7b68</run_address>
         <size>0x3e</size>
         <input_file_ref idref="fl-d4"/>
      </object_component>
      <object_component id="oc-4d7">
         <name>.text:minsert</name>
         <load_address>0x7ba8</load_address>
         <run_address>0x7ba8</run_address>
         <size>0x3c</size>
         <input_file_ref idref="fl-f9"/>
      </object_component>
      <object_component id="oc-532">
         <name>.text:__TI_writemsg</name>
         <load_address>0x7be4</load_address>
         <run_address>0x7be4</run_address>
         <size>0x38</size>
         <input_file_ref idref="fl-f6"/>
      </object_component>
      <object_component id="oc-51">
         <name>.text:_c_int00_noargs:_c_int00_noargs</name>
         <load_address>0x7c1c</load_address>
         <run_address>0x7c1c</run_address>
         <size>0x38</size>
         <input_file_ref idref="fl-ca"/>
      </object_component>
      <object_component id="oc-4cb">
         <name>.text:minit</name>
         <load_address>0x7c54</load_address>
         <run_address>0x7c54</run_address>
         <size>0x38</size>
         <input_file_ref idref="fl-f9"/>
      </object_component>
      <object_component id="oc-578">
         <name>.text:strncpy</name>
         <load_address>0x7c8c</load_address>
         <run_address>0x7c8c</run_address>
         <size>0x36</size>
         <input_file_ref idref="fl-101"/>
      </object_component>
      <object_component id="oc-4a3">
         <name>.text:__TI_cleanup</name>
         <load_address>0x7cc4</load_address>
         <run_address>0x7cc4</run_address>
         <size>0x34</size>
         <input_file_ref idref="fl-fa"/>
      </object_component>
      <object_component id="oc-538">
         <name>.text:__TI_readmsg</name>
         <load_address>0x7cf8</load_address>
         <run_address>0x7cf8</run_address>
         <size>0x34</size>
         <input_file_ref idref="fl-f6"/>
      </object_component>
      <object_component id="oc-57e">
         <name>.text:finddevice</name>
         <load_address>0x7d2c</load_address>
         <run_address>0x7d2c</run_address>
         <size>0x30</size>
         <input_file_ref idref="fl-fe"/>
      </object_component>
      <object_component id="oc-3a0">
         <name>.text</name>
         <load_address>0x7d5c</load_address>
         <run_address>0x7d5c</run_address>
         <size>0x2e</size>
         <input_file_ref idref="fl-e7"/>
      </object_component>
      <object_component id="oc-527">
         <name>.text:unlink</name>
         <load_address>0x7d8c</load_address>
         <run_address>0x7d8c</run_address>
         <size>0x2c</size>
         <input_file_ref idref="fl-102"/>
      </object_component>
      <object_component id="oc-48f">
         <name>.text:lseek</name>
         <load_address>0x7db8</load_address>
         <run_address>0x7db8</run_address>
         <size>0x28</size>
         <input_file_ref idref="fl-ed"/>
      </object_component>
      <object_component id="oc-4d1">
         <name>.text:mremove</name>
         <load_address>0x7de0</load_address>
         <run_address>0x7de0</run_address>
         <size>0x28</size>
         <input_file_ref idref="fl-f9"/>
      </object_component>
      <object_component id="oc-40e">
         <name>.text:write</name>
         <load_address>0x7e08</load_address>
         <run_address>0x7e08</run_address>
         <size>0x28</size>
         <input_file_ref idref="fl-de"/>
      </object_component>
      <object_component id="oc-402">
         <name>.text:memchr</name>
         <load_address>0x7e30</load_address>
         <run_address>0x7e30</run_address>
         <size>0x20</size>
         <input_file_ref idref="fl-db"/>
      </object_component>
      <object_component id="oc-2fd">
         <name>.text:memccpy</name>
         <load_address>0x7e50</load_address>
         <run_address>0x7e50</run_address>
         <size>0x1c</size>
         <input_file_ref idref="fl-da"/>
      </object_component>
      <object_component id="oc-275">
         <name>.text:_outs</name>
         <load_address>0x7e6c</load_address>
         <run_address>0x7e6c</run_address>
         <size>0x18</size>
         <input_file_ref idref="fl-cf"/>
      </object_component>
      <object_component id="oc-595">
         <name>.text:strcmp</name>
         <load_address>0x7e84</load_address>
         <run_address>0x7e84</run_address>
         <size>0x18</size>
         <input_file_ref idref="fl-100"/>
      </object_component>
      <object_component id="oc-3d1">
         <name>.text:strchr</name>
         <load_address>0x7e9c</load_address>
         <run_address>0x7e9c</run_address>
         <size>0x16</size>
         <input_file_ref idref="fl-dc"/>
      </object_component>
      <object_component id="oc-168">
         <name>.text:CS_setExternalClockSourceFrequency</name>
         <load_address>0x7eb4</load_address>
         <run_address>0x7eb4</run_address>
         <size>0x14</size>
         <input_file_ref idref="fl-d"/>
      </object_component>
      <object_component id="oc-447">
         <name>.text:copysign</name>
         <load_address>0x7ec8</load_address>
         <run_address>0x7ec8</run_address>
         <size>0x14</size>
         <input_file_ref idref="fl-f7"/>
      </object_component>
      <object_component id="oc-54c">
         <name>.text:strcpy</name>
         <load_address>0x7edc</load_address>
         <run_address>0x7edc</run_address>
         <size>0x14</size>
         <input_file_ref idref="fl-fc"/>
      </object_component>
      <object_component id="oc-2ce">
         <name>.text:strlen</name>
         <load_address>0x7ef0</load_address>
         <run_address>0x7ef0</run_address>
         <size>0x14</size>
         <input_file_ref idref="fl-dd"/>
      </object_component>
      <object_component id="oc-3f">
         <name>.text:decompress:ZI:__TI_zero_init_nomemset:__TI_zero_init_nomemset</name>
         <load_address>0x7f04</load_address>
         <run_address>0x7f04</run_address>
         <size>0x12</size>
         <input_file_ref idref="fl-c7"/>
      </object_component>
      <object_component id="oc-303">
         <name>.text:wcslen</name>
         <load_address>0x7f16</load_address>
         <run_address>0x7f16</run_address>
         <size>0x12</size>
         <input_file_ref idref="fl-df"/>
      </object_component>
      <object_component id="oc-34e">
         <name>.text:SysCtl_disableNMISource</name>
         <load_address>0x7f28</load_address>
         <run_address>0x7f28</run_address>
         <size>0x10</size>
         <input_file_ref idref="fl-f"/>
      </object_component>
      <object_component id="oc-35a">
         <name>.text:SysCtl_enableNMISource</name>
         <load_address>0x7f38</load_address>
         <run_address>0x7f38</run_address>
         <size>0x10</size>
         <input_file_ref idref="fl-f"/>
      </object_component>
      <object_component id="oc-16">
         <name>.text:decompress:none:__TI_decompress_none</name>
         <load_address>0x7f48</load_address>
         <run_address>0x7f48</run_address>
         <size>0xe</size>
         <input_file_ref idref="fl-c8"/>
      </object_component>
      <object_component id="oc-63">
         <name>.text</name>
         <load_address>0x7f56</load_address>
         <run_address>0x7f56</run_address>
         <size>0xe</size>
         <input_file_ref idref="fl-6"/>
      </object_component>
      <object_component id="oc-348">
         <name>.text:SysCtl_getNMISourceStatus</name>
         <load_address>0x7f64</load_address>
         <run_address>0x7f64</run_address>
         <size>0xc</size>
         <input_file_ref idref="fl-f"/>
      </object_component>
      <object_component id="oc-27b">
         <name>.text:_outc</name>
         <load_address>0x7f70</load_address>
         <run_address>0x7f70</run_address>
         <size>0xa</size>
         <input_file_ref idref="fl-cf"/>
      </object_component>
      <object_component id="oc-309">
         <name>.text:__aeabi_errno_addr</name>
         <load_address>0x7f7c</load_address>
         <run_address>0x7f7c</run_address>
         <size>0x8</size>
         <input_file_ref idref="fl-e9"/>
      </object_component>
      <object_component id="oc-16e">
         <name>.text:CS_startHFXT</name>
         <load_address>0x7f84</load_address>
         <run_address>0x7f84</run_address>
         <size>0x6</size>
         <input_file_ref idref="fl-d"/>
      </object_component>
      <object_component id="oc-268">
         <name>.text:_outc</name>
         <load_address>0x7f8a</load_address>
         <run_address>0x7f8a</run_address>
         <size>0x4</size>
         <input_file_ref idref="fl-ce"/>
      </object_component>
      <object_component id="oc-262">
         <name>.text:_outs</name>
         <load_address>0x7f8e</load_address>
         <run_address>0x7f8e</run_address>
         <size>0x4</size>
         <input_file_ref idref="fl-ce"/>
      </object_component>
      <object_component id="oc-93">
         <name>.text:_system_pre_init</name>
         <load_address>0x7f92</load_address>
         <run_address>0x7f92</run_address>
         <size>0x4</size>
         <input_file_ref idref="fl-d2"/>
      </object_component>
      <object_component id="oc-186">
         <name>.text:abort:abort</name>
         <load_address>0x7f96</load_address>
         <run_address>0x7f96</run_address>
         <size>0x4</size>
         <input_file_ref idref="fl-cb"/>
      </object_component>
      <object_component id="oc-1f2">
         <name>.const:.string:Font</name>
         <load_address>0x7f9a</load_address>
         <run_address>0x7f9a</run_address>
         <size>0x4fb</size>
         <input_file_ref idref="fl-4"/>
      </object_component>
      <object_component id="oc-1fd">
         <name>.const:.string:dBfs</name>
         <load_address>0x8495</load_address>
         <run_address>0x8495</run_address>
         <size>0x200</size>
         <input_file_ref idref="fl-4"/>
      </object_component>
      <object_component id="oc-37a">
         <name>.const:.string:_ctypes_</name>
         <load_address>0x8695</load_address>
         <run_address>0x8695</run_address>
         <size>0x101</size>
         <input_file_ref idref="fl-d6"/>
      </object_component>
      <object_component id="oc-1e0">
         <name>.const:.string:Bcmd</name>
         <load_address>0x8796</load_address>
         <run_address>0x8796</run_address>
         <size>0x67</size>
         <input_file_ref idref="fl-4"/>
      </object_component>
      <object_component id="oc-119">
         <name>.const:$P$T13$14</name>
         <load_address>0x87fd</load_address>
         <run_address>0x87fd</run_address>
         <size>0x46</size>
         <input_file_ref idref="fl-5"/>
      </object_component>
      <object_component id="oc-1e6">
         <name>.const:.string:Rcmd1</name>
         <load_address>0x8843</load_address>
         <run_address>0x8843</run_address>
         <size>0x3b</size>
         <input_file_ref idref="fl-4"/>
      </object_component>
      <object_component id="oc-1ef">
         <name>.const:.string:Rcmd3</name>
         <load_address>0x887e</load_address>
         <run_address>0x887e</run_address>
         <size>0x2b</size>
         <input_file_ref idref="fl-4"/>
      </object_component>
      <object_component id="oc-1e9">
         <name>.const:.string:Rcmd2green</name>
         <load_address>0x88a9</load_address>
         <run_address>0x88a9</run_address>
         <size>0xd</size>
         <input_file_ref idref="fl-4"/>
      </object_component>
      <object_component id="oc-1ec">
         <name>.const:.string:Rcmd2red</name>
         <load_address>0x88b6</load_address>
         <run_address>0x88b6</run_address>
         <size>0xd</size>
         <input_file_ref idref="fl-4"/>
      </object_component>
      <object_component id="oc-128">
         <name>.const:.string:$P$T18$19</name>
         <load_address>0x88c3</load_address>
         <run_address>0x88c3</run_address>
         <size>0xc</size>
         <input_file_ref idref="fl-5"/>
      </object_component>
      <object_component id="oc-13a">
         <name>.const:.string:$P$T24$25</name>
         <load_address>0x88cf</load_address>
         <run_address>0x88cf</run_address>
         <size>0xc</size>
         <input_file_ref idref="fl-5"/>
      </object_component>
      <object_component id="oc-155">
         <name>.const:.string:$P$T33$34</name>
         <load_address>0x88db</load_address>
         <run_address>0x88db</run_address>
         <size>0xc</size>
         <input_file_ref idref="fl-5"/>
      </object_component>
      <object_component id="oc-fd">
         <name>.const:.string:$P$T4$5</name>
         <load_address>0x88e7</load_address>
         <run_address>0x88e7</run_address>
         <size>0xc</size>
         <input_file_ref idref="fl-5"/>
      </object_component>
      <object_component id="oc-109">
         <name>.const:.string:$P$T8$9</name>
         <load_address>0x88f3</load_address>
         <run_address>0x88f3</run_address>
         <size>0xc</size>
         <input_file_ref idref="fl-5"/>
      </object_component>
      <object_component id="oc-113">
         <name>.const:.string:$P$T11$12</name>
         <load_address>0x88ff</load_address>
         <run_address>0x88ff</run_address>
         <size>0x9</size>
         <input_file_ref idref="fl-5"/>
      </object_component>
      <object_component id="oc-11c">
         <name>.const:.string:$P$T14$15</name>
         <load_address>0x8908</load_address>
         <run_address>0x8908</run_address>
         <size>0x9</size>
         <input_file_ref idref="fl-5"/>
      </object_component>
      <object_component id="oc-11f">
         <name>.const:.string:$P$T15$16</name>
         <load_address>0x8911</load_address>
         <run_address>0x8911</run_address>
         <size>0x9</size>
         <input_file_ref idref="fl-5"/>
      </object_component>
      <object_component id="oc-122">
         <name>.const:.string:$P$T16$17</name>
         <load_address>0x891a</load_address>
         <run_address>0x891a</run_address>
         <size>0x9</size>
         <input_file_ref idref="fl-5"/>
      </object_component>
      <object_component id="oc-125">
         <name>.const:.string:$P$T17$18</name>
         <load_address>0x8923</load_address>
         <run_address>0x8923</run_address>
         <size>0x9</size>
         <input_file_ref idref="fl-5"/>
      </object_component>
      <object_component id="oc-12b">
         <name>.const:.string:$P$T19$20</name>
         <load_address>0x892c</load_address>
         <run_address>0x892c</run_address>
         <size>0x9</size>
         <input_file_ref idref="fl-5"/>
      </object_component>
      <object_component id="oc-131">
         <name>.const:.string:$P$T21$22</name>
         <load_address>0x8935</load_address>
         <run_address>0x8935</run_address>
         <size>0x9</size>
         <input_file_ref idref="fl-5"/>
      </object_component>
      <object_component id="oc-134">
         <name>.const:.string:$P$T22$23</name>
         <load_address>0x893e</load_address>
         <run_address>0x893e</run_address>
         <size>0x9</size>
         <input_file_ref idref="fl-5"/>
      </object_component>
      <object_component id="oc-137">
         <name>.const:.string:$P$T23$24</name>
         <load_address>0x8947</load_address>
         <run_address>0x8947</run_address>
         <size>0x9</size>
         <input_file_ref idref="fl-5"/>
      </object_component>
      <object_component id="oc-13d">
         <name>.const:.string:$P$T25$26</name>
         <load_address>0x8950</load_address>
         <run_address>0x8950</run_address>
         <size>0x9</size>
         <input_file_ref idref="fl-5"/>
      </object_component>
      <object_component id="oc-100">
         <name>.const:.string:$P$T5$6</name>
         <load_address>0x8959</load_address>
         <run_address>0x8959</run_address>
         <size>0x9</size>
         <input_file_ref idref="fl-5"/>
      </object_component>
      <object_component id="oc-103">
         <name>.const:.string:$P$T6$7</name>
         <load_address>0x8962</load_address>
         <run_address>0x8962</run_address>
         <size>0x9</size>
         <input_file_ref idref="fl-5"/>
      </object_component>
      <object_component id="oc-106">
         <name>.const:.string:$P$T7$8</name>
         <load_address>0x896b</load_address>
         <run_address>0x896b</run_address>
         <size>0x9</size>
         <input_file_ref idref="fl-5"/>
      </object_component>
      <object_component id="oc-10c">
         <name>.const:.string:$P$T9$10</name>
         <load_address>0x8974</load_address>
         <run_address>0x8974</run_address>
         <size>0x9</size>
         <input_file_ref idref="fl-5"/>
      </object_component>
      <object_component id="oc-143">
         <name>.const:.string:$P$T27$28</name>
         <load_address>0x897d</load_address>
         <run_address>0x897d</run_address>
         <size>0x8</size>
         <input_file_ref idref="fl-5"/>
      </object_component>
      <object_component id="oc-fa">
         <name>.const:.string:$P$T3$4</name>
         <load_address>0x8985</load_address>
         <run_address>0x8985</run_address>
         <size>0x8</size>
         <input_file_ref idref="fl-5"/>
      </object_component>
      <object_component id="oc-152">
         <name>.const:.string:$P$T32$33</name>
         <load_address>0x898d</load_address>
         <run_address>0x898d</run_address>
         <size>0x8</size>
         <input_file_ref idref="fl-5"/>
      </object_component>
      <object_component id="oc-f4">
         <name>.const:.string:$P$T1$2</name>
         <load_address>0x8995</load_address>
         <run_address>0x8995</run_address>
         <size>0x7</size>
         <input_file_ref idref="fl-5"/>
      </object_component>
      <object_component id="oc-14c">
         <name>.const:.string:$P$T30$31</name>
         <load_address>0x899c</load_address>
         <run_address>0x899c</run_address>
         <size>0x7</size>
         <input_file_ref idref="fl-5"/>
      </object_component>
      <object_component id="oc-116">
         <name>.const:$P$T12$13</name>
         <load_address>0x89a3</load_address>
         <run_address>0x89a3</run_address>
         <size>0x6</size>
         <input_file_ref idref="fl-5"/>
      </object_component>
      <object_component id="oc-146">
         <name>.const:.string:$P$T28$29</name>
         <load_address>0x89a9</load_address>
         <run_address>0x89a9</run_address>
         <size>0x6</size>
         <input_file_ref idref="fl-5"/>
      </object_component>
      <object_component id="oc-f1">
         <name>.const:.string:$P$T0$1</name>
         <load_address>0x89af</load_address>
         <run_address>0x89af</run_address>
         <size>0x5</size>
         <input_file_ref idref="fl-5"/>
      </object_component>
      <object_component id="oc-10f">
         <name>.const:.string:$P$T10$11</name>
         <load_address>0x89b4</load_address>
         <run_address>0x89b4</run_address>
         <size>0x5</size>
         <input_file_ref idref="fl-5"/>
      </object_component>
      <object_component id="oc-f7">
         <name>.const:.string:$P$T2$3</name>
         <load_address>0x89b9</load_address>
         <run_address>0x89b9</run_address>
         <size>0x5</size>
         <input_file_ref idref="fl-5"/>
      </object_component>
      <object_component id="oc-12e">
         <name>.const:.string:$P$T20$21</name>
         <load_address>0x89be</load_address>
         <run_address>0x89be</run_address>
         <size>0x5</size>
         <input_file_ref idref="fl-5"/>
      </object_component>
      <object_component id="oc-140">
         <name>.const:.string:$P$T26$27</name>
         <load_address>0x89c3</load_address>
         <run_address>0x89c3</run_address>
         <size>0x5</size>
         <input_file_ref idref="fl-5"/>
      </object_component>
      <object_component id="oc-149">
         <name>.const:.string:$P$T29$30</name>
         <load_address>0x89c8</load_address>
         <run_address>0x89c8</run_address>
         <size>0x5</size>
         <input_file_ref idref="fl-5"/>
      </object_component>
      <object_component id="oc-14f">
         <name>.const:.string:$P$T31$32</name>
         <load_address>0x89cd</load_address>
         <run_address>0x89cd</run_address>
         <size>0x5</size>
         <input_file_ref idref="fl-5"/>
      </object_component>
      <object_component id="oc-5ce">
         <name>.cinit..data.load</name>
         <load_address>0x89d8</load_address>
         <run_address>0x89d8</run_address>
         <size>0x86</size>
      </object_component>
      <object_component id="oc-5cc">
         <name>__TI_handler_table</name>
         <load_address>0x8a60</load_address>
         <run_address>0x8a60</run_address>
         <size>0xc</size>
      </object_component>
      <object_component id="oc-5cf">
         <name>.cinit..bss.load</name>
         <load_address>0x8a70</load_address>
         <run_address>0x8a70</run_address>
         <size>0x8</size>
      </object_component>
      <object_component id="oc-5cd">
         <name>__TI_cinit_table</name>
         <load_address>0x8a78</load_address>
         <run_address>0x8a78</run_address>
         <size>0x10</size>
      </object_component>
      <object_component id="oc-e9">
         <name>.data:timeDateToSet</name>
         <load_address>0x20000c94</load_address>
         <run_address>0x20000c94</run_address>
         <size>0xf</size>
         <input_file_ref idref="fl-2"/>
      </object_component>
      <object_component id="oc-158">
         <name>.data:timeDateReadback</name>
         <load_address>0x20000cc4</load_address>
         <run_address>0x20000cc4</run_address>
         <size>0x7</size>
         <input_file_ref idref="fl-2"/>
      </object_component>
      <object_component id="oc-b2">
         <name>.data</name>
         <load_address>0x20000c58</load_address>
         <run_address>0x20000c58</run_address>
         <size>0x15</size>
         <input_file_ref idref="fl-3"/>
      </object_component>
      <object_component id="oc-1e3">
         <name>.data</name>
         <load_address>0x20000c70</load_address>
         <run_address>0x20000c70</run_address>
         <size>0x14</size>
         <input_file_ref idref="fl-4"/>
      </object_component>
      <object_component id="oc-1c4">
         <name>.data</name>
         <load_address>0x20000cd0</load_address>
         <run_address>0x20000cd0</run_address>
         <size>0x4</size>
         <input_file_ref idref="fl-7"/>
      </object_component>
      <object_component id="oc-295">
         <name>.data:$O1$$</name>
         <load_address>0x20000ca4</load_address>
         <run_address>0x20000ca4</run_address>
         <size>0xc</size>
         <input_file_ref idref="fl-cb"/>
      </object_component>
      <object_component id="oc-25c">
         <name>.data:$O1$$</name>
         <load_address>0x20000cbc</load_address>
         <run_address>0x20000cbc</run_address>
         <size>0x8</size>
         <input_file_ref idref="fl-cc"/>
      </object_component>
      <object_component id="oc-25f">
         <name>.data:_ftable</name>
         <load_address>0x20000aa0</load_address>
         <run_address>0x20000aa0</run_address>
         <size>0xf0</size>
         <input_file_ref idref="fl-d7"/>
      </object_component>
      <object_component id="oc-4e8">
         <name>.data</name>
         <load_address>0x20000c84</load_address>
         <run_address>0x20000c84</run_address>
         <size>0x10</size>
         <input_file_ref idref="fl-d7"/>
      </object_component>
      <object_component id="oc-4b6">
         <name>.data:_device</name>
         <load_address>0x20000b90</load_address>
         <run_address>0x20000b90</run_address>
         <size>0x78</size>
         <input_file_ref idref="fl-de"/>
      </object_component>
      <object_component id="oc-475">
         <name>.data:_stream</name>
         <load_address>0x20000c08</load_address>
         <run_address>0x20000c08</run_address>
         <size>0x50</size>
         <input_file_ref idref="fl-de"/>
      </object_component>
      <object_component id="oc-3e1">
         <name>.data</name>
         <load_address>0x20000ccc</load_address>
         <run_address>0x20000ccc</run_address>
         <size>0x4</size>
         <input_file_ref idref="fl-e9"/>
      </object_component>
      <object_component id="oc-4dd">
         <name>.data:$O1$$</name>
         <load_address>0x20000cb0</load_address>
         <run_address>0x20000cb0</run_address>
         <size>0xc</size>
         <input_file_ref idref="fl-f9"/>
      </object_component>
      <object_component id="oc-1dd">
         <name>.bss</name>
         <uninitialized>true</uninitialized>
         <run_address>0x20000a6e</run_address>
         <size>0x4</size>
         <input_file_ref idref="fl-4"/>
      </object_component>
      <object_component id="oc-560">
         <name>.bss:_CIOBUF_</name>
         <uninitialized>true</uninitialized>
         <run_address>0x20000800</run_address>
         <size>0x120</size>
         <input_file_ref idref="fl-f6"/>
      </object_component>
      <object_component id="oc-b8">
         <name>.common:current</name>
         <uninitialized>true</uninitialized>
         <run_address>0x20000a72</run_address>
         <size>0x1</size>
      </object_component>
      <object_component id="oc-b5">
         <name>.common:last</name>
         <uninitialized>true</uninitialized>
         <run_address>0x20000a73</run_address>
         <size>0x1</size>
      </object_component>
      <object_component id="oc-1f5">
         <name>.common:Message</name>
         <uninitialized>true</uninitialized>
         <run_address>0x20000a50</run_address>
         <size>0xc</size>
      </object_component>
      <object_component id="oc-1f8">
         <name>.common:Messageindex</name>
         <uninitialized>true</uninitialized>
         <run_address>0x20000a74</run_address>
         <size>0x4</size>
      </object_component>
      <object_component id="oc-1f9">
         <name>.common:Ymax</name>
         <uninitialized>true</uninitialized>
         <run_address>0x20000a7c</run_address>
         <size>0x4</size>
      </object_component>
      <object_component id="oc-1fa">
         <name>.common:Ymin</name>
         <uninitialized>true</uninitialized>
         <run_address>0x20000a80</run_address>
         <size>0x4</size>
      </object_component>
      <object_component id="oc-1fc">
         <name>.common:X</name>
         <uninitialized>true</uninitialized>
         <run_address>0x20000a78</run_address>
         <size>0x4</size>
      </object_component>
      <object_component id="oc-1fb">
         <name>.common:Yrange</name>
         <uninitialized>true</uninitialized>
         <run_address>0x20000a84</run_address>
         <size>0x4</size>
      </object_component>
      <object_component id="oc-ec">
         <name>.common:bgColor</name>
         <uninitialized>true</uninitialized>
         <run_address>0x20000a8c</run_address>
         <size>0x4</size>
      </object_component>
      <object_component id="oc-ef">
         <name>.common:hlColor</name>
         <uninitialized>true</uninitialized>
         <run_address>0x20000a94</run_address>
         <size>0x4</size>
      </object_component>
      <object_component id="oc-f0">
         <name>.common:txtColor</name>
         <uninitialized>true</uninitialized>
         <run_address>0x20000a9c</run_address>
         <size>0x4</size>
      </object_component>
      <object_component id="oc-112">
         <name>.common:time</name>
         <uninitialized>true</uninitialized>
         <run_address>0x20000a5c</run_address>
         <size>0xa</size>
      </object_component>
      <object_component id="oc-15b">
         <name>.common:alarm</name>
         <uninitialized>true</uninitialized>
         <run_address>0x20000a1c</run_address>
         <size>0x34</size>
      </object_component>
      <object_component id="oc-175">
         <name>.common:read_back_data</name>
         <uninitialized>true</uninitialized>
         <run_address>0x200009c0</run_address>
         <size>0x5c</size>
      </object_component>
      <object_component id="oc-174">
         <name>.common:addr_pointer</name>
         <uninitialized>true</uninitialized>
         <run_address>0x20000a88</run_address>
         <size>0x4</size>
      </object_component>
      <object_component id="oc-286">
         <name>.common:hfxtFreq</name>
         <uninitialized>true</uninitialized>
         <run_address>0x20000a90</run_address>
         <size>0x4</size>
      </object_component>
      <object_component id="oc-283">
         <name>.common:lfxtFreq</name>
         <uninitialized>true</uninitialized>
         <run_address>0x20000a98</run_address>
         <size>0x4</size>
      </object_component>
      <object_component id="oc-52d">
         <name>.common:__TI_tmpnams</name>
         <uninitialized>true</uninitialized>
         <run_address>0x20000920</run_address>
         <size>0xa0</size>
      </object_component>
      <object_component id="oc-53e">
         <name>.common:parmbuf</name>
         <uninitialized>true</uninitialized>
         <run_address>0x20000a66</run_address>
         <size>0x8</size>
      </object_component>
      <object_component id="oc-25">
         <name>.sysmem</name>
         <uninitialized>true</uninitialized>
         <run_address>0x20000000</run_address>
         <size>0x8</size>
         <input_file_ref idref="fl-f9"/>
      </object_component>
      <object_component id="oc-5d1">
         <name>.sysmem</name>
         <uninitialized>true</uninitialized>
         <run_address>0x20000000</run_address>
         <size>0x0</size>
      </object_component>
      <object_component id="oc-22">
         <name>.stack</name>
         <uninitialized>true</uninitialized>
         <run_address>0x2000fe00</run_address>
         <size>0x4</size>
         <input_file_ref idref="fl-ca"/>
      </object_component>
      <object_component id="oc-5d0">
         <name>.stack</name>
         <uninitialized>true</uninitialized>
         <run_address>0x2000fe00</run_address>
         <size>0x0</size>
      </object_component>
      <object_component id="oc-1db">
         <name>.debug_info</name>
         <load_address>0x0</load_address>
         <run_address>0x0</run_address>
         <size>0x585</size>
         <input_file_ref idref="fl-2"/>
      </object_component>
      <object_component id="oc-ea">
         <name>.debug_info</name>
         <load_address>0x585</load_address>
         <run_address>0x585</run_address>
         <size>0xdf</size>
         <input_file_ref idref="fl-2"/>
      </object_component>
      <object_component id="oc-159">
         <name>.debug_info</name>
         <load_address>0x664</load_address>
         <run_address>0x664</run_address>
         <size>0xe5</size>
         <input_file_ref idref="fl-2"/>
      </object_component>
      <object_component id="oc-e4">
         <name>.debug_info</name>
         <load_address>0x749</load_address>
         <run_address>0x749</run_address>
         <size>0x337</size>
         <input_file_ref idref="fl-2"/>
      </object_component>
      <object_component id="oc-1cc">
         <name>.debug_info</name>
         <load_address>0xa80</load_address>
         <run_address>0xa80</run_address>
         <size>0x37e2</size>
         <input_file_ref idref="fl-2"/>
      </object_component>
      <object_component id="oc-bc">
         <name>.debug_info</name>
         <load_address>0x4262</load_address>
         <run_address>0x4262</run_address>
         <size>0x26b</size>
         <input_file_ref idref="fl-2"/>
      </object_component>
      <object_component id="oc-1d1">
         <name>.debug_info</name>
         <load_address>0x44cd</load_address>
         <run_address>0x44cd</run_address>
         <size>0x1055</size>
         <input_file_ref idref="fl-2"/>
      </object_component>
      <object_component id="oc-2e">
         <name>.debug_info</name>
         <load_address>0x5522</load_address>
         <run_address>0x5522</run_address>
         <size>0x84</size>
         <input_file_ref idref="fl-2"/>
      </object_component>
      <object_component id="oc-1d6">
         <name>.debug_info</name>
         <load_address>0x55a6</load_address>
         <run_address>0x55a6</run_address>
         <size>0x297</size>
         <input_file_ref idref="fl-2"/>
      </object_component>
      <object_component id="oc-17c">
         <name>.debug_info</name>
         <load_address>0x583d</load_address>
         <run_address>0x583d</run_address>
         <size>0xbb</size>
         <input_file_ref idref="fl-2"/>
      </object_component>
      <object_component id="oc-2c7">
         <name>.debug_info</name>
         <load_address>0x58f8</load_address>
         <run_address>0x58f8</run_address>
         <size>0xcc</size>
         <input_file_ref idref="fl-2"/>
      </object_component>
      <object_component id="oc-270">
         <name>.debug_info</name>
         <load_address>0x59c4</load_address>
         <run_address>0x59c4</run_address>
         <size>0x2c</size>
         <input_file_ref idref="fl-2"/>
      </object_component>
      <object_component id="oc-b6">
         <name>.debug_info</name>
         <load_address>0x59f0</load_address>
         <run_address>0x59f0</run_address>
         <size>0x58b</size>
         <input_file_ref idref="fl-3"/>
      </object_component>
      <object_component id="oc-b3">
         <name>.debug_info</name>
         <load_address>0x5f7b</load_address>
         <run_address>0x5f7b</run_address>
         <size>0x1b4</size>
         <input_file_ref idref="fl-3"/>
      </object_component>
      <object_component id="oc-6a">
         <name>.debug_info</name>
         <load_address>0x612f</load_address>
         <run_address>0x612f</run_address>
         <size>0x2e5</size>
         <input_file_ref idref="fl-3"/>
      </object_component>
      <object_component id="oc-1f6">
         <name>.debug_info</name>
         <load_address>0x6414</load_address>
         <run_address>0x6414</run_address>
         <size>0x66d</size>
         <input_file_ref idref="fl-4"/>
      </object_component>
      <object_component id="oc-1e4">
         <name>.debug_info</name>
         <load_address>0x6a81</load_address>
         <run_address>0x6a81</run_address>
         <size>0x164</size>
         <input_file_ref idref="fl-4"/>
      </object_component>
      <object_component id="oc-1f3">
         <name>.debug_info</name>
         <load_address>0x6be5</load_address>
         <run_address>0x6be5</run_address>
         <size>0xcf</size>
         <input_file_ref idref="fl-4"/>
      </object_component>
      <object_component id="oc-1de">
         <name>.debug_info</name>
         <load_address>0x6cb4</load_address>
         <run_address>0x6cb4</run_address>
         <size>0x13b</size>
         <input_file_ref idref="fl-4"/>
      </object_component>
      <object_component id="oc-1e1">
         <name>.debug_info</name>
         <load_address>0x6def</load_address>
         <run_address>0x6def</run_address>
         <size>0xd0</size>
         <input_file_ref idref="fl-4"/>
      </object_component>
      <object_component id="oc-1e7">
         <name>.debug_info</name>
         <load_address>0x6ebf</load_address>
         <run_address>0x6ebf</run_address>
         <size>0xd2</size>
         <input_file_ref idref="fl-4"/>
      </object_component>
      <object_component id="oc-1ea">
         <name>.debug_info</name>
         <load_address>0x6f91</load_address>
         <run_address>0x6f91</run_address>
         <size>0xdc</size>
         <input_file_ref idref="fl-4"/>
      </object_component>
      <object_component id="oc-1ed">
         <name>.debug_info</name>
         <load_address>0x706d</load_address>
         <run_address>0x706d</run_address>
         <size>0xd8</size>
         <input_file_ref idref="fl-4"/>
      </object_component>
      <object_component id="oc-1f0">
         <name>.debug_info</name>
         <load_address>0x7145</load_address>
         <run_address>0x7145</run_address>
         <size>0xd2</size>
         <input_file_ref idref="fl-4"/>
      </object_component>
      <object_component id="oc-1fe">
         <name>.debug_info</name>
         <load_address>0x7217</load_address>
         <run_address>0x7217</run_address>
         <size>0xd1</size>
         <input_file_ref idref="fl-4"/>
      </object_component>
      <object_component id="oc-e0">
         <name>.debug_info</name>
         <load_address>0x72e8</load_address>
         <run_address>0x72e8</run_address>
         <size>0x217a</size>
         <input_file_ref idref="fl-4"/>
      </object_component>
      <object_component id="oc-201">
         <name>.debug_info</name>
         <load_address>0x9462</load_address>
         <run_address>0x9462</run_address>
         <size>0x51</size>
         <input_file_ref idref="fl-4"/>
      </object_component>
      <object_component id="oc-ed">
         <name>.debug_info</name>
         <load_address>0x94b3</load_address>
         <run_address>0x94b3</run_address>
         <size>0xbd5</size>
         <input_file_ref idref="fl-5"/>
      </object_component>
      <object_component id="oc-f2">
         <name>.debug_info</name>
         <load_address>0xa088</load_address>
         <run_address>0xa088</run_address>
         <size>0xd4</size>
         <input_file_ref idref="fl-5"/>
      </object_component>
      <object_component id="oc-f5">
         <name>.debug_info</name>
         <load_address>0xa15c</load_address>
         <run_address>0xa15c</run_address>
         <size>0xd4</size>
         <input_file_ref idref="fl-5"/>
      </object_component>
      <object_component id="oc-f8">
         <name>.debug_info</name>
         <load_address>0xa230</load_address>
         <run_address>0xa230</run_address>
         <size>0xd4</size>
         <input_file_ref idref="fl-5"/>
      </object_component>
      <object_component id="oc-fb">
         <name>.debug_info</name>
         <load_address>0xa304</load_address>
         <run_address>0xa304</run_address>
         <size>0xd4</size>
         <input_file_ref idref="fl-5"/>
      </object_component>
      <object_component id="oc-fe">
         <name>.debug_info</name>
         <load_address>0xa3d8</load_address>
         <run_address>0xa3d8</run_address>
         <size>0xd4</size>
         <input_file_ref idref="fl-5"/>
      </object_component>
      <object_component id="oc-101">
         <name>.debug_info</name>
         <load_address>0xa4ac</load_address>
         <run_address>0xa4ac</run_address>
         <size>0xd4</size>
         <input_file_ref idref="fl-5"/>
      </object_component>
      <object_component id="oc-104">
         <name>.debug_info</name>
         <load_address>0xa580</load_address>
         <run_address>0xa580</run_address>
         <size>0xd4</size>
         <input_file_ref idref="fl-5"/>
      </object_component>
      <object_component id="oc-107">
         <name>.debug_info</name>
         <load_address>0xa654</load_address>
         <run_address>0xa654</run_address>
         <size>0xd4</size>
         <input_file_ref idref="fl-5"/>
      </object_component>
      <object_component id="oc-10a">
         <name>.debug_info</name>
         <load_address>0xa728</load_address>
         <run_address>0xa728</run_address>
         <size>0xd4</size>
         <input_file_ref idref="fl-5"/>
      </object_component>
      <object_component id="oc-10d">
         <name>.debug_info</name>
         <load_address>0xa7fc</load_address>
         <run_address>0xa7fc</run_address>
         <size>0xd6</size>
         <input_file_ref idref="fl-5"/>
      </object_component>
      <object_component id="oc-110">
         <name>.debug_info</name>
         <load_address>0xa8d2</load_address>
         <run_address>0xa8d2</run_address>
         <size>0xd8</size>
         <input_file_ref idref="fl-5"/>
      </object_component>
      <object_component id="oc-114">
         <name>.debug_info</name>
         <load_address>0xa9aa</load_address>
         <run_address>0xa9aa</run_address>
         <size>0xd8</size>
         <input_file_ref idref="fl-5"/>
      </object_component>
      <object_component id="oc-117">
         <name>.debug_info</name>
         <load_address>0xaa82</load_address>
         <run_address>0xaa82</run_address>
         <size>0xd8</size>
         <input_file_ref idref="fl-5"/>
      </object_component>
      <object_component id="oc-11a">
         <name>.debug_info</name>
         <load_address>0xab5a</load_address>
         <run_address>0xab5a</run_address>
         <size>0xd8</size>
         <input_file_ref idref="fl-5"/>
      </object_component>
      <object_component id="oc-11d">
         <name>.debug_info</name>
         <load_address>0xac32</load_address>
         <run_address>0xac32</run_address>
         <size>0xd8</size>
         <input_file_ref idref="fl-5"/>
      </object_component>
      <object_component id="oc-120">
         <name>.debug_info</name>
         <load_address>0xad0a</load_address>
         <run_address>0xad0a</run_address>
         <size>0xd8</size>
         <input_file_ref idref="fl-5"/>
      </object_component>
      <object_component id="oc-123">
         <name>.debug_info</name>
         <load_address>0xade2</load_address>
         <run_address>0xade2</run_address>
         <size>0xd8</size>
         <input_file_ref idref="fl-5"/>
      </object_component>
      <object_component id="oc-126">
         <name>.debug_info</name>
         <load_address>0xaeba</load_address>
         <run_address>0xaeba</run_address>
         <size>0xd8</size>
         <input_file_ref idref="fl-5"/>
      </object_component>
      <object_component id="oc-129">
         <name>.debug_info</name>
         <load_address>0xaf92</load_address>
         <run_address>0xaf92</run_address>
         <size>0xd8</size>
         <input_file_ref idref="fl-5"/>
      </object_component>
      <object_component id="oc-12c">
         <name>.debug_info</name>
         <load_address>0xb06a</load_address>
         <run_address>0xb06a</run_address>
         <size>0xd8</size>
         <input_file_ref idref="fl-5"/>
      </object_component>
      <object_component id="oc-12f">
         <name>.debug_info</name>
         <load_address>0xb142</load_address>
         <run_address>0xb142</run_address>
         <size>0xd8</size>
         <input_file_ref idref="fl-5"/>
      </object_component>
      <object_component id="oc-132">
         <name>.debug_info</name>
         <load_address>0xb21a</load_address>
         <run_address>0xb21a</run_address>
         <size>0xd8</size>
         <input_file_ref idref="fl-5"/>
      </object_component>
      <object_component id="oc-135">
         <name>.debug_info</name>
         <load_address>0xb2f2</load_address>
         <run_address>0xb2f2</run_address>
         <size>0xd8</size>
         <input_file_ref idref="fl-5"/>
      </object_component>
      <object_component id="oc-138">
         <name>.debug_info</name>
         <load_address>0xb3ca</load_address>
         <run_address>0xb3ca</run_address>
         <size>0xd8</size>
         <input_file_ref idref="fl-5"/>
      </object_component>
      <object_component id="oc-13b">
         <name>.debug_info</name>
         <load_address>0xb4a2</load_address>
         <run_address>0xb4a2</run_address>
         <size>0xd8</size>
         <input_file_ref idref="fl-5"/>
      </object_component>
      <object_component id="oc-13e">
         <name>.debug_info</name>
         <load_address>0xb57a</load_address>
         <run_address>0xb57a</run_address>
         <size>0xd8</size>
         <input_file_ref idref="fl-5"/>
      </object_component>
      <object_component id="oc-141">
         <name>.debug_info</name>
         <load_address>0xb652</load_address>
         <run_address>0xb652</run_address>
         <size>0xd8</size>
         <input_file_ref idref="fl-5"/>
      </object_component>
      <object_component id="oc-144">
         <name>.debug_info</name>
         <load_address>0xb72a</load_address>
         <run_address>0xb72a</run_address>
         <size>0xd8</size>
         <input_file_ref idref="fl-5"/>
      </object_component>
      <object_component id="oc-147">
         <name>.debug_info</name>
         <load_address>0xb802</load_address>
         <run_address>0xb802</run_address>
         <size>0xd8</size>
         <input_file_ref idref="fl-5"/>
      </object_component>
      <object_component id="oc-14a">
         <name>.debug_info</name>
         <load_address>0xb8da</load_address>
         <run_address>0xb8da</run_address>
         <size>0xd8</size>
         <input_file_ref idref="fl-5"/>
      </object_component>
      <object_component id="oc-14d">
         <name>.debug_info</name>
         <load_address>0xb9b2</load_address>
         <run_address>0xb9b2</run_address>
         <size>0xd8</size>
         <input_file_ref idref="fl-5"/>
      </object_component>
      <object_component id="oc-150">
         <name>.debug_info</name>
         <load_address>0xba8a</load_address>
         <run_address>0xba8a</run_address>
         <size>0xd8</size>
         <input_file_ref idref="fl-5"/>
      </object_component>
      <object_component id="oc-153">
         <name>.debug_info</name>
         <load_address>0xbb62</load_address>
         <run_address>0xbb62</run_address>
         <size>0xd8</size>
         <input_file_ref idref="fl-5"/>
      </object_component>
      <object_component id="oc-156">
         <name>.debug_info</name>
         <load_address>0xbc3a</load_address>
         <run_address>0xbc3a</run_address>
         <size>0xd8</size>
         <input_file_ref idref="fl-5"/>
      </object_component>
      <object_component id="oc-9b">
         <name>.debug_info</name>
         <load_address>0xbd12</load_address>
[...]
         <value>0x7989</value>
         <object_component_ref idref="oc-18c"/>
      </symbol>
      <symbol id="sm-80a">
         <name>_nop</name>
         <value>0x585f</value>
         <object_component_ref idref="oc-31b"/>
      </symbol>
      <symbol id="sm-80b">
         <name>_lock</name>
         <value>0x20000cbc</value>
         <object_component_ref idref="oc-25c"/>
      </symbol>
      <symbol id="sm-80c">
         <name>_unlock</name>
         <value>0x20000cc0</value>
         <object_component_ref idref="oc-25c"/>
      </symbol>
      <symbol id="sm-839">
         <name>printf</name>
         <value>0x74f5</value>
         <object_component_ref idref="oc-15c"/>
      </symbol>
      <symbol id="sm-860">
         <name>sprintf</name>
         <value>0x7b29</value>
         <object_component_ref idref="oc-162"/>
      </symbol>
      <symbol id="sm-86f">
         <name>__aeabi_memset</name>
         <value>0x7179</value>
         <object_component_ref idref="oc-8d"/>
      </symbol>
      <symbol id="sm-870">
         <name>memset</name>
         <value>0x717f</value>
         <object_component_ref idref="oc-8d"/>
      </symbol>
      <symbol id="sm-871">
         <name>__aeabi_memset8</name>
         <value>0x7179</value>
         <object_component_ref idref="oc-8d"/>
      </symbol>
      <symbol id="sm-872">
         <name>__aeabi_memset4</name>
         <value>0x7179</value>
         <object_component_ref idref="oc-8d"/>
      </symbol>
      <symbol id="sm-873">
         <name>__aeabi_memclr8</name>
         <value>0x7177</value>
         <object_component_ref idref="oc-8d"/>
      </symbol>
      <symbol id="sm-874">
         <name>__aeabi_memclr4</name>
         <value>0x7177</value>
         <object_component_ref idref="oc-8d"/>
      </symbol>
      <symbol id="sm-875">
         <name>__aeabi_memclr</name>
         <value>0x7177</value>
         <object_component_ref idref="oc-8d"/>
      </symbol>
      <symbol id="sm-89d">
         <name>__TI_auto_init_nobinit_nopinit</name>
         <value>0x7aa1</value>
         <object_component_ref idref="oc-192"/>
      </symbol>
      <symbol id="sm-8a7">
         <name>_system_pre_init</name>
         <value>0x7f93</value>
         <object_component_ref idref="oc-93"/>
      </symbol>
      <symbol id="sm-a0d">
         <name>__TI_printfi</name>
         <value>0x4e01</value>
         <object_component_ref idref="oc-256"/>
      </symbol>
      <symbol id="sm-a23">
         <name>atoi</name>
         <value>0x793d</value>
         <object_component_ref idref="oc-2d4"/>
      </symbol>
      <symbol id="sm-a2e">
         <name>_ctypes_</name>
         <value>0x8695</value>
         <object_component_ref idref="oc-37a"/>
      </symbol>
      <symbol id="sm-a43">
         <name>__TI_tmpnams</name>
         <value>0x20000920</value>
      </symbol>
      <symbol id="sm-a44">
         <name>__aeabi_stdout</name>
         <value>0x20000c8c</value>
         <object_component_ref idref="oc-4e8"/>
      </symbol>
      <symbol id="sm-a45">
         <name>__aeabi_stderr</name>
         <value>0x20000c90</value>
         <object_component_ref idref="oc-4e8"/>
      </symbol>
      <symbol id="sm-a46">
         <name>__aeabi_stdin</name>
         <value>0x20000c88</value>
         <object_component_ref idref="oc-4e8"/>
      </symbol>
      <symbol id="sm-a47">
         <name>_ftable</name>
         <value>0x20000aa0</value>
         <object_component_ref idref="oc-25f"/>
      </symbol>
      <symbol id="sm-a48">
         <name>__TI_ft_end</name>
         <value>0x20000c84</value>
         <object_component_ref idref="oc-4e8"/>
      </symbol>
      <symbol id="sm-a66">
         <name>fputs</name>
         <value>0x6915</value>
         <object_component_ref idref="oc-329"/>
      </symbol>
      <symbol id="sm-a75">
         <name>ltoa</name>
         <value>0x784b</value>
         <object_component_ref idref="oc-39a"/>
      </symbol>
      <symbol id="sm-a85">
         <name>memccpy</name>
         <value>0x7e51</value>
         <object_component_ref idref="oc-2fd"/>
      </symbol>
      <symbol id="sm-a95">
         <name>memchr</name>
         <value>0x7e31</value>
         <object_component_ref idref="oc-402"/>
      </symbol>
      <symbol id="sm-aa5">
         <name>strchr</name>
         <value>0x7e9d</value>
         <object_component_ref idref="oc-3d1"/>
      </symbol>
      <symbol id="sm-ab3">
         <name>strlen</name>
         <value>0x7ef1</value>
         <object_component_ref idref="oc-2ce"/>
      </symbol>
      <symbol id="sm-ad9">
         <name>_stream</name>
         <value>0x20000c08</value>
         <object_component_ref idref="oc-475"/>
      </symbol>
      <symbol id="sm-ada">
         <name>_device</name>
         <value>0x20000b90</value>
         <object_component_ref idref="oc-4b6"/>
      </symbol>
      <symbol id="sm-adb">
         <name>write</name>
         <value>0x7e09</value>
         <object_component_ref idref="oc-40e"/>
      </symbol>
      <symbol id="sm-af4">
         <name>wcslen</name>
         <value>0x7f17</value>
         <object_component_ref idref="oc-303"/>
      </symbol>
      <symbol id="sm-b14">
         <name>frexpl</name>
         <value>0x755d</value>
         <object_component_ref idref="oc-3c5"/>
      </symbol>
      <symbol id="sm-b15">
         <name>frexp</name>
         <value>0x755d</value>
         <object_component_ref idref="oc-3c5"/>
      </symbol>
      <symbol id="sm-b32">
         <name>scalbn</name>
         <value>0x6a29</value>
         <object_component_ref idref="oc-3cb"/>
      </symbol>
      <symbol id="sm-b33">
         <name>scalbnl</name>
         <value>0x6a29</value>
         <object_component_ref idref="oc-3cb"/>
      </symbol>
      <symbol id="sm-b34">
         <name>ldexpl</name>
         <value>0x6a29</value>
         <object_component_ref idref="oc-3cb"/>
      </symbol>
      <symbol id="sm-b35">
         <name>ldexp</name>
         <value>0x6a29</value>
         <object_component_ref idref="oc-3cb"/>
      </symbol>
      <symbol id="sm-b4c">
         <name>__aeabi_dsub</name>
         <value>0x623d</value>
         <object_component_ref idref="oc-3a5"/>
      </symbol>
      <symbol id="sm-b4d">
         <name>__aeabi_dadd</name>
         <value>0x6247</value>
         <object_component_ref idref="oc-3a5"/>
      </symbol>
      <symbol id="sm-b6f">
         <name>__aeabi_cdcmpeq</name>
         <value>0x706b</value>
         <object_component_ref idref="oc-2e0"/>
      </symbol>
      <symbol id="sm-b70">
         <name>__aeabi_cdcmple</name>
         <value>0x706b</value>
         <object_component_ref idref="oc-2e0"/>
      </symbol>
      <symbol id="sm-b71">
         <name>__aeabi_cdrcmple</name>
         <value>0x70f1</value>
         <object_component_ref idref="oc-390"/>
      </symbol>
      <symbol id="sm-b85">
         <name>__aeabi_ddiv</name>
         <value>0x66b9</value>
         <object_component_ref idref="oc-38b"/>
      </symbol>
      <symbol id="sm-b90">
         <name>__aeabi_dmul</name>
         <value>0x6b39</value>
         <object_component_ref idref="oc-386"/>
      </symbol>
      <symbol id="sm-b9a">
         <name>__aeabi_d2iz</name>
         <value>0x79d1</value>
         <object_component_ref idref="oc-395"/>
      </symbol>
      <symbol id="sm-ba4">
         <name>__aeabi_i2d</name>
         <value>0x7d5d</value>
         <object_component_ref idref="oc-3a0"/>
      </symbol>
      <symbol id="sm-bb1">
         <name>__aeabi_uldivmod</name>
         <value>0x6fd5</value>
         <object_component_ref idref="oc-37f"/>
      </symbol>
      <symbol id="sm-bc7">
         <name>__aeabi_errno_addr</name>
         <value>0x7f7d</value>
         <object_component_ref idref="oc-309"/>
      </symbol>
      <symbol id="sm-bc8">
         <name>errno</name>
         <value>0x20000ccc</value>
         <object_component_ref idref="oc-3e1"/>
      </symbol>
      <symbol id="sm-be0">
         <name>__TI_wrt_ok</name>
         <value>0x7625</value>
         <object_component_ref idref="oc-3fc"/>
      </symbol>
      <symbol id="sm-bf0">
         <name>__TI_doflush</name>
         <value>0x78f1</value>
         <object_component_ref idref="oc-408"/>
      </symbol>
      <symbol id="sm-c02">
         <name>fseek</name>
         <value>0x75c1</value>
         <object_component_ref idref="oc-463"/>
      </symbol>
      <symbol id="sm-c12">
         <name>lseek</name>
         <value>0x7db9</value>
         <object_component_ref idref="oc-48f"/>
      </symbol>
      <symbol id="sm-c2e">
         <name>setvbuf</name>
         <value>0x6c35</value>
         <object_component_ref idref="oc-469"/>
      </symbol>
      <symbol id="sm-c3f">
         <name>HOSTclose</name>
         <value>0x7a19</value>
         <object_component_ref idref="oc-4f4"/>
      </symbol>
      <symbol id="sm-c50">
         <name>HOSTlseek</name>
         <value>0x73bd</value>
         <object_component_ref idref="oc-506"/>
      </symbol>
      <symbol id="sm-c62">
         <name>parmbuf</name>
         <value>0x20000a66</value>
      </symbol>
      <symbol id="sm-c63">
         <name>HOSTopen</name>
         <value>0x7689</value>
         <object_component_ref idref="oc-4ee"/>
      </symbol>
      <symbol id="sm-c74">
         <name>HOSTread</name>
         <value>0x7745</value>
         <object_component_ref idref="oc-4fa"/>
      </symbol>
      <symbol id="sm-c85">
         <name>HOSTrename</name>
         <value>0x7425</value>
         <object_component_ref idref="oc-512"/>
      </symbol>
      <symbol id="sm-c96">
         <name>HOSTunlink</name>
         <value>0x7a5d</value>
         <object_component_ref idref="oc-50c"/>
      </symbol>
      <symbol id="sm-ca7">
         <name>HOSTwrite</name>
         <value>0x779d</value>
         <object_component_ref idref="oc-500"/>
      </symbol>
      <symbol id="sm-ccb">
         <name>__TI_readmsg</name>
         <value>0x7cf9</value>
         <object_component_ref idref="oc-538"/>
      </symbol>
      <symbol id="sm-ccc">
         <name>C$$IO$$</name>
         <value>0x7c13</value>
         <object_component_ref idref="oc-532"/>
      </symbol>
      <symbol id="sm-ccd">
         <name>__CIOBUF_</name>
         <value>0x20000800</value>
         <object_component_ref idref="oc-560"/>
      </symbol>
      <symbol id="sm-cce">
         <name>__TI_writemsg</name>
         <value>0x7be5</value>
         <object_component_ref idref="oc-532"/>
      </symbol>
      <symbol id="sm-cd8">
         <name>copysign</name>
         <value>0x7ec9</value>
         <object_component_ref idref="oc-447"/>
      </symbol>
      <symbol id="sm-cd9">
         <name>copysignl</name>
         <value>0x7ec9</value>
         <object_component_ref idref="oc-447"/>
      </symbol>
      <symbol id="sm-ce3">
         <name>__aeabi_idiv0</name>
         <value>0x63f3</value>
         <object_component_ref idref="oc-42e"/>
      </symbol>
      <symbol id="sm-ce4">
         <name>__aeabi_ldiv0</name>
         <value>0x63f3</value>
         <object_component_ref idref="oc-42e"/>
      </symbol>
      <symbol id="sm-d5f">
         <name>_sys_memory</name>
         <value>0x20000000</value>
         <object_component_ref idref="oc-25"/>
      </symbol>
      <symbol id="sm-d60">
         <name>free</name>
         <value>0x6d11</value>
         <object_component_ref idref="oc-497"/>
      </symbol>
      <symbol id="sm-d61">
         <name>malloc</name>
         <value>0x71f1</value>
         <object_component_ref idref="oc-49d"/>
      </symbol>
      <symbol id="sm-d62">
         <name>minit</name>
         <value>0x7c55</value>
         <object_component_ref idref="oc-4cb"/>
      </symbol>
      <symbol id="sm-d72">
         <name>__TI_cleanup</name>
         <value>0x7cc5</value>
         <object_component_ref idref="oc-4a3"/>
      </symbol>
      <symbol id="sm-d81">
         <name>strcpy</name>
         <value>0x7edd</value>
         <object_component_ref idref="oc-54c"/>
      </symbol>
      <symbol id="sm-d96">
         <name>__TI_closefile</name>
         <value>0x7269</value>
         <object_component_ref idref="oc-4e2"/>
      </symbol>
      <symbol id="sm-db9">
         <name>finddevice</name>
         <value>0x7d2d</value>
         <object_component_ref idref="oc-57e"/>
      </symbol>
      <symbol id="sm-dba">
         <name>getdevice</name>
         <value>0x7ae5</value>
         <object_component_ref idref="oc-556"/>
      </symbol>
      <symbol id="sm-dca">
         <name>strcmp</name>
         <value>0x7e85</value>
         <object_component_ref idref="oc-595"/>
      </symbol>
      <symbol id="sm-dda">
         <name>strncpy</name>
         <value>0x7c8d</value>
         <object_component_ref idref="oc-578"/>
      </symbol>
      <symbol id="sm-dea">
         <name>unlink</name>
         <value>0x7d8d</value>
         <object_component_ref idref="oc-527"/>
      </symbol>
      <symbol id="sm-dfe">
         <name>close</name>
         <value>0x76e9</value>
         <object_component_ref idref="oc-521"/>
      </symbol>
      <symbol id="sm-dff">
         <name>__TI_static_base__</name>
         <value>0x0</value>
      </symbol>
      <symbol id="sm-e02">
         <name>__mpu_init</name>
         <value>0x0</value>
      </symbol>
      <symbol id="sm-e03">
         <name>_system_post_cinit</name>
         <value>0x0</value>
      </symbol>
      <symbol id="sm-e04">
         <name>NMI_Handler</name>
         <value>0x7f63</value>
      </symbol>
      <symbol id="sm-e05">
         <name>HardFault_Handler</name>
         <value>0x7f63</value>
      </symbol>
      <symbol id="sm-e06">
         <name>MemManage_Handler</name>
         <value>0x7f63</value>
      </symbol>
      <symbol id="sm-e07">
         <name>BusFault_Handler</name>
         <value>0x7f63</value>
      </symbol>
      <symbol id="sm-e08">
         <name>UsageFault_Handler</name>
         <value>0x7f63</value>
      </symbol>
      <symbol id="sm-e09">
         <name>SVC_Handler</name>
         <value>0x7f63</value>
      </symbol>
      <symbol id="sm-e0a">
         <name>DebugMon_Handler</name>
         <value>0x7f63</value>
      </symbol>
      <symbol id="sm-e0b">
         <name>PendSV_Handler</name>
         <value>0x7f63</value>
      </symbol>
      <symbol id="sm-e0c">
         <name>SysTick_Handler</name>
         <value>0x7f63</value>
      </symbol>
      <symbol id="sm-e0d">
         <name>PSS_IRQHandler</name>
         <value>0x7f63</value>
      </symbol>
      <symbol id="sm-e0e">
         <name>CS_IRQHandler</name>
         <value>0x7f63</value>
      </symbol>
      <symbol id="sm-e0f">
         <name>PCM_IRQHandler</name>
         <value>0x7f63</value>
      </symbol>
      <symbol id="sm-e10">
         <name>WDT_A_IRQHandler</name>
         <value>0x7f63</value>
      </symbol>
      <symbol id="sm-e11">
         <name>FPU_IRQHandler</name>
         <value>0x7f63</value>
      </symbol>
      <symbol id="sm-e12">
         <name>FLCTL_IRQHandler</name>
         <value>0x7f63</value>
      </symbol>
      <symbol id="sm-e13">
         <name>COMP_E0_IRQHandler</name>
         <value>0x7f63</value>
      </symbol>
      <symbol id="sm-e14">
         <name>COMP_E1_IRQHandler</name>
         <value>0x7f63</value>
      </symbol>
      <symbol id="sm-e15">
         <name>TA0_0_IRQHandler</name>
         <value>0x7f63</value>
      </symbol>
      <symbol id="sm-e16">
         <name>TA0_N_IRQHandler</name>
         <value>0x7f63</value>
      </symbol>
      <symbol id="sm-e17">
         <name>TA1_0_IRQHandler</name>
         <value>0x7f63</value>
      </symbol>
      <symbol id="sm-e18">
         <name>TA1_N_IRQHandler</name>
         <value>0x7f63</value>
      </symbol>
      <symbol id="sm-e19">
         <name>TA2_0_IRQHandler</name>
         <value>0x7f63</value>
      </symbol>
      <symbol id="sm-e1a">
         <name>TA2_N_IRQHandler</name>
         <value>0x7f63</value>
      </symbol>
      <symbol id="sm-e1b">
         <name>TA3_0_IRQHandler</name>
         <value>0x7f63</value>
      </symbol>
      <symbol id="sm-e1c">
         <name>TA3_N_IRQHandler</name>
         <value>0x7f63</value>
      </symbol>
      <symbol id="sm-e1d">
         <name>EUSCIA0_IRQHandler</name>
         <value>0x7f63</value>
      </symbol>
      <symbol id="sm-e1e">
         <name>EUSCIA1_IRQHandler</name>
         <value>0x7f63</value>
      </symbol>
      <symbol id="sm-e1f">
         <name>EUSCIA2_IRQHandler</name>
         <value>0x7f63</value>
      </symbol>
      <symbol id="sm-e20">
         <name>EUSCIA3_IRQHandler</name>
         <value>0x7f63</value>
      </symbol>
      <symbol id="sm-e21">
         <name>EUSCIB0_IRQHandler</name>
         <value>0x7f63</value>
      </symbol>
      <symbol id="sm-e22">
         <name>EUSCIB1_IRQHandler</name>
         <value>0x7f63</value>
      </symbol>
      <symbol id="sm-e23">
         <name>EUSCIB2_IRQHandler</name>
         <value>0x7f63</value>
      </symbol>
      <symbol id="sm-e24">
         <name>EUSCIB3_IRQHandler</name>
         <value>0x7f63</value>
      </symbol>
      <symbol id="sm-e25">
         <name>ADC14_IRQHandler</name>
         <value>0x7f63</value>
      </symbol>
      <symbol id="sm-e26">
         <name>T32_INT1_IRQHandler</name>
         <value>0x7f63</value>
      </symbol>
      <symbol id="sm-e27">
         <name>T32_INT2_IRQHandler</name>
         <value>0x7f63</value>
      </symbol>
      <symbol id="sm-e28">
         <name>T32_INTC_IRQHandler</name>
         <value>0x7f63</value>
      </symbol>
      <symbol id="sm-e29">
         <name>AES256_IRQHandler</name>
         <value>0x7f63</value>
      </symbol>
      <symbol id="sm-e2a">
         <name>RTC_C_IRQHandler</name>
         <value>0x7f63</value>
      </symbol>
      <symbol id="sm-e2b">
         <name>DMA_ERR_IRQHandler</name>
         <value>0x7f63</value>
      </symbol>
      <symbol id="sm-e2c">
         <name>DMA_INT3_IRQHandler</name>
         <value>0x7f63</value>
      </symbol>
      <symbol id="sm-e2d">
         <name>DMA_INT2_IRQHandler</name>
         <value>0x7f63</value>
      </symbol>
      <symbol id="sm-e2e">
         <name>DMA_INT1_IRQHandler</name>
         <value>0x7f63</value>
      </symbol>
      <symbol id="sm-e2f">
         <name>DMA_INT0_IRQHandler</name>
         <value>0x7f63</value>
      </symbol>
      <symbol id="sm-e30">
         <name>PORT1_IRQHandler</name>
         <value>0x7f63</value>
      </symbol>
      <symbol id="sm-e31">
         <name>PORT2_IRQHandler</name>
         <value>0x5c43</value>
      </symbol>
      <symbol id="sm-e32">
         <name>PORT3_IRQHandler</name>
         <value>0x7f63</value>
      </symbol>
      <symbol id="sm-e33">
         <name>PORT4_IRQHandler</name>
         <value>0x7f63</value>
      </symbol>
      <symbol id="sm-e34">
         <name>PORT5_IRQHandler</name>
         <value>0x7f63</value>
      </symbol>
      <symbol id="sm-e35">
         <name>PORT6_IRQHandler</name>
         <value>0x7f63</value>
      </symbol>
      <symbol id="sm-e36">
         <name>remove</name>
         <value>0x7d8d</value>
      </symbol>
   </symbol_table>
   <title>Link successful</title>
</link_info>
