******************************************************************************
                  TI ARM Linker PC v18.1.4                     
******************************************************************************
>> Linked Fri Nov 22 12:10:54 2019

OUTPUT FILE NAME:   <song_48MHz_I2C.out>
ENTRY POINT SYMBOL: "_c_int00_noargs"  address: 000080b9


MEMORY CONFIGURATION

         name            origin    length      used     unused   attr    fill
----------------------  --------  ---------  --------  --------  ----  --------
  MAIN                  00000000   00040000  000081ec  00037e14  R  X
  INFO                  00200000   00004000  00000000  00004000  R  X
  SRAM_CODE             01000000   00010000  0000b88d  00004773  RW X
  SRAM_DATA             20000000   00010000  0000b88d  00004773  RW  


SEGMENT ALLOCATION MAP

run origin  load origin   length   init length attrs members
----------  ----------- ---------- ----------- ----- -------
00000000    00000000    000081f0   000081f0    r-x
  00000000    00000000    000000e4   000000e4    r-- .intvecs
  000000e4    000000e4    000080c8   000080c8    r-x .text
  000081b0    000081b0    00000040   00000040    r-- .cinit
20000000    20000000    0000b690   00000000    rw-
  20000000    20000000    0000b65d   00000000    rw- .bss
  2000b660    2000b660    00000030   00000000    rw- .data
2000fe00    2000fe00    00000200   00000000    rw-
  2000fe00    2000fe00    00000200   00000000    rw- .stack


SECTION ALLOCATION MAP

 output                                  attributes/
section   page    origin      length       input sections
--------  ----  ----------  ----------   ----------------
.intvecs   0    00000000    000000e4     
                  00000000    000000e4     startup_msp432p401r_ccs.obj (.intvecs:retain)

.text      0    000000e4    000080c8     
                  000000e4    000078f4     main.obj (.text)
                  000079d8    00000334     system_msp432p401r.obj (.text)
                  00007d0c    00000136     rtsv7M4_T_le_v4SPD16_eabi.lib : fd_div_t2.asm.obj (.text)
                  00007e42    0000009c                                   : memcpy_t2.asm.obj (.text)
                  00007ede    0000007a                                   : memset_t2.asm.obj (.text)
                  00007f58    0000006e                                   : fd_tos_t2.asm.obj (.text)
                  00007fc6    00000068                                   : copy_decompress_lzss.c.obj (.text:decompress:lzss:__TI_decompress_lzss)
                  0000802e    00000002                                   : _lock.c.obj (.text:_nop)
                  00008030    00000044                                   : autoinit.c.obj (.text:__TI_auto_init_nobinit_nopinit:__TI_auto_init_nobinit_nopinit)
                  00008074    00000044                                   : fd_tou_t2.asm.obj (.text)
                  000080b8    00000038                                   : boot_cortex_m.c.obj (.text:_c_int00_noargs:_c_int00_noargs)
                  000080f0    00000038                                   : fs_tod_t2.asm.obj (.text)
                  00008128    0000002e                                   : i_tofd_t2.asm.obj (.text)
                  00008156    00000002     --HOLE-- [fill = 0]
                  00008158    00000024                                   : rand.c.obj (.text:srand)
                  0000817c    0000000e                                   : copy_decompress_none.c.obj (.text:decompress:none:__TI_decompress_none)
                  0000818a    0000000e     startup_msp432p401r_ccs.obj (.text)
                  00008198    0000000c     rtsv7M4_T_le_v4SPD16_eabi.lib : copy_zero_init.c.obj (.text:decompress:ZI:__TI_zero_init)
                  000081a4    00000004                                   : pre_init.c.obj (.text:_system_pre_init)
                  000081a8    00000004                                   : exit.c.obj (.text:abort:abort)

.cinit     0    000081b0    00000040     
                  000081b0    0000001c     (.cinit..data.load) [load image, compression = lzss]
                  000081cc    0000000c     (__TI_handler_table)
                  000081d8    00000008     (.cinit..bss.load) [load image, compression = zero_init]
                  000081e0    00000010     (__TI_cinit_table)

.init_array 
*          0    00000000    00000000     UNINITIALIZED

.binit     0    00000000    00000000     

.bss       0    20000000    0000b65d     UNINITIALIZED
                  20000000    0000b658     (.common:songPicked)
                  2000b658    00000004     (.common:bps)
                  2000b65c    00000001     (.common:RXData)

.data      0    2000b660    00000030     UNINITIALIZED
                  2000b660    00000020     main.obj (.data)
                  2000b680    00000008     rtsv7M4_T_le_v4SPD16_eabi.lib : _lock.c.obj (.data:$O1$$)
                  2000b688    00000004                                   : rand.c.obj (.data)
                  2000b68c    00000004     system_msp432p401r.obj (.data)

.stack     0    2000fe00    00000200     UNINITIALIZED
                  2000fe00    00000004     rtsv7M4_T_le_v4SPD16_eabi.lib : boot_cortex_m.c.obj (.stack)
                  2000fe04    000001fc     --HOLE--

MODULE SUMMARY

       Module                        code    ro data   rw data
       ------                        ----    -------   -------
    .\
       main.obj                      30964   0         93434  
       system_msp432p401r.obj        820     0         8      
       startup_msp432p401r_ccs.obj   14      228       0      
    +--+-----------------------------+-------+---------+---------+
       Total:                        31798   228       93442  
                                                              
    C:\ti\ccsv8\tools\compiler\ti-cgt-arm_18.1.4.LTS\lib\rtsv7M4_T_le_v4SPD16_eabi.lib
       fd_div_t2.asm.obj             310     0         0      
       memcpy_t2.asm.obj             156     0         0      
       memset_t2.asm.obj             122     0         0      
       fd_tos_t2.asm.obj             110     0         0      
       copy_decompress_lzss.c.obj    104     0         0      
       autoinit.c.obj                68      0         0      
       fd_tou_t2.asm.obj             68      0         0      
       boot_cortex_m.c.obj           56      0         0      
       fs_tod_t2.asm.obj             56      0         0      
       i_tofd_t2.asm.obj             46      0         0      
       rand.c.obj                    36      0         8      
       _lock.c.obj                   2       0         16     
       copy_decompress_none.c.obj    14      0         0      
       copy_zero_init.c.obj          12      0         0      
       exit.c.obj                    4       0         0      
       pre_init.c.obj                4       0         0      
    +--+-----------------------------+-------+---------+---------+
       Total:                        1168    0         24     
                                                              
       Stack:                        0       0         1024   
       Linker Generated:             0       64        0      
    +--+-----------------------------+-------+---------+---------+
       Grand Total:                  32966   292       94490  


LINKER GENERATED COPY TABLES

__TI_cinit_table @ 000081e0 records: 2, size/record: 8, table size: 16
	.data: load addr=000081b0, load size=0000001c bytes, run addr=2000b660, run size=00000030 bytes, compression=lzss
	.bss: load addr=000081d8, load size=00000008 bytes, run addr=20000000, run size=0000b65d bytes, compression=zero_init


LINKER GENERATED HANDLER TABLE

__TI_handler_table @ 000081cc records: 3, size/record: 4, table size: 12
	index: 0, handler: __TI_decompress_lzss
	index: 1, handler: __TI_decompress_none
	index: 2, handler: __TI_zero_init


GLOBAL SYMBOLS: SORTED ALPHABETICALLY BY Name 

address   name                          
-------   ----                          
00008197  ADC14_IRQHandler              
00008197  AES256_IRQHandler             
00008197  BusFault_Handler              
000081a9  C$$EXIT                       
00008197  COMP_E0_IRQHandler            
00008197  COMP_E1_IRQHandler            
00008197  CS_IRQHandler                 
00008197  DMA_ERR_IRQHandler            
00008197  DMA_INT0_IRQHandler           
00008197  DMA_INT1_IRQHandler           
00008197  DMA_INT2_IRQHandler           
00008197  DMA_INT3_IRQHandler           
00008197  DebugMon_Handler              
00008197  Default_Handler               
00000829  DisableTimer32s               
00008197  EUSCIA0_IRQHandler            
00008197  EUSCIA1_IRQHandler            
00008197  EUSCIA2_IRQHandler            
00008197  EUSCIA3_IRQHandler            
000001a7  EUSCIB0_IRQHandler            
000001a7  EUSCIB0_IRQHandler            
00008197  EUSCIB1_IRQHandler            
00008197  EUSCIB2_IRQHandler            
00008197  EUSCIB3_IRQHandler            
00008197  FLCTL_IRQHandler              
00008197  FPU_IRQHandler                
00008197  HardFault_Handler             
00008197  MemManage_Handler             
00008197  NMI_Handler                   
00008197  PCM_IRQHandler                
00008197  PORT1_IRQHandler              
00008197  PORT2_IRQHandler              
00008197  PORT3_IRQHandler              
00008197  PORT4_IRQHandler              
00008197  PORT5_IRQHandler              
00008197  PORT6_IRQHandler              
00008197  PSS_IRQHandler                
00008197  PendSV_Handler                
00008197  RTC_C_IRQHandler              
2000b65c  RXData                        
0000818b  Reset_Handler                 
00008197  SVC_Handler                   
000007bb  SetupTimer32s                 
00008197  SysTick_Handler               
2000b68c  SystemCoreClock               
000079d9  SystemCoreClockUpdate         
00007c51  SystemInit                    
00008197  T32_INT1_IRQHandler           
000003c9  T32_INT2_IRQHandler           
000003c9  T32_INT2_IRQHandler           
00008197  T32_INTC_IRQHandler           
00008197  TA0_0_IRQHandler              
000007ad  TA0_N_IRQHandler              
000007ad  TA0_N_IRQHandler              
00008197  TA1_0_IRQHandler              
00008197  TA1_N_IRQHandler              
00008197  TA2_0_IRQHandler              
00008197  TA2_N_IRQHandler              
00008197  TA3_0_IRQHandler              
00008197  TA3_N_IRQHandler              
00008197  UsageFault_Handler            
4000480c  WDTCTL_SYM                    
00008197  WDT_A_IRQHandler              
20010000  __STACK_END                   
00000200  __STACK_SIZE                  
000081e0  __TI_CINIT_Base               
000081f0  __TI_CINIT_Limit              
000081cc  __TI_Handler_Table_Base       
000081d8  __TI_Handler_Table_Limit      
00008031  __TI_auto_init_nobinit_nopinit
00007fc7  __TI_decompress_lzss          
0000817d  __TI_decompress_none          
ffffffff  __TI_pprof_out_hndl           
ffffffff  __TI_prof_data_size           
ffffffff  __TI_prof_data_start          
00000000  __TI_static_base__            
00008199  __TI_zero_init                
00007f59  __aeabi_d2f                   
00008075  __aeabi_d2uiz                 
00007d0d  __aeabi_ddiv                  
000080f1  __aeabi_f2d                   
00008129  __aeabi_i2d                   
00007edf  __aeabi_memclr                
00007edf  __aeabi_memclr4               
00007edf  __aeabi_memclr8               
00007e43  __aeabi_memcpy                
00007e43  __aeabi_memcpy4               
00007e43  __aeabi_memcpy8               
00007ee1  __aeabi_memset                
00007ee1  __aeabi_memset4               
00007ee1  __aeabi_memset8               
ffffffff  __binit__                     
ffffffff  __c_args__                    
UNDEFED   __mpu_init                    
2000fe00  __stack                       
000080b9  _c_int00_noargs               
2000b680  _lock                         
0000802f  _nop                          
UNDEFED   _system_post_cinit            
000081a5  _system_pre_init              
2000b684  _unlock                       
000081a9  abort                         
2000b660  alarmFlag                     
ffffffff  binit                         
2000b678  bpm                           
2000b658  bps                           
2000b674  breath                        
2000b67c  cutTime                       
00007871  endSong                       
0000022d  init48MHz                     
00005dbd  initAlarm1                    
00006f95  initAlarm2                    
000002f3  initAllSongs                  
000008f5  initLoZTheme                  
00001fc5  initMarioTheme                
00004e45  initPokemonTheme              
000045a5  initTetrisTheme               
00000000  interruptVectors              
00000111  main                          
00007e43  memcpy                        
00007ee7  memset                        
2000b670  note                          
000002d7  playAlarm1                    
000002e5  playAlarm2                    
000002f5  playAll                       
2000b66c  playAllFlag                   
000002ad  playLoZ                       
0000029f  playMario                     
000002c9  playPokemon                   
000002bb  playTetris                    
0000088f  setupPins                     
2000b664  song                          
20000000  songPicked                    
00008159  srand                         
2000b668  stopSong                      


GLOBAL SYMBOLS: SORTED BY Symbol Address 

address   name                          
-------   ----                          
00000000  __TI_static_base__            
00000000  interruptVectors              
00000111  main                          
000001a7  EUSCIB0_IRQHandler            
000001a7  EUSCIB0_IRQHandler            
00000200  __STACK_SIZE                  
0000022d  init48MHz                     
0000029f  playMario                     
000002ad  playLoZ                       
000002bb  playTetris                    
000002c9  playPokemon                   
000002d7  playAlarm1                    
000002e5  playAlarm2                    
000002f3  initAllSongs                  
000002f5  playAll                       
000003c9  T32_INT2_IRQHandler           
000003c9  T32_INT2_IRQHandler           
000007ad  TA0_N_IRQHandler              
000007ad  TA0_N_IRQHandler              
000007bb  SetupTimer32s                 
00000829  DisableTimer32s               
0000088f  setupPins                     
000008f5  initLoZTheme                  
00001fc5  initMarioTheme                
000045a5  initTetrisTheme               
00004e45  initPokemonTheme              
00005dbd  initAlarm1                    
00006f95  initAlarm2                    
00007871  endSong                       
000079d9  SystemCoreClockUpdate         
00007c51  SystemInit                    
00007d0d  __aeabi_ddiv                  
00007e43  __aeabi_memcpy                
00007e43  __aeabi_memcpy4               
00007e43  __aeabi_memcpy8               
00007e43  memcpy                        
00007edf  __aeabi_memclr                
00007edf  __aeabi_memclr4               
00007edf  __aeabi_memclr8               
00007ee1  __aeabi_memset                
00007ee1  __aeabi_memset4               
00007ee1  __aeabi_memset8               
00007ee7  memset                        
00007f59  __aeabi_d2f                   
00007fc7  __TI_decompress_lzss          
0000802f  _nop                          
00008031  __TI_auto_init_nobinit_nopinit
00008075  __aeabi_d2uiz                 
000080b9  _c_int00_noargs               
000080f1  __aeabi_f2d                   
00008129  __aeabi_i2d                   
00008159  srand                         
0000817d  __TI_decompress_none          
0000818b  Reset_Handler                 
00008197  ADC14_IRQHandler              
00008197  AES256_IRQHandler             
00008197  BusFault_Handler              
00008197  COMP_E0_IRQHandler            
00008197  COMP_E1_IRQHandler            
00008197  CS_IRQHandler                 
00008197  DMA_ERR_IRQHandler            
00008197  DMA_INT0_IRQHandler           
00008197  DMA_INT1_IRQHandler           
00008197  DMA_INT2_IRQHandler           
00008197  DMA_INT3_IRQHandler           
00008197  DebugMon_Handler              
00008197  Default_Handler               
00008197  EUSCIA0_IRQHandler            
00008197  EUSCIA1_IRQHandler            
00008197  EUSCIA2_IRQHandler            
00008197  EUSCIA3_IRQHandler            
00008197  EUSCIB1_IRQHandler            
00008197  EUSCIB2_IRQHandler            
00008197  EUSCIB3_IRQHandler            
00008197  FLCTL_IRQHandler              
00008197  FPU_IRQHandler                
00008197  HardFault_Handler             
00008197  MemManage_Handler             
00008197  NMI_Handler                   
00008197  PCM_IRQHandler                
00008197  PORT1_IRQHandler              
00008197  PORT2_IRQHandler              
00008197  PORT3_IRQHandler              
00008197  PORT4_IRQHandler              
00008197  PORT5_IRQHandler              
00008197  PORT6_IRQHandler              
00008197  PSS_IRQHandler                
00008197  PendSV_Handler                
00008197  RTC_C_IRQHandler              
00008197  SVC_Handler                   
00008197  SysTick_Handler               
00008197  T32_INT1_IRQHandler           
00008197  T32_INTC_IRQHandler           
00008197  TA0_0_IRQHandler              
00008197  TA1_0_IRQHandler              
00008197  TA1_N_IRQHandler              
00008197  TA2_0_IRQHandler              
00008197  TA2_N_IRQHandler              
00008197  TA3_0_IRQHandler              
00008197  TA3_N_IRQHandler              
00008197  UsageFault_Handler            
00008197  WDT_A_IRQHandler              
00008199  __TI_zero_init                
000081a5  _system_pre_init              
000081a9  C$$EXIT                       
000081a9  abort                         
000081cc  __TI_Handler_Table_Base       
000081d8  __TI_Handler_Table_Limit      
000081e0  __TI_CINIT_Base               
000081f0  __TI_CINIT_Limit              
20000000  songPicked                    
2000b658  bps                           
2000b65c  RXData                        
2000b660  alarmFlag                     
2000b664  song                          
2000b668  stopSong                      
2000b66c  playAllFlag                   
2000b670  note                          
2000b674  breath                        
2000b678  bpm                           
2000b67c  cutTime                       
2000b680  _lock                         
2000b684  _unlock                       
2000b68c  SystemCoreClock               
2000fe00  __stack                       
20010000  __STACK_END                   
4000480c  WDTCTL_SYM                    
ffffffff  __TI_pprof_out_hndl           
ffffffff  __TI_prof_data_size           
ffffffff  __TI_prof_data_start          
ffffffff  __binit__                     
ffffffff  __c_args__                    
ffffffff  binit                         
UNDEFED   __mpu_init                    
UNDEFED   _system_post_cinit            

[135 symbols]
