<?xml version="1.0" encoding="ISO-8859-1" ?>
<link_info>
   <banner>TI ARM Linker PC v18.1.4.LTS</banner>
   <copyright>Copyright (c) 1996-2018 Texas Instruments Incorporated</copyright>
   <link_time>0x5dd82e77</link_time>
   <link_errors>0x0</link_errors>
   <output_file>326_Final_Project.out</output_file>
   <entry_point>
      <name>_c_int00_noargs</name>
      <address>0x124c1</address>
   </entry_point>
   <input_file_list>
      <input_file id="fl-2">
         <path>.\</path>
         <kind>object</kind>
         <file>RTC.obj</file>
         <name>RTC.obj</name>
      </input_file>
      <input_file id="fl-3">
         <path>.\</path>
         <kind>object</kind>
         <file>Rotary_Encoder.obj</file>
         <name>Rotary_Encoder.obj</name>
      </input_file>
      <input_file id="fl-4">
         <path>.\</path>
         <kind>object</kind>
         <file>ST7735.obj</file>
         <name>ST7735.obj</name>
      </input_file>
      <input_file id="fl-5">
         <path>.\</path>
         <kind>object</kind>
         <file>TimerA.obj</file>
         <name>TimerA.obj</name>
      </input_file>
      <input_file id="fl-6">
         <path>.\</path>
         <kind>object</kind>
         <file>main.obj</file>
         <name>main.obj</name>
      </input_file>
      <input_file id="fl-7">
         <path>.\</path>
         <kind>object</kind>
         <file>startup_msp432p401r_ccs.obj</file>
         <name>startup_msp432p401r_ccs.obj</name>
      </input_file>
      <input_file id="fl-8">
         <path>.\</path>
         <kind>object</kind>
         <file>system_msp432p401r.obj</file>
         <name>system_msp432p401r.obj</name>
      </input_file>
      <input_file id="fl-d">
         <kind>object</kind>
         <file>&lt;internal&gt;</file>
         <name>&lt;internal&gt;</name>
      </input_file>
      <input_file id="fl-e">
         <path>C:\ti\msp\MSP432Ware_3_50_00_02\driverlib\driverlib\MSP432P4xx\ccs\</path>
         <kind>archive</kind>
         <file>msp432p4xx_driverlib.lib</file>
         <name>cs.o</name>
      </input_file>
      <input_file id="fl-f">
         <path>C:\ti\msp\MSP432Ware_3_50_00_02\driverlib\driverlib\MSP432P4xx\ccs\</path>
         <kind>archive</kind>
         <file>msp432p4xx_driverlib.lib</file>
         <name>interrupt.o</name>
      </input_file>
      <input_file id="fl-10">
         <path>C:\ti\msp\MSP432Ware_3_50_00_02\driverlib\driverlib\MSP432P4xx\ccs\</path>
         <kind>archive</kind>
         <file>msp432p4xx_driverlib.lib</file>
         <name>sysctl.o</name>
      </input_file>
      <input_file id="fl-11">
         <path>C:\ti\msp\MSP432Ware_3_50_00_02\driverlib\driverlib\MSP432P4xx\ccs\</path>
         <kind>archive</kind>
         <file>msp432p4xx_driverlib.lib</file>
         <name>cpu.o</name>
      </input_file>
      <input_file id="fl-c7">
         <path>C:\ti\ccsv8\tools\compiler\ti-cgt-arm_18.1.4.LTS\lib\</path>
         <kind>archive</kind>
         <file>rtsv7M4_T_le_v4SPD16_eabi.lib</file>
         <name>fd_mul_t2.asm.obj</name>
      </input_file>
      <input_file id="fl-c8">
         <path>C:\ti\ccsv8\tools\compiler\ti-cgt-arm_18.1.4.LTS\lib\</path>
         <kind>archive</kind>
         <file>rtsv7M4_T_le_v4SPD16_eabi.lib</file>
         <name>fd_tos_t2.asm.obj</name>
      </input_file>
      <input_file id="fl-c9">
         <path>C:\ti\ccsv8\tools\compiler\ti-cgt-arm_18.1.4.LTS\lib\</path>
         <kind>archive</kind>
         <file>rtsv7M4_T_le_v4SPD16_eabi.lib</file>
         <name>fs_tod_t2.asm.obj</name>
      </input_file>
      <input_file id="fl-ca">
         <path>C:\ti\ccsv8\tools\compiler\ti-cgt-arm_18.1.4.LTS\lib\</path>
         <kind>archive</kind>
         <file>rtsv7M4_T_le_v4SPD16_eabi.lib</file>
         <name>memcpy_t2.asm.obj</name>
      </input_file>
      <input_file id="fl-cb">
         <path>C:\ti\ccsv8\tools\compiler\ti-cgt-arm_18.1.4.LTS\lib\</path>
         <kind>archive</kind>
         <file>rtsv7M4_T_le_v4SPD16_eabi.lib</file>
         <name>copy_zero_init.c.obj</name>
      </input_file>
      <input_file id="fl-cc">
         <path>C:\ti\ccsv8\tools\compiler\ti-cgt-arm_18.1.4.LTS\lib\</path>
         <kind>archive</kind>
         <file>rtsv7M4_T_le_v4SPD16_eabi.lib</file>
         <name>copy_decompress_none.c.obj</name>
      </input_file>
      <input_file id="fl-cd">
         <path>C:\ti\ccsv8\tools\compiler\ti-cgt-arm_18.1.4.LTS\lib\</path>
         <kind>archive</kind>
         <file>rtsv7M4_T_le_v4SPD16_eabi.lib</file>
         <name>copy_decompress_lzss.c.obj</name>
      </input_file>
      <input_file id="fl-ce">
         <path>C:\ti\ccsv8\tools\compiler\ti-cgt-arm_18.1.4.LTS\lib\</path>
         <kind>archive</kind>
         <file>rtsv7M4_T_le_v4SPD16_eabi.lib</file>
         <name>boot_cortex_m.c.obj</name>
      </input_file>
      <input_file id="fl-cf">
         <path>C:\ti\ccsv8\tools\compiler\ti-cgt-arm_18.1.4.LTS\lib\</path>
         <kind>archive</kind>
         <file>rtsv7M4_T_le_v4SPD16_eabi.lib</file>
         <name>exit.c.obj</name>
      </input_file>
      <input_file id="fl-d0">
         <path>C:\ti\ccsv8\tools\compiler\ti-cgt-arm_18.1.4.LTS\lib\</path>
         <kind>archive</kind>
         <file>rtsv7M4_T_le_v4SPD16_eabi.lib</file>
         <name>_lock.c.obj</name>
      </input_file>
      <input_file id="fl-d1">
         <path>C:\ti\ccsv8\tools\compiler\ti-cgt-arm_18.1.4.LTS\lib\</path>
         <kind>archive</kind>
         <file>rtsv7M4_T_le_v4SPD16_eabi.lib</file>
         <name>args_main.c.obj</name>
      </input_file>
      <input_file id="fl-d2">
         <path>C:\ti\ccsv8\tools\compiler\ti-cgt-arm_18.1.4.LTS\lib\</path>
         <kind>archive</kind>
         <file>rtsv7M4_T_le_v4SPD16_eabi.lib</file>
         <name>printf.c.obj</name>
      </input_file>
      <input_file id="fl-d3">
         <path>C:\ti\ccsv8\tools\compiler\ti-cgt-arm_18.1.4.LTS\lib\</path>
         <kind>archive</kind>
         <file>rtsv7M4_T_le_v4SPD16_eabi.lib</file>
         <name>sprintf.c.obj</name>
      </input_file>
      <input_file id="fl-d4">
         <path>C:\ti\ccsv8\tools\compiler\ti-cgt-arm_18.1.4.LTS\lib\</path>
         <kind>archive</kind>
         <file>rtsv7M4_T_le_v4SPD16_eabi.lib</file>
         <name>memset_t2.asm.obj</name>
      </input_file>
      <input_file id="fl-d5">
         <path>C:\ti\ccsv8\tools\compiler\ti-cgt-arm_18.1.4.LTS\lib\</path>
         <kind>archive</kind>
         <file>rtsv7M4_T_le_v4SPD16_eabi.lib</file>
         <name>autoinit.c.obj</name>
      </input_file>
      <input_file id="fl-d6">
         <path>C:\ti\ccsv8\tools\compiler\ti-cgt-arm_18.1.4.LTS\lib\</path>
         <kind>archive</kind>
         <file>rtsv7M4_T_le_v4SPD16_eabi.lib</file>
         <name>pre_init.c.obj</name>
      </input_file>
      <input_file id="fl-d7">
         <path>C:\ti\ccsv8\tools\compiler\ti-cgt-arm_18.1.4.LTS\lib\</path>
         <kind>archive</kind>
         <file>rtsv7M4_T_le_v4SPD16_eabi.lib</file>
         <name>cpy_tbl.c.obj</name>
      </input_file>
      <input_file id="fl-d8">
         <path>C:\ti\ccsv8\tools\compiler\ti-cgt-arm_18.1.4.LTS\lib\</path>
         <kind>archive</kind>
         <file>rtsv7M4_T_le_v4SPD16_eabi.lib</file>
         <name>_printfi.c.obj</name>
      </input_file>
      <input_file id="fl-d9">
         <path>C:\ti\ccsv8\tools\compiler\ti-cgt-arm_18.1.4.LTS\lib\</path>
         <kind>archive</kind>
         <file>rtsv7M4_T_le_v4SPD16_eabi.lib</file>
         <name>atoi.c.obj</name>
      </input_file>
      <input_file id="fl-da">
         <path>C:\ti\ccsv8\tools\compiler\ti-cgt-arm_18.1.4.LTS\lib\</path>
         <kind>archive</kind>
         <file>rtsv7M4_T_le_v4SPD16_eabi.lib</file>
         <name>ctype.c.obj</name>
      </input_file>
      <input_file id="fl-db">
         <path>C:\ti\ccsv8\tools\compiler\ti-cgt-arm_18.1.4.LTS\lib\</path>
         <kind>archive</kind>
         <file>rtsv7M4_T_le_v4SPD16_eabi.lib</file>
         <name>defs.c.obj</name>
      </input_file>
      <input_file id="fl-dc">
         <path>C:\ti\ccsv8\tools\compiler\ti-cgt-arm_18.1.4.LTS\lib\</path>
         <kind>archive</kind>
         <file>rtsv7M4_T_le_v4SPD16_eabi.lib</file>
         <name>fputs.c.obj</name>
      </input_file>
      <input_file id="fl-dd">
         <path>C:\ti\ccsv8\tools\compiler\ti-cgt-arm_18.1.4.LTS\lib\</path>
         <kind>archive</kind>
         <file>rtsv7M4_T_le_v4SPD16_eabi.lib</file>
         <name>ltoa.c.obj</name>
      </input_file>
      <input_file id="fl-de">
         <path>C:\ti\ccsv8\tools\compiler\ti-cgt-arm_18.1.4.LTS\lib\</path>
         <kind>archive</kind>
         <file>rtsv7M4_T_le_v4SPD16_eabi.lib</file>
         <name>memccpy.c.obj</name>
      </input_file>
      <input_file id="fl-df">
         <path>C:\ti\ccsv8\tools\compiler\ti-cgt-arm_18.1.4.LTS\lib\</path>
         <kind>archive</kind>
         <file>rtsv7M4_T_le_v4SPD16_eabi.lib</file>
         <name>memchr.c.obj</name>
      </input_file>
      <input_file id="fl-e0">
         <path>C:\ti\ccsv8\tools\compiler\ti-cgt-arm_18.1.4.LTS\lib\</path>
         <kind>archive</kind>
         <file>rtsv7M4_T_le_v4SPD16_eabi.lib</file>
         <name>strchr.c.obj</name>
      </input_file>
      <input_file id="fl-e1">
         <path>C:\ti\ccsv8\tools\compiler\ti-cgt-arm_18.1.4.LTS\lib\</path>
         <kind>archive</kind>
         <file>rtsv7M4_T_le_v4SPD16_eabi.lib</file>
         <name>strlen.c.obj</name>
      </input_file>
      <input_file id="fl-e2">
         <path>C:\ti\ccsv8\tools\compiler\ti-cgt-arm_18.1.4.LTS\lib\</path>
         <kind>archive</kind>
         <file>rtsv7M4_T_le_v4SPD16_eabi.lib</file>
         <name>write.c.obj</name>
      </input_file>
      <input_file id="fl-e3">
         <path>C:\ti\ccsv8\tools\compiler\ti-cgt-arm_18.1.4.LTS\lib\</path>
         <kind>archive</kind>
         <file>rtsv7M4_T_le_v4SPD16_eabi.lib</file>
         <name>wcslen.c.obj</name>
      </input_file>
      <input_file id="fl-e4">
         <path>C:\ti\ccsv8\tools\compiler\ti-cgt-arm_18.1.4.LTS\lib\</path>
         <kind>archive</kind>
         <file>rtsv7M4_T_le_v4SPD16_eabi.lib</file>
         <name>s_frexp.c.obj</name>
      </input_file>
      <input_file id="fl-e5">
         <path>C:\ti\ccsv8\tools\compiler\ti-cgt-arm_18.1.4.LTS\lib\</path>
         <kind>archive</kind>
         <file>rtsv7M4_T_le_v4SPD16_eabi.lib</file>
         <name>s_scalbn.c.obj</name>
      </input_file>
      <input_file id="fl-e6">
         <path>C:\ti\ccsv8\tools\compiler\ti-cgt-arm_18.1.4.LTS\lib\</path>
         <kind>archive</kind>
         <file>rtsv7M4_T_le_v4SPD16_eabi.lib</file>
         <name>fd_add_t2.asm.obj</name>
      </input_file>
      <input_file id="fl-e7">
         <path>C:\ti\ccsv8\tools\compiler\ti-cgt-arm_18.1.4.LTS\lib\</path>
         <kind>archive</kind>
         <file>rtsv7M4_T_le_v4SPD16_eabi.lib</file>
         <name>fd_cmp_t2.asm.obj</name>
      </input_file>
      <input_file id="fl-e8">
         <path>C:\ti\ccsv8\tools\compiler\ti-cgt-arm_18.1.4.LTS\lib\</path>
         <kind>archive</kind>
         <file>rtsv7M4_T_le_v4SPD16_eabi.lib</file>
         <name>fd_div_t2.asm.obj</name>
      </input_file>
      <input_file id="fl-e9">
         <path>C:\ti\ccsv8\tools\compiler\ti-cgt-arm_18.1.4.LTS\lib\</path>
         <kind>archive</kind>
         <file>rtsv7M4_T_le_v4SPD16_eabi.lib</file>
         <name>fd_toi_t2.asm.obj</name>
      </input_file>
      <input_file id="fl-ea">
         <path>C:\ti\ccsv8\tools\compiler\ti-cgt-arm_18.1.4.LTS\lib\</path>
         <kind>archive</kind>
         <file>rtsv7M4_T_le_v4SPD16_eabi.lib</file>
         <name>i_tofd_t2.asm.obj</name>
      </input_file>
      <input_file id="fl-eb">
         <path>C:\ti\ccsv8\tools\compiler\ti-cgt-arm_18.1.4.LTS\lib\</path>
         <kind>archive</kind>
         <file>rtsv7M4_T_le_v4SPD16_eabi.lib</file>
         <name>ull_div_t2.asm.obj</name>
      </input_file>
      <input_file id="fl-ec">
         <path>C:\ti\ccsv8\tools\compiler\ti-cgt-arm_18.1.4.LTS\lib\</path>
         <kind>archive</kind>
         <file>rtsv7M4_T_le_v4SPD16_eabi.lib</file>
         <name>errno.c.obj</name>
      </input_file>
      <input_file id="fl-ed">
         <path>C:\ti\ccsv8\tools\compiler\ti-cgt-arm_18.1.4.LTS\lib\</path>
         <kind>archive</kind>
         <file>rtsv7M4_T_le_v4SPD16_eabi.lib</file>
         <name>_io_perm.c.obj</name>
      </input_file>
      <input_file id="fl-ee">
         <path>C:\ti\ccsv8\tools\compiler\ti-cgt-arm_18.1.4.LTS\lib\</path>
         <kind>archive</kind>
         <file>rtsv7M4_T_le_v4SPD16_eabi.lib</file>
         <name>fflush.c.obj</name>
      </input_file>
      <input_file id="fl-ef">
         <path>C:\ti\ccsv8\tools\compiler\ti-cgt-arm_18.1.4.LTS\lib\</path>
         <kind>archive</kind>
         <file>rtsv7M4_T_le_v4SPD16_eabi.lib</file>
         <name>fseek.c.obj</name>
      </input_file>
      <input_file id="fl-f0">
         <path>C:\ti\ccsv8\tools\compiler\ti-cgt-arm_18.1.4.LTS\lib\</path>
         <kind>archive</kind>
         <file>rtsv7M4_T_le_v4SPD16_eabi.lib</file>
         <name>lseek.c.obj</name>
      </input_file>
      <input_file id="fl-f1">
         <path>C:\ti\ccsv8\tools\compiler\ti-cgt-arm_18.1.4.LTS\lib\</path>
         <kind>archive</kind>
         <file>rtsv7M4_T_le_v4SPD16_eabi.lib</file>
         <name>setvbuf.c.obj</name>
      </input_file>
      <input_file id="fl-f2">
         <path>C:\ti\ccsv8\tools\compiler\ti-cgt-arm_18.1.4.LTS\lib\</path>
         <kind>archive</kind>
         <file>rtsv7M4_T_le_v4SPD16_eabi.lib</file>
         <name>hostclose.c.obj</name>
      </input_file>
      <input_file id="fl-f3">
         <path>C:\ti\ccsv8\tools\compiler\ti-cgt-arm_18.1.4.LTS\lib\</path>
         <kind>archive</kind>
         <file>rtsv7M4_T_le_v4SPD16_eabi.lib</file>
         <name>hostlseek.c.obj</name>
      </input_file>
      <input_file id="fl-f4">
         <path>C:\ti\ccsv8\tools\compiler\ti-cgt-arm_18.1.4.LTS\lib\</path>
         <kind>archive</kind>
         <file>rtsv7M4_T_le_v4SPD16_eabi.lib</file>
         <name>hostopen.c.obj</name>
      </input_file>
      <input_file id="fl-f5">
         <path>C:\ti\ccsv8\tools\compiler\ti-cgt-arm_18.1.4.LTS\lib\</path>
         <kind>archive</kind>
         <file>rtsv7M4_T_le_v4SPD16_eabi.lib</file>
         <name>hostread.c.obj</name>
      </input_file>
      <input_file id="fl-f6">
         <path>C:\ti\ccsv8\tools\compiler\ti-cgt-arm_18.1.4.LTS\lib\</path>
         <kind>archive</kind>
         <file>rtsv7M4_T_le_v4SPD16_eabi.lib</file>
         <name>hostrename.c.obj</name>
      </input_file>
      <input_file id="fl-f7">
         <path>C:\ti\ccsv8\tools\compiler\ti-cgt-arm_18.1.4.LTS\lib\</path>
         <kind>archive</kind>
         <file>rtsv7M4_T_le_v4SPD16_eabi.lib</file>
         <name>hostunlink.c.obj</name>
      </input_file>
      <input_file id="fl-f8">
         <path>C:\ti\ccsv8\tools\compiler\ti-cgt-arm_18.1.4.LTS\lib\</path>
         <kind>archive</kind>
         <file>rtsv7M4_T_le_v4SPD16_eabi.lib</file>
         <name>hostwrite.c.obj</name>
      </input_file>
      <input_file id="fl-f9">
         <path>C:\ti\ccsv8\tools\compiler\ti-cgt-arm_18.1.4.LTS\lib\</path>
         <kind>archive</kind>
         <file>rtsv7M4_T_le_v4SPD16_eabi.lib</file>
         <name>trgmsg.c.obj</name>
      </input_file>
      <input_file id="fl-fa">
         <path>C:\ti\ccsv8\tools\compiler\ti-cgt-arm_18.1.4.LTS\lib\</path>
         <kind>archive</kind>
         <file>rtsv7M4_T_le_v4SPD16_eabi.lib</file>
         <name>s_copysign.c.obj</name>
      </input_file>
      <input_file id="fl-fb">
         <path>C:\ti\ccsv8\tools\compiler\ti-cgt-arm_18.1.4.LTS\lib\</path>
         <kind>archive</kind>
         <file>rtsv7M4_T_le_v4SPD16_eabi.lib</file>
         <name>div0.asm.obj</name>
      </input_file>
      <input_file id="fl-fc">
         <path>C:\ti\ccsv8\tools\compiler\ti-cgt-arm_18.1.4.LTS\lib\</path>
         <kind>archive</kind>
         <file>rtsv7M4_T_le_v4SPD16_eabi.lib</file>
         <name>memory.c.obj</name>
      </input_file>
      <input_file id="fl-fd">
         <path>C:\ti\ccsv8\tools\compiler\ti-cgt-arm_18.1.4.LTS\lib\</path>
         <kind>archive</kind>
         <file>rtsv7M4_T_le_v4SPD16_eabi.lib</file>
         <name>fopen.c.obj</name>
      </input_file>
      <input_file id="fl-fe">
         <path>C:\ti\ccsv8\tools\compiler\ti-cgt-arm_18.1.4.LTS\lib\</path>
         <kind>archive</kind>
         <file>rtsv7M4_T_le_v4SPD16_eabi.lib</file>
         <name>open.c.obj</name>
      </input_file>
      <input_file id="fl-ff">
         <path>C:\ti\ccsv8\tools\compiler\ti-cgt-arm_18.1.4.LTS\lib\</path>
         <kind>archive</kind>
         <file>rtsv7M4_T_le_v4SPD16_eabi.lib</file>
         <name>strcpy.c.obj</name>
      </input_file>
      <input_file id="fl-100">
         <path>C:\ti\ccsv8\tools\compiler\ti-cgt-arm_18.1.4.LTS\lib\</path>
         <kind>archive</kind>
         <file>rtsv7M4_T_le_v4SPD16_eabi.lib</file>
         <name>fclose.c.obj</name>
      </input_file>
      <input_file id="fl-101">
         <path>C:\ti\ccsv8\tools\compiler\ti-cgt-arm_18.1.4.LTS\lib\</path>
         <kind>archive</kind>
         <file>rtsv7M4_T_le_v4SPD16_eabi.lib</file>
         <name>getdevice.c.obj</name>
      </input_file>
      <input_file id="fl-102">
         <path>C:\ti\ccsv8\tools\compiler\ti-cgt-arm_18.1.4.LTS\lib\</path>
         <kind>archive</kind>
         <file>rtsv7M4_T_le_v4SPD16_eabi.lib</file>
         <name>remove.c.obj</name>
      </input_file>
      <input_file id="fl-103">
         <path>C:\ti\ccsv8\tools\compiler\ti-cgt-arm_18.1.4.LTS\lib\</path>
         <kind>archive</kind>
         <file>rtsv7M4_T_le_v4SPD16_eabi.lib</file>
         <name>strcmp.c.obj</name>
      </input_file>
      <input_file id="fl-104">
         <path>C:\ti\ccsv8\tools\compiler\ti-cgt-arm_18.1.4.LTS\lib\</path>
         <kind>archive</kind>
         <file>rtsv7M4_T_le_v4SPD16_eabi.lib</file>
         <name>strncpy.c.obj</name>
      </input_file>
      <input_file id="fl-105">
         <path>C:\ti\ccsv8\tools\compiler\ti-cgt-arm_18.1.4.LTS\lib\</path>
         <kind>archive</kind>
         <file>rtsv7M4_T_le_v4SPD16_eabi.lib</file>
         <name>unlink.c.obj</name>
      </input_file>
      <input_file id="fl-106">
         <path>C:\ti\ccsv8\tools\compiler\ti-cgt-arm_18.1.4.LTS\lib\</path>
         <kind>archive</kind>
         <file>rtsv7M4_T_le_v4SPD16_eabi.lib</file>
         <name>close.c.obj</name>
      </input_file>
   </input_file_list>
   <object_component_list>
      <object_component id="oc-1f">
         <name>.intvecs:retain</name>
         <load_address>0x0</load_address>
         <run_address>0x0</run_address>
         <size>0xe4</size>
         <input_file_ref idref="fl-7"/>
      </object_component>
      <object_component id="oc-69">
         <name>.text</name>
         <load_address>0x9a2c</load_address>
         <run_address>0x9a2c</run_address>
         <size>0x4710</size>
         <input_file_ref idref="fl-6"/>
      </object_component>
      <object_component id="oc-b8">
         <name>.text</name>
         <load_address>0xe13c</load_address>
         <run_address>0xe13c</run_address>
         <size>0x139c</size>
         <input_file_ref idref="fl-4"/>
      </object_component>
      <object_component id="oc-276">
         <name>.text:__TI_printfi</name>
         <load_address>0xf4d8</load_address>
         <run_address>0xf4d8</run_address>
         <size>0xa5e</size>
         <input_file_ref idref="fl-d8"/>
      </object_component>
      <object_component id="oc-350">
         <name>.text:_nop</name>
         <load_address>0xff36</load_address>
         <run_address>0xff36</run_address>
         <size>0x2</size>
         <input_file_ref idref="fl-d0"/>
      </object_component>
      <object_component id="oc-b1">
         <name>.text</name>
         <load_address>0xff38</load_address>
         <run_address>0xff38</run_address>
         <size>0x328</size>
         <input_file_ref idref="fl-8"/>
      </object_component>
      <object_component id="oc-6f">
         <name>.text</name>
         <load_address>0x10260</load_address>
         <run_address>0x10260</run_address>
         <size>0x2e8</size>
         <input_file_ref idref="fl-5"/>
      </object_component>
      <object_component id="oc-75">
         <name>.text</name>
         <load_address>0x10548</load_address>
         <run_address>0x10548</run_address>
         <size>0x274</size>
         <input_file_ref idref="fl-3"/>
      </object_component>
      <object_component id="oc-32c">
         <name>.text:_pconv_a</name>
         <load_address>0x107bc</load_address>
         <run_address>0x107bc</run_address>
         <size>0x270</size>
         <input_file_ref idref="fl-d8"/>
      </object_component>
      <object_component id="oc-31a">
         <name>.text:_pconv_g</name>
         <load_address>0x10a2c</load_address>
         <run_address>0x10a2c</run_address>
         <size>0x1d0</size>
         <input_file_ref idref="fl-d8"/>
      </object_component>
      <object_component id="oc-3d5">
         <name>.text</name>
         <load_address>0x10bfc</load_address>
         <run_address>0x10bfc</run_address>
         <size>0x1b6</size>
         <input_file_ref idref="fl-e6"/>
      </object_component>
      <object_component id="oc-45e">
         <name>.text</name>
         <load_address>0x10db2</load_address>
         <run_address>0x10db2</run_address>
         <size>0x2</size>
         <input_file_ref idref="fl-fb"/>
      </object_component>
      <object_component id="oc-326">
         <name>.text:_pconv_e</name>
         <load_address>0x10db4</load_address>
         <run_address>0x10db4</run_address>
         <size>0x13c</size>
         <input_file_ref idref="fl-d8"/>
      </object_component>
      <object_component id="oc-3bb">
         <name>.text</name>
         <load_address>0x10ef0</load_address>
         <run_address>0x10ef0</run_address>
         <size>0x136</size>
         <input_file_ref idref="fl-e8"/>
      </object_component>
      <object_component id="oc-3e7">
         <name>.text:fcvt</name>
         <load_address>0x11028</load_address>
         <run_address>0x11028</run_address>
         <size>0x124</size>
         <input_file_ref idref="fl-d8"/>
      </object_component>
      <object_component id="oc-35e">
         <name>.text:fputs</name>
         <load_address>0x1114c</load_address>
         <run_address>0x1114c</run_address>
         <size>0x114</size>
         <input_file_ref idref="fl-dc"/>
      </object_component>
      <object_component id="oc-3fb">
         <name>.text:scalbn</name>
         <load_address>0x11260</load_address>
         <run_address>0x11260</run_address>
         <size>0x110</size>
         <input_file_ref idref="fl-e5"/>
      </object_component>
      <object_component id="oc-177">
         <name>.text</name>
         <load_address>0x11370</load_address>
         <run_address>0x11370</run_address>
         <size>0xfc</size>
         <input_file_ref idref="fl-c7"/>
      </object_component>
      <object_component id="oc-498">
         <name>.text:setvbuf</name>
         <load_address>0x1146c</load_address>
         <run_address>0x1146c</run_address>
         <size>0xdc</size>
         <input_file_ref idref="fl-f1"/>
      </object_component>
      <object_component id="oc-4c6">
         <name>.text:free</name>
         <load_address>0x11548</load_address>
         <run_address>0x11548</run_address>
         <size>0xd8</size>
         <input_file_ref idref="fl-fc"/>
      </object_component>
      <object_component id="oc-30f">
         <name>.text:_ltostr</name>
         <load_address>0x11620</load_address>
         <run_address>0x11620</run_address>
         <size>0xb1</size>
         <input_file_ref idref="fl-d8"/>
      </object_component>
      <object_component id="oc-2ad">
         <name>.text:CS_startHFXTWithTimeout</name>
         <load_address>0x116d4</load_address>
         <run_address>0x116d4</run_address>
         <size>0x9c</size>
         <input_file_ref idref="fl-e"/>
      </object_component>
      <object_component id="oc-33">
         <name>.text</name>
         <load_address>0x11770</load_address>
         <run_address>0x11770</run_address>
         <size>0x9c</size>
         <input_file_ref idref="fl-ca"/>
      </object_component>
      <object_component id="oc-3b4">
         <name>.text</name>
         <load_address>0x1180c</load_address>
         <run_address>0x1180c</run_address>
         <size>0x96</size>
         <input_file_ref idref="fl-eb"/>
      </object_component>
      <object_component id="oc-315">
         <name>.text:__aeabi_cdcmple</name>
         <load_address>0x118a2</load_address>
         <run_address>0x118a2</run_address>
         <size>0x86</size>
         <input_file_ref idref="fl-e7"/>
      </object_component>
      <object_component id="oc-3c0">
         <name>.text:__aeabi_cdrcmple</name>
         <load_address>0x11928</load_address>
         <run_address>0x11928</run_address>
         <size>0x86</size>
         <input_file_ref idref="fl-e7"/>
      </object_component>
      <object_component id="oc-99">
         <name>.text</name>
         <load_address>0x119ae</load_address>
         <run_address>0x119ae</run_address>
         <size>0x7a</size>
         <input_file_ref idref="fl-d4"/>
      </object_component>
      <object_component id="oc-4cc">
         <name>.text:malloc</name>
         <load_address>0x11a28</load_address>
         <run_address>0x11a28</run_address>
         <size>0x78</size>
         <input_file_ref idref="fl-fc"/>
      </object_component>
      <object_component id="oc-511">
         <name>.text:__TI_closefile</name>
         <load_address>0x11aa0</load_address>
         <run_address>0x11aa0</run_address>
         <size>0x74</size>
         <input_file_ref idref="fl-100"/>
      </object_component>
      <object_component id="oc-389">
         <name>.text:_CSGetHFXTFrequency</name>
         <load_address>0x11b14</load_address>
         <run_address>0x11b14</run_address>
         <size>0x70</size>
         <input_file_ref idref="fl-e"/>
      </object_component>
      <object_component id="oc-3e0">
         <name>.text:_mcpy</name>
         <load_address>0x11b84</load_address>
         <run_address>0x11b84</run_address>
         <size>0x6e</size>
         <input_file_ref idref="fl-d8"/>
      </object_component>
      <object_component id="oc-17c">
         <name>.text</name>
         <load_address>0x11bf2</load_address>
         <run_address>0x11bf2</run_address>
         <size>0x6e</size>
         <input_file_ref idref="fl-c8"/>
      </object_component>
      <object_component id="oc-535">
         <name>.text:HOSTlseek</name>
         <load_address>0x11c60</load_address>
         <run_address>0x11c60</run_address>
         <size>0x68</size>
         <input_file_ref idref="fl-f3"/>
      </object_component>
      <object_component id="oc-541">
         <name>.text:HOSTrename</name>
         <load_address>0x11cc8</load_address>
         <run_address>0x11cc8</run_address>
         <size>0x68</size>
         <input_file_ref idref="fl-f6"/>
      </object_component>
      <object_component id="oc-10">
         <name>.text:decompress:lzss:__TI_decompress_lzss</name>
         <load_address>0x11d30</load_address>
         <run_address>0x11d30</run_address>
         <size>0x68</size>
         <input_file_ref idref="fl-cd"/>
      </object_component>
      <object_component id="oc-141">
         <name>.text:printf</name>
         <load_address>0x11d98</load_address>
         <run_address>0x11d98</run_address>
         <size>0x68</size>
         <input_file_ref idref="fl-d2"/>
      </object_component>
      <object_component id="oc-3f5">
         <name>.text:frexp</name>
         <load_address>0x11e00</load_address>
         <run_address>0x11e00</run_address>
         <size>0x64</size>
         <input_file_ref idref="fl-e4"/>
      </object_component>
      <object_component id="oc-492">
         <name>.text:fseek</name>
         <load_address>0x11e64</load_address>
         <run_address>0x11e64</run_address>
         <size>0x64</size>
         <input_file_ref idref="fl-ef"/>
      </object_component>
      <object_component id="oc-42c">
         <name>.text:__TI_wrt_ok</name>
         <load_address>0x11ec8</load_address>
         <run_address>0x11ec8</run_address>
         <size>0x62</size>
         <input_file_ref idref="fl-ed"/>
      </object_component>
      <object_component id="oc-51d">
         <name>.text:HOSTopen</name>
         <load_address>0x11f2c</load_address>
         <run_address>0x11f2c</run_address>
         <size>0x60</size>
         <input_file_ref idref="fl-f4"/>
      </object_component>
      <object_component id="oc-550">
         <name>.text:close</name>
         <load_address>0x11f8c</load_address>
         <run_address>0x11f8c</run_address>
         <size>0x5c</size>
         <input_file_ref idref="fl-106"/>
      </object_component>
      <object_component id="oc-529">
         <name>.text:HOSTread</name>
         <load_address>0x11fe8</load_address>
         <run_address>0x11fe8</run_address>
         <size>0x58</size>
         <input_file_ref idref="fl-f5"/>
      </object_component>
      <object_component id="oc-52f">
         <name>.text:HOSTwrite</name>
         <load_address>0x12040</load_address>
         <run_address>0x12040</run_address>
         <size>0x58</size>
         <input_file_ref idref="fl-f8"/>
      </object_component>
      <object_component id="oc-320">
         <name>.text:_pconv_f</name>
         <load_address>0x12098</load_address>
         <run_address>0x12098</run_address>
         <size>0x56</size>
         <input_file_ref idref="fl-d8"/>
      </object_component>
      <object_component id="oc-3ca">
         <name>.text:ltoa</name>
         <load_address>0x120ee</load_address>
         <run_address>0x120ee</run_address>
         <size>0x54</size>
         <input_file_ref idref="fl-dd"/>
      </object_component>
      <object_component id="oc-3da">
         <name>.text:_ecpy</name>
         <load_address>0x12142</load_address>
         <run_address>0x12142</run_address>
         <size>0x52</size>
         <input_file_ref idref="fl-d8"/>
      </object_component>
      <object_component id="oc-438">
         <name>.text:__TI_doflush</name>
         <load_address>0x12194</load_address>
         <run_address>0x12194</run_address>
         <size>0x4c</size>
         <input_file_ref idref="fl-ee"/>
      </object_component>
      <object_component id="oc-309">
         <name>.text:atoi</name>
         <load_address>0x121e0</load_address>
         <run_address>0x121e0</run_address>
         <size>0x4c</size>
         <input_file_ref idref="fl-d9"/>
      </object_component>
      <object_component id="oc-1b3">
         <name>.text:exit</name>
         <load_address>0x1222c</load_address>
         <run_address>0x1222c</run_address>
         <size>0x48</size>
         <input_file_ref idref="fl-cf"/>
      </object_component>
      <object_component id="oc-3c5">
         <name>.text</name>
         <load_address>0x12274</load_address>
         <run_address>0x12274</run_address>
         <size>0x48</size>
         <input_file_ref idref="fl-e9"/>
      </object_component>
      <object_component id="oc-523">
         <name>.text:HOSTclose</name>
         <load_address>0x122bc</load_address>
         <run_address>0x122bc</run_address>
         <size>0x44</size>
         <input_file_ref idref="fl-f2"/>
      </object_component>
      <object_component id="oc-53b">
         <name>.text:HOSTunlink</name>
         <load_address>0x12300</load_address>
         <run_address>0x12300</run_address>
         <size>0x44</size>
         <input_file_ref idref="fl-f7"/>
      </object_component>
      <object_component id="oc-1b9">
         <name>.text:__TI_auto_init_nobinit_nopinit:__TI_auto_init_nobinit_nopinit</name>
         <load_address>0x12344</load_address>
         <run_address>0x12344</run_address>
         <size>0x44</size>
         <input_file_ref idref="fl-d5"/>
      </object_component>
      <object_component id="oc-585">
         <name>.text:getdevice</name>
         <load_address>0x12388</load_address>
         <run_address>0x12388</run_address>
         <size>0x44</size>
         <input_file_ref idref="fl-101"/>
      </object_component>
      <object_component id="oc-147">
         <name>.text:sprintf</name>
         <load_address>0x123cc</load_address>
         <run_address>0x123cc</run_address>
         <size>0x40</size>
         <input_file_ref idref="fl-d3"/>
      </object_component>
      <object_component id="oc-3ed">
         <name>.text:_fcpy</name>
         <load_address>0x1240c</load_address>
         <run_address>0x1240c</run_address>
         <size>0x3e</size>
         <input_file_ref idref="fl-d8"/>
      </object_component>
      <object_component id="oc-506">
         <name>.text:minsert</name>
         <load_address>0x1244c</load_address>
         <run_address>0x1244c</run_address>
         <size>0x3c</size>
         <input_file_ref idref="fl-fc"/>
      </object_component>
      <object_component id="oc-561">
         <name>.text:__TI_writemsg</name>
         <load_address>0x12488</load_address>
         <run_address>0x12488</run_address>
         <size>0x38</size>
         <input_file_ref idref="fl-f9"/>
      </object_component>
      <object_component id="oc-51">
         <name>.text:_c_int00_noargs:_c_int00_noargs</name>
         <load_address>0x124c0</load_address>
         <run_address>0x124c0</run_address>
         <size>0x38</size>
         <input_file_ref idref="fl-ce"/>
      </object_component>
      <object_component id="oc-4fa">
         <name>.text:minit</name>
         <load_address>0x124f8</load_address>
         <run_address>0x124f8</run_address>
         <size>0x38</size>
         <input_file_ref idref="fl-fc"/>
      </object_component>
      <object_component id="oc-172">
         <name>.text</name>
         <load_address>0x12530</load_address>
         <run_address>0x12530</run_address>
         <size>0x38</size>
         <input_file_ref idref="fl-c9"/>
      </object_component>
      <object_component id="oc-5a7">
         <name>.text:strncpy</name>
         <load_address>0x12568</load_address>
         <run_address>0x12568</run_address>
         <size>0x36</size>
         <input_file_ref idref="fl-104"/>
      </object_component>
      <object_component id="oc-4d2">
         <name>.text:__TI_cleanup</name>
         <load_address>0x125a0</load_address>
         <run_address>0x125a0</run_address>
         <size>0x34</size>
         <input_file_ref idref="fl-fd"/>
      </object_component>
      <object_component id="oc-567">
         <name>.text:__TI_readmsg</name>
         <load_address>0x125d4</load_address>
         <run_address>0x125d4</run_address>
         <size>0x34</size>
         <input_file_ref idref="fl-f9"/>
      </object_component>
      <object_component id="oc-5ad">
         <name>.text:finddevice</name>
         <load_address>0x12608</load_address>
         <run_address>0x12608</run_address>
         <size>0x30</size>
         <input_file_ref idref="fl-101"/>
      </object_component>
      <object_component id="oc-3d0">
         <name>.text</name>
         <load_address>0x12638</load_address>
         <run_address>0x12638</run_address>
         <size>0x2e</size>
         <input_file_ref idref="fl-ea"/>
      </object_component>
      <object_component id="oc-556">
         <name>.text:unlink</name>
         <load_address>0x12668</load_address>
         <run_address>0x12668</run_address>
         <size>0x2c</size>
         <input_file_ref idref="fl-105"/>
      </object_component>
      <object_component id="oc-4be">
         <name>.text:lseek</name>
         <load_address>0x12694</load_address>
         <run_address>0x12694</run_address>
         <size>0x28</size>
         <input_file_ref idref="fl-f0"/>
      </object_component>
      <object_component id="oc-500">
         <name>.text:mremove</name>
         <load_address>0x126bc</load_address>
         <run_address>0x126bc</run_address>
         <size>0x28</size>
         <input_file_ref idref="fl-fc"/>
      </object_component>
      <object_component id="oc-43e">
         <name>.text:write</name>
         <load_address>0x126e4</load_address>
         <run_address>0x126e4</run_address>
         <size>0x28</size>
         <input_file_ref idref="fl-e2"/>
      </object_component>
      <object_component id="oc-432">
         <name>.text:memchr</name>
         <load_address>0x1270c</load_address>
         <run_address>0x1270c</run_address>
         <size>0x20</size>
         <input_file_ref idref="fl-df"/>
      </object_component>
      <object_component id="oc-332">
         <name>.text:memccpy</name>
         <load_address>0x1272c</load_address>
         <run_address>0x1272c</run_address>
         <size>0x1c</size>
         <input_file_ref idref="fl-de"/>
      </object_component>
      <object_component id="oc-295">
         <name>.text:_outs</name>
         <load_address>0x12748</load_address>
         <run_address>0x12748</run_address>
         <size>0x18</size>
         <input_file_ref idref="fl-d3"/>
      </object_component>
      <object_component id="oc-5c4">
         <name>.text:strcmp</name>
         <load_address>0x12760</load_address>
         <run_address>0x12760</run_address>
         <size>0x18</size>
         <input_file_ref idref="fl-103"/>
      </object_component>
      <object_component id="oc-401">
         <name>.text:strchr</name>
         <load_address>0x12778</load_address>
         <run_address>0x12778</run_address>
         <size>0x16</size>
         <input_file_ref idref="fl-e0"/>
      </object_component>
      <object_component id="oc-14d">
         <name>.text:CS_setExternalClockSourceFrequency</name>
         <load_address>0x12790</load_address>
         <run_address>0x12790</run_address>
         <size>0x14</size>
         <input_file_ref idref="fl-e"/>
      </object_component>
      <object_component id="oc-476">
         <name>.text:copysign</name>
         <load_address>0x127a4</load_address>
         <run_address>0x127a4</run_address>
         <size>0x14</size>
         <input_file_ref idref="fl-fa"/>
      </object_component>
      <object_component id="oc-57b">
         <name>.text:strcpy</name>
         <load_address>0x127b8</load_address>
         <run_address>0x127b8</run_address>
         <size>0x14</size>
         <input_file_ref idref="fl-ff"/>
      </object_component>
      <object_component id="oc-303">
         <name>.text:strlen</name>
         <load_address>0x127cc</load_address>
         <run_address>0x127cc</run_address>
         <size>0x14</size>
         <input_file_ref idref="fl-e1"/>
      </object_component>
      <object_component id="oc-3f">
         <name>.text:decompress:ZI:__TI_zero_init_nomemset:__TI_zero_init_nomemset</name>
         <load_address>0x127e0</load_address>
         <run_address>0x127e0</run_address>
         <size>0x12</size>
         <input_file_ref idref="fl-cb"/>
      </object_component>
      <object_component id="oc-338">
         <name>.text:wcslen</name>
         <load_address>0x127f2</load_address>
         <run_address>0x127f2</run_address>
         <size>0x12</size>
         <input_file_ref idref="fl-e3"/>
      </object_component>
      <object_component id="oc-383">
         <name>.text:SysCtl_disableNMISource</name>
         <load_address>0x12804</load_address>
         <run_address>0x12804</run_address>
         <size>0x10</size>
         <input_file_ref idref="fl-10"/>
      </object_component>
      <object_component id="oc-38f">
         <name>.text:SysCtl_enableNMISource</name>
         <load_address>0x12814</load_address>
         <run_address>0x12814</run_address>
         <size>0x10</size>
         <input_file_ref idref="fl-10"/>
      </object_component>
      <object_component id="oc-16">
         <name>.text:decompress:none:__TI_decompress_none</name>
         <load_address>0x12824</load_address>
         <run_address>0x12824</run_address>
         <size>0xe</size>
         <input_file_ref idref="fl-cc"/>
      </object_component>
      <object_component id="oc-63">
         <name>.text</name>
         <load_address>0x12832</load_address>
         <run_address>0x12832</run_address>
         <size>0xe</size>
         <input_file_ref idref="fl-7"/>
      </object_component>
      <object_component id="oc-37d">
         <name>.text:SysCtl_getNMISourceStatus</name>
         <load_address>0x12840</load_address>
         <run_address>0x12840</run_address>
         <size>0xc</size>
         <input_file_ref idref="fl-10"/>
      </object_component>
      <object_component id="oc-29b">
         <name>.text:_outc</name>
         <load_address>0x1284c</load_address>
         <run_address>0x1284c</run_address>
         <size>0xa</size>
         <input_file_ref idref="fl-d3"/>
      </object_component>
      <object_component id="oc-33e">
         <name>.text:__aeabi_errno_addr</name>
         <load_address>0x12858</load_address>
         <run_address>0x12858</run_address>
         <size>0x8</size>
         <input_file_ref idref="fl-ec"/>
      </object_component>
      <object_component id="oc-153">
         <name>.text:CS_startHFXT</name>
         <load_address>0x12860</load_address>
         <run_address>0x12860</run_address>
         <size>0x6</size>
         <input_file_ref idref="fl-e"/>
      </object_component>
      <object_component id="oc-288">
         <name>.text:_outc</name>
         <load_address>0x12866</load_address>
         <run_address>0x12866</run_address>
         <size>0x4</size>
         <input_file_ref idref="fl-d2"/>
      </object_component>
      <object_component id="oc-282">
         <name>.text:_outs</name>
         <load_address>0x1286a</load_address>
         <run_address>0x1286a</run_address>
         <size>0x4</size>
         <input_file_ref idref="fl-d2"/>
      </object_component>
      <object_component id="oc-9f">
         <name>.text:_system_pre_init</name>
         <load_address>0x1286e</load_address>
         <run_address>0x1286e</run_address>
         <size>0x4</size>
         <input_file_ref idref="fl-d6"/>
      </object_component>
      <object_component id="oc-1ad">
         <name>.text:abort:abort</name>
         <load_address>0x12872</load_address>
         <run_address>0x12872</run_address>
         <size>0x4</size>
         <input_file_ref idref="fl-cf"/>
      </object_component>
      <object_component id="oc-c1">
         <name>.const:TeslaLogo</name>
         <load_address>0xe4</load_address>
         <run_address>0xe4</run_address>
         <size>0x8f00</size>
         <input_file_ref idref="fl-6"/>
      </object_component>
      <object_component id="oc-204">
         <name>.const:.string:Font</name>
         <load_address>0x8fe4</load_address>
         <run_address>0x8fe4</run_address>
         <size>0x4fb</size>
         <input_file_ref idref="fl-4"/>
      </object_component>
      <object_component id="oc-20f">
         <name>.const:.string:dBfs</name>
         <load_address>0x94df</load_address>
         <run_address>0x94df</run_address>
         <size>0x200</size>
         <input_file_ref idref="fl-4"/>
      </object_component>
      <object_component id="oc-3af">
         <name>.const:.string:_ctypes_</name>
         <load_address>0x96df</load_address>
         <run_address>0x96df</run_address>
         <size>0x101</size>
         <input_file_ref idref="fl-da"/>
      </object_component>
      <object_component id="oc-1f2">
         <name>.const:.string:Bcmd</name>
         <load_address>0x97e0</load_address>
         <run_address>0x97e0</run_address>
         <size>0x67</size>
         <input_file_ref idref="fl-4"/>
      </object_component>
      <object_component id="oc-f5">
         <name>.const:$P$T13$14</name>
         <load_address>0x9847</load_address>
         <run_address>0x9847</run_address>
         <size>0x46</size>
         <input_file_ref idref="fl-6"/>
      </object_component>
      <object_component id="oc-1f8">
         <name>.const:.string:Rcmd1</name>
         <load_address>0x988d</load_address>
         <run_address>0x988d</run_address>
         <size>0x3b</size>
         <input_file_ref idref="fl-4"/>
      </object_component>
      <object_component id="oc-201">
         <name>.const:.string:Rcmd3</name>
         <load_address>0x98c8</load_address>
         <run_address>0x98c8</run_address>
         <size>0x2b</size>
         <input_file_ref idref="fl-4"/>
      </object_component>
      <object_component id="oc-1fb">
         <name>.const:.string:Rcmd2green</name>
         <load_address>0x98f3</load_address>
         <run_address>0x98f3</run_address>
         <size>0xd</size>
         <input_file_ref idref="fl-4"/>
      </object_component>
      <object_component id="oc-1fe">
         <name>.const:.string:Rcmd2red</name>
         <load_address>0x9900</load_address>
         <run_address>0x9900</run_address>
         <size>0xd</size>
         <input_file_ref idref="fl-4"/>
      </object_component>
      <object_component id="oc-104">
         <name>.const:.string:$P$T18$19</name>
         <load_address>0x990d</load_address>
         <run_address>0x990d</run_address>
         <size>0xc</size>
         <input_file_ref idref="fl-6"/>
      </object_component>
      <object_component id="oc-11c">
         <name>.const:.string:$P$T26$27</name>
         <load_address>0x9919</load_address>
         <run_address>0x9919</run_address>
         <size>0xc</size>
         <input_file_ref idref="fl-6"/>
      </object_component>
      <object_component id="oc-137">
         <name>.const:.string:$P$T35$36</name>
         <load_address>0x9925</load_address>
         <run_address>0x9925</run_address>
         <size>0xc</size>
         <input_file_ref idref="fl-6"/>
      </object_component>
      <object_component id="oc-d9">
         <name>.const:.string:$P$T4$5</name>
         <load_address>0x9931</load_address>
         <run_address>0x9931</run_address>
         <size>0xc</size>
         <input_file_ref idref="fl-6"/>
      </object_component>
      <object_component id="oc-e5">
         <name>.const:.string:$P$T8$9</name>
         <load_address>0x993d</load_address>
         <run_address>0x993d</run_address>
         <size>0xc</size>
         <input_file_ref idref="fl-6"/>
      </object_component>
      <object_component id="oc-ef">
         <name>.const:.string:$P$T11$12</name>
         <load_address>0x9949</load_address>
         <run_address>0x9949</run_address>
         <size>0x9</size>
         <input_file_ref idref="fl-6"/>
      </object_component>
      <object_component id="oc-f8">
         <name>.const:.string:$P$T14$15</name>
         <load_address>0x9952</load_address>
         <run_address>0x9952</run_address>
         <size>0x9</size>
         <input_file_ref idref="fl-6"/>
      </object_component>
      <object_component id="oc-fb">
         <name>.const:.string:$P$T15$16</name>
         <load_address>0x995b</load_address>
         <run_address>0x995b</run_address>
         <size>0x9</size>
         <input_file_ref idref="fl-6"/>
      </object_component>
      <object_component id="oc-fe">
         <name>.const:.string:$P$T16$17</name>
         <load_address>0x9964</load_address>
         <run_address>0x9964</run_address>
         <size>0x9</size>
         <input_file_ref idref="fl-6"/>
      </object_component>
      <object_component id="oc-101">
         <name>.const:.string:$P$T17$18</name>
         <load_address>0x996d</load_address>
         <run_address>0x996d</run_address>
         <size>0x9</size>
         <input_file_ref idref="fl-6"/>
      </object_component>
      <object_component id="oc-107">
         <name>.const:.string:$P$T19$20</name>
         <load_address>0x9976</load_address>
         <run_address>0x9976</run_address>
         <size>0x9</size>
         <input_file_ref idref="fl-6"/>
      </object_component>
      <object_component id="oc-113">
         <name>.const:.string:$P$T23$24</name>
         <load_address>0x997f</load_address>
         <run_address>0x997f</run_address>
         <size>0x9</size>
         <input_file_ref idref="fl-6"/>
      </object_component>
      <object_component id="oc-116">
         <name>.const:.string:$P$T24$25</name>
         <load_address>0x9988</load_address>
         <run_address>0x9988</run_address>
         <size>0x9</size>
         <input_file_ref idref="fl-6"/>
      </object_component>
      <object_component id="oc-119">
         <name>.const:.string:$P$T25$26</name>
         <load_address>0x9991</load_address>
         <run_address>0x9991</run_address>
         <size>0x9</size>
         <input_file_ref idref="fl-6"/>
      </object_component>
      <object_component id="oc-11f">
         <name>.const:.string:$P$T27$28</name>
         <load_address>0x999a</load_address>
         <run_address>0x999a</run_address>
         <size>0x9</size>
         <input_file_ref idref="fl-6"/>
      </object_component>
      <object_component id="oc-dc">
         <name>.const:.string:$P$T5$6</name>
         <load_address>0x99a3</load_address>
         <run_address>0x99a3</run_address>
         <size>0x9</size>
         <input_file_ref idref="fl-6"/>
      </object_component>
      <object_component id="oc-df">
         <name>.const:.string:$P$T6$7</name>
         <load_address>0x99ac</load_address>
         <run_address>0x99ac</run_address>
         <size>0x9</size>
         <input_file_ref idref="fl-6"/>
      </object_component>
      <object_component id="oc-e2">
         <name>.const:.string:$P$T7$8</name>
         <load_address>0x99b5</load_address>
         <run_address>0x99b5</run_address>
         <size>0x9</size>
         <input_file_ref idref="fl-6"/>
      </object_component>
      <object_component id="oc-e8">
         <name>.const:.string:$P$T9$10</name>
         <load_address>0x99be</load_address>
         <run_address>0x99be</run_address>
         <size>0x9</size>
         <input_file_ref idref="fl-6"/>
      </object_component>
      <object_component id="oc-10a">
         <name>.const:.string:$P$T20$21</name>
         <load_address>0x99c7</load_address>
         <run_address>0x99c7</run_address>
         <size>0x8</size>
         <input_file_ref idref="fl-6"/>
      </object_component>
      <object_component id="oc-10d">
         <name>.const:.string:$P$T21$22</name>
         <load_address>0x99cf</load_address>
         <run_address>0x99cf</run_address>
         <size>0x8</size>
         <input_file_ref idref="fl-6"/>
      </object_component>
      <object_component id="oc-125">
         <name>.const:.string:$P$T29$30</name>
         <load_address>0x99d7</load_address>
         <run_address>0x99d7</run_address>
         <size>0x8</size>
         <input_file_ref idref="fl-6"/>
      </object_component>
      <object_component id="oc-d6">
         <name>.const:.string:$P$T3$4</name>
         <load_address>0x99df</load_address>
         <run_address>0x99df</run_address>
         <size>0x8</size>
         <input_file_ref idref="fl-6"/>
      </object_component>
      <object_component id="oc-134">
         <name>.const:.string:$P$T34$35</name>
         <load_address>0x99e7</load_address>
         <run_address>0x99e7</run_address>
         <size>0x8</size>
         <input_file_ref idref="fl-6"/>
      </object_component>
      <object_component id="oc-d0">
         <name>.const:.string:$P$T1$2</name>
         <load_address>0x99ef</load_address>
         <run_address>0x99ef</run_address>
         <size>0x7</size>
         <input_file_ref idref="fl-6"/>
      </object_component>
      <object_component id="oc-12e">
         <name>.const:.string:$P$T32$33</name>
         <load_address>0x99f6</load_address>
         <run_address>0x99f6</run_address>
         <size>0x7</size>
         <input_file_ref idref="fl-6"/>
      </object_component>
      <object_component id="oc-f2">
         <name>.const:$P$T12$13</name>
         <load_address>0x99fd</load_address>
         <run_address>0x99fd</run_address>
         <size>0x6</size>
         <input_file_ref idref="fl-6"/>
      </object_component>
      <object_component id="oc-128">
         <name>.const:.string:$P$T30$31</name>
         <load_address>0x9a03</load_address>
         <run_address>0x9a03</run_address>
         <size>0x6</size>
         <input_file_ref idref="fl-6"/>
      </object_component>
      <object_component id="oc-cd">
         <name>.const:.string:$P$T0$1</name>
         <load_address>0x9a09</load_address>
         <run_address>0x9a09</run_address>
         <size>0x5</size>
         <input_file_ref idref="fl-6"/>
      </object_component>
      <object_component id="oc-eb">
         <name>.const:.string:$P$T10$11</name>
         <load_address>0x9a0e</load_address>
         <run_address>0x9a0e</run_address>
         <size>0x5</size>
         <input_file_ref idref="fl-6"/>
      </object_component>
      <object_component id="oc-d3">
         <name>.const:.string:$P$T2$3</name>
         <load_address>0x9a13</load_address>
         <run_address>0x9a13</run_address>
         <size>0x5</size>
         <input_file_ref idref="fl-6"/>
      </object_component>
      <object_component id="oc-110">
         <name>.const:.string:$P$T22$23</name>
         <load_address>0x9a18</load_address>
         <run_address>0x9a18</run_address>
         <size>0x5</size>
         <input_file_ref idref="fl-6"/>
      </object_component>
      <object_component id="oc-122">
         <name>.const:.string:$P$T28$29</name>
         <load_address>0x9a1d</load_address>
         <run_address>0x9a1d</run_address>
         <size>0x5</size>
         <input_file_ref idref="fl-6"/>
      </object_component>
      <object_component id="oc-12b">
         <name>.const:.string:$P$T31$32</name>
         <load_address>0x9a22</load_address>
         <run_address>0x9a22</run_address>
         <size>0x5</size>
         <input_file_ref idref="fl-6"/>
      </object_component>
      <object_component id="oc-131">
         <name>.const:.string:$P$T33$34</name>
         <load_address>0x9a27</load_address>
         <run_address>0x9a27</run_address>
         <size>0x5</size>
         <input_file_ref idref="fl-6"/>
      </object_component>
      <object_component id="oc-5fd">
         <name>.cinit..data.load</name>
         <load_address>0x12878</load_address>
         <run_address>0x12878</run_address>
         <size>0x97</size>
      </object_component>
      <object_component id="oc-5fb">
         <name>__TI_handler_table</name>
         <load_address>0x12910</load_address>
         <run_address>0x12910</run_address>
         <size>0xc</size>
      </object_component>
      <object_component id="oc-5fe">
         <name>.cinit..bss.load</name>
         <load_address>0x12920</load_address>
         <run_address>0x12920</run_address>
         <size>0x8</size>
      </object_component>
      <object_component id="oc-5fc">
         <name>__TI_cinit_table</name>
         <load_address>0x12928</load_address>
         <run_address>0x12928</run_address>
         <size>0x10</size>
      </object_component>
      <object_component id="oc-13e">
         <name>.data:timeDateReadback</name>
         <load_address>0x20000d30</load_address>
         <run_address>0x20000d30</run_address>
         <size>0x7</size>
         <input_file_ref idref="fl-2"/>
      </object_component>
      <object_component id="oc-ca">
         <name>.data</name>
         <load_address>0x20000cb8</load_address>
         <run_address>0x20000cb8</run_address>
         <size>0x15</size>
         <input_file_ref idref="fl-3"/>
      </object_component>
      <object_component id="oc-1f5">
         <name>.data</name>
         <load_address>0x20000cd0</load_address>
         <run_address>0x20000cd0</run_address>
         <size>0x14</size>
         <input_file_ref idref="fl-4"/>
      </object_component>
      <object_component id="oc-181">
         <name>.data</name>
         <load_address>0x20000c88</load_address>
         <run_address>0x20000c88</run_address>
         <size>0x2d</size>
         <input_file_ref idref="fl-5"/>
      </object_component>
      <object_component id="oc-15f">
         <name>.data:TXData</name>
         <load_address>0x20000d1c</load_address>
         <run_address>0x20000d1c</run_address>
         <size>0x9</size>
         <input_file_ref idref="fl-6"/>
      </object_component>
      <object_component id="oc-13a">
         <name>.data</name>
         <load_address>0x20000ce4</load_address>
         <run_address>0x20000ce4</run_address>
         <size>0x10</size>
         <input_file_ref idref="fl-6"/>
      </object_component>
      <object_component id="oc-1eb">
         <name>.data</name>
         <load_address>0x20000d3c</load_address>
         <run_address>0x20000d3c</run_address>
         <size>0x4</size>
         <input_file_ref idref="fl-8"/>
      </object_component>
      <object_component id="oc-2ca">
         <name>.data:$O1$$</name>
         <load_address>0x20000d04</load_address>
         <run_address>0x20000d04</run_address>
         <size>0xc</size>
         <input_file_ref idref="fl-cf"/>
      </object_component>
      <object_component id="oc-27c">
         <name>.data:$O1$$</name>
         <load_address>0x20000d28</load_address>
         <run_address>0x20000d28</run_address>
         <size>0x8</size>
         <input_file_ref idref="fl-d0"/>
      </object_component>
      <object_component id="oc-27f">
         <name>.data:_ftable</name>
         <load_address>0x20000ad0</load_address>
         <run_address>0x20000ad0</run_address>
         <size>0xf0</size>
         <input_file_ref idref="fl-db"/>
      </object_component>
      <object_component id="oc-517">
         <name>.data</name>
         <load_address>0x20000cf4</load_address>
         <run_address>0x20000cf4</run_address>
         <size>0x10</size>
         <input_file_ref idref="fl-db"/>
      </object_component>
      <object_component id="oc-4e5">
         <name>.data:_device</name>
         <load_address>0x20000bc0</load_address>
         <run_address>0x20000bc0</run_address>
         <size>0x78</size>
         <input_file_ref idref="fl-e2"/>
      </object_component>
      <object_component id="oc-4a4">
         <name>.data:_stream</name>
         <load_address>0x20000c38</load_address>
         <run_address>0x20000c38</run_address>
         <size>0x50</size>
         <input_file_ref idref="fl-e2"/>
      </object_component>
      <object_component id="oc-411">
         <name>.data</name>
         <load_address>0x20000d38</load_address>
         <run_address>0x20000d38</run_address>
         <size>0x4</size>
         <input_file_ref idref="fl-ec"/>
      </object_component>
      <object_component id="oc-50c">
         <name>.data:$O1$$</name>
         <load_address>0x20000d10</load_address>
         <run_address>0x20000d10</run_address>
         <size>0xc</size>
         <input_file_ref idref="fl-fc"/>
      </object_component>
      <object_component id="oc-1ef">
         <name>.bss</name>
         <uninitialized>true</uninitialized>
         <run_address>0x20000a90</run_address>
         <size>0x4</size>
         <input_file_ref idref="fl-4"/>
      </object_component>
      <object_component id="oc-58f">
         <name>.bss:_CIOBUF_</name>
         <uninitialized>true</uninitialized>
         <run_address>0x20000800</run_address>
         <size>0x120</size>
         <input_file_ref idref="fl-f9"/>
      </object_component>
      <object_component id="oc-188">
         <name>.common:current</name>
         <uninitialized>true</uninitialized>
         <run_address>0x20000acc</run_address>
         <size>0x1</size>
      </object_component>
      <object_component id="oc-185">
         <name>.common:last</name>
         <uninitialized>true</uninitialized>
         <run_address>0x20000acd</run_address>
         <size>0x1</size>
      </object_component>
      <object_component id="oc-207">
         <name>.common:Message</name>
         <uninitialized>true</uninitialized>
         <run_address>0x20000a7c</run_address>
         <size>0xc</size>
      </object_component>
      <object_component id="oc-20a">
         <name>.common:Messageindex</name>
         <uninitialized>true</uninitialized>
         <run_address>0x20000a94</run_address>
         <size>0x4</size>
      </object_component>
      <object_component id="oc-20b">
         <name>.common:Ymax</name>
         <uninitialized>true</uninitialized>
         <run_address>0x20000a9c</run_address>
         <size>0x4</size>
      </object_component>
      <object_component id="oc-20c">
         <name>.common:Ymin</name>
         <uninitialized>true</uninitialized>
         <run_address>0x20000aa0</run_address>
         <size>0x4</size>
      </object_component>
      <object_component id="oc-20e">
         <name>.common:X</name>
         <uninitialized>true</uninitialized>
         <run_address>0x20000a98</run_address>
         <size>0x4</size>
      </object_component>
      <object_component id="oc-20d">
         <name>.common:Yrange</name>
         <uninitialized>true</uninitialized>
         <run_address>0x20000aa4</run_address>
         <size>0x4</size>
      </object_component>
      <object_component id="oc-15c">
         <name>.common:currentedge</name>
         <uninitialized>true</uninitialized>
         <run_address>0x20000ab0</run_address>
         <size>0x4</size>
      </object_component>
      <object_component id="oc-15b">
         <name>.common:distance</name>
         <uninitialized>true</uninitialized>
         <run_address>0x20000ab4</run_address>
         <size>0x4</size>
      </object_component>
      <object_component id="oc-c7">
         <name>.common:bgColor</name>
         <uninitialized>true</uninitialized>
         <run_address>0x20000aac</run_address>
         <size>0x4</size>
      </object_component>
      <object_component id="oc-c8">
         <name>.common:hlColor</name>
         <uninitialized>true</uninitialized>
         <run_address>0x20000abc</run_address>
         <size>0x4</size>
      </object_component>
      <object_component id="oc-c9">
         <name>.common:txtColor</name>
         <uninitialized>true</uninitialized>
         <run_address>0x20000ac4</run_address>
         <size>0x4</size>
      </object_component>
      <object_component id="oc-be">
         <name>.common:WDCount</name>
         <uninitialized>true</uninitialized>
         <run_address>0x20000aca</run_address>
         <size>0x1</size>
      </object_component>
      <object_component id="oc-c4">
         <name>.common:WDInactiveCount</name>
         <uninitialized>true</uninitialized>
         <run_address>0x20000acb</run_address>
         <size>0x1</size>
      </object_component>
      <object_component id="oc-c5">
         <name>.common:InactiveFlag</name>
         <uninitialized>true</uninitialized>
         <run_address>0x20000ac9</run_address>
         <size>0x1</size>
      </object_component>
      <object_component id="oc-c6">
         <name>.common:InactiveCountStart</name>
         <uninitialized>true</uninitialized>
         <run_address>0x20000ac8</run_address>
         <size>0x1</size>
      </object_component>
      <object_component id="oc-ee">
         <name>.common:time</name>
         <uninitialized>true</uninitialized>
         <run_address>0x20000a6c</run_address>
         <size>0x10</size>
      </object_component>
      <object_component id="oc-13d">
         <name>.common:alarm</name>
         <uninitialized>true</uninitialized>
         <run_address>0x20000a1c</run_address>
         <size>0x50</size>
      </object_component>
      <object_component id="oc-15a">
         <name>.common:read_back_data</name>
         <uninitialized>true</uninitialized>
         <run_address>0x200009c0</run_address>
         <size>0x5c</size>
      </object_component>
      <object_component id="oc-159">
         <name>.common:addr_pointer</name>
         <uninitialized>true</uninitialized>
         <run_address>0x20000aa8</run_address>
         <size>0x4</size>
      </object_component>
      <object_component id="oc-2a6">
         <name>.common:hfxtFreq</name>
         <uninitialized>true</uninitialized>
         <run_address>0x20000ab8</run_address>
         <size>0x4</size>
      </object_component>
      <object_component id="oc-2a3">
         <name>.common:lfxtFreq</name>
         <uninitialized>true</uninitialized>
         <run_address>0x20000ac0</run_address>
         <size>0x4</size>
      </object_component>
      <object_component id="oc-55c">
         <name>.common:__TI_tmpnams</name>
         <uninitialized>true</uninitialized>
         <run_address>0x20000920</run_address>
         <size>0xa0</size>
      </object_component>
      <object_component id="oc-56d">
         <name>.common:parmbuf</name>
         <uninitialized>true</uninitialized>
         <run_address>0x20000a88</run_address>
         <size>0x8</size>
      </object_component>
      <object_component id="oc-25">
         <name>.sysmem</name>
         <uninitialized>true</uninitialized>
         <run_address>0x20000000</run_address>
         <size>0x8</size>
         <input_file_ref idref="fl-fc"/>
      </object_component>
      <object_component id="oc-600">
         <name>.sysmem</name>
         <uninitialized>true</uninitialized>
         <run_address>0x20000000</run_address>
         <size>0x0</size>
      </object_component>
      <object_component id="oc-22">
         <name>.stack</name>
         <uninitialized>true</uninitialized>
         <run_address>0x2000fe00</run_address>
         <size>0x4</size>
         <input_file_ref idref="fl-ce"/>
      </object_component>
      <object_component id="oc-5ff">
         <name>.stack</name>
         <uninitialized>true</uninitialized>
         <run_address>0x2000fe00</run_address>
         <size>0x0</size>
      </object_component>
      <object_component id="oc-274">
         <name>.debug_info</name>
         <load_address>0x0</load_address>
         <run_address>0x0</run_address>
         <size>0x585</size>
         <input_file_ref idref="fl-2"/>
      </object_component>
      <object_component id="oc-13f">
         <name>.debug_info</name>
         <load_address>0x585</load_address>
         <run_address>0x585</run_address>
         <size>0xe5</size>
         <input_file_ref idref="fl-2"/>
      </object_component>
      <object_component id="oc-2b6">
         <name>.debug_info</name>
         <load_address>0x66a</load_address>
         <run_address>0x66a</run_address>
         <size>0x37e2</size>
         <input_file_ref idref="fl-2"/>
      </object_component>
      <object_component id="oc-18c">
         <name>.debug_info</name>
         <load_address>0x3e4c</load_address>
         <run_address>0x3e4c</run_address>
         <size>0x26b</size>
         <input_file_ref idref="fl-2"/>
      </object_component>
      <object_component id="oc-21f">
         <name>.debug_info</name>
         <load_address>0x40b7</load_address>
         <run_address>0x40b7</run_address>
         <size>0x1055</size>
         <input_file_ref idref="fl-2"/>
      </object_component>
      <object_component id="oc-2e">
         <name>.debug_info</name>
         <load_address>0x510c</load_address>
         <run_address>0x510c</run_address>
         <size>0x84</size>
         <input_file_ref idref="fl-2"/>
      </object_component>
      <object_component id="oc-2bd">
         <name>.debug_info</name>
         <load_address>0x5190</load_address>
         <run_address>0x5190</run_address>
         <size>0x297</size>
         <input_file_ref idref="fl-2"/>
      </object_component>
      <object_component id="oc-168">
         <name>.debug_info</name>
         <load_address>0x5427</load_address>
         <run_address>0x5427</run_address>
         <size>0xbb</size>
         <input_file_ref idref="fl-2"/>
      </object_component>
      <object_component id="oc-2fa">
         <name>.debug_info</name>
         <load_address>0x54e2</load_address>
         <run_address>0x54e2</run_address>
         <size>0xcc</size>
         <input_file_ref idref="fl-2"/>
      </object_component>
      <object_component id="oc-290">
         <name>.debug_info</name>
         <load_address>0x55ae</load_address>
         <run_address>0x55ae</run_address>
         <size>0x2c</size>
         <input_file_ref idref="fl-2"/>
      </object_component>
      <object_component id="oc-186">
         <name>.debug_info</name>
         <load_address>0x55da</load_address>
         <run_address>0x55da</run_address>
         <size>0x58b</size>
         <input_file_ref idref="fl-3"/>
      </object_component>
      <object_component id="oc-cb">
         <name>.debug_info</name>
         <load_address>0x5b65</load_address>
         <run_address>0x5b65</run_address>
         <size>0x1b4</size>
         <input_file_ref idref="fl-3"/>
      </object_component>
      <object_component id="oc-76">
         <name>.debug_info</name>
         <load_address>0x5d19</load_address>
         <run_address>0x5d19</run_address>
         <size>0x2e5</size>
         <input_file_ref idref="fl-3"/>
      </object_component>
      <object_component id="oc-208">
         <name>.debug_info</name>
         <load_address>0x5ffe</load_address>
         <run_address>0x5ffe</run_address>
         <size>0x66d</size>
         <input_file_ref idref="fl-4"/>
      </object_component>
      <object_component id="oc-1f6">
         <name>.debug_info</name>
         <load_address>0x666b</load_address>
         <run_address>0x666b</run_address>
         <size>0x164</size>
         <input_file_ref idref="fl-4"/>
      </object_component>
      <object_component id="oc-205">
         <name>.debug_info</name>
         <load_address>0x67cf</load_address>
         <run_address>0x67cf</run_address>
         <size>0xcf</size>
         <input_file_ref idref="fl-4"/>
      </object_component>
      <object_component id="oc-1f0">
         <name>.debug_info</name>
         <load_address>0x689e</load_address>
         <run_address>0x689e</run_address>
         <size>0x13b</size>
         <input_file_ref idref="fl-4"/>
      </object_component>
      <object_component id="oc-1f3">
         <name>.debug_info</name>
         <load_address>0x69d9</load_address>
         <run_address>0x69d9</run_address>
         <size>0xd0</size>
         <input_file_ref idref="fl-4"/>
      </object_component>
      <object_component id="oc-1f9">
         <name>.debug_info</name>
         <load_address>0x6aa9</load_address>
         <run_address>0x6aa9</run_address>
         <size>0xd2</size>
         <input_file_ref idref="fl-4"/>
      </object_component>
      <object_component id="oc-1fc">
         <name>.debug_info</name>
         <load_address>0x6b7b</load_address>
         <run_address>0x6b7b</run_address>
         <size>0xdc</size>
         <input_file_ref idref="fl-4"/>
      </object_component>
      <object_component id="oc-1ff">
         <name>.debug_info</name>
         <load_address>0x6c57</load_address>
         <run_address>0x6c57</run_address>
         <size>0xd8</size>
         <input_file_ref idref="fl-4"/>
      </object_component>
      <object_component id="oc-202">
         <name>.debug_info</name>
         <load_address>0x6d2f</load_address>
         <run_address>0x6d2f</run_address>
         <size>0xd2</size>
         <input_file_ref idref="fl-4"/>
      </object_component>
      <object_component id="oc-210">
         <name>.debug_info</name>
         <load_address>0x6e01</load_address>
         <run_address>0x6e01</run_address>
         <size>0xd1</size>
         <input_file_ref idref="fl-4"/>
      </object_component>
      <object_component id="oc-ba">
         <name>.debug_info</name>
         <load_address>0x6ed2</load_address>
         <run_address>0x6ed2</run_address>
         <size>0x217a</size>
         <input_file_ref idref="fl-4"/>
      </object_component>
      <object_component id="oc-213">
         <name>.debug_info</name>
         <load_address>0x904c</load_address>
         <run_address>0x904c</run_address>
         <size>0x51</size>
         <input_file_ref idref="fl-4"/>
      </object_component>
      <object_component id="oc-15d">
         <name>.debug_info</name>
         <load_address>0x909d</load_address>
         <run_address>0x909d</run_address>
         <size>0x565</size>
         <input_file_ref idref="fl-5"/>
      </object_component>
      <object_component id="oc-182">
         <name>.debug_info</name>
         <load_address>0x9602</load_address>
         <run_address>0x9602</run_address>
         <size>0x23f</size>
         <input_file_ref idref="fl-5"/>
      </object_component>
      <object_component id="oc-72">
         <name>.debug_info</name>
         <load_address>0x9841</load_address>
         <run_address>0x9841</run_address>
         <size>0x38b</size>
         <input_file_ref idref="fl-5"/>
      </object_component>
      <object_component id="oc-bf">
         <name>.debug_info</name>
         <load_address>0x9bcc</load_address>
         <run_address>0x9bcc</run_address>
         <size>0xca0</size>
         <input_file_ref idref="fl-6"/>
      </object_component>
      <object_component id="oc-c2">
         <name>.debug_info</name>
         <load_address>0xa86c</load_address>
         <run_address>0xa86c</run_address>
         <size>0xd8</size>
         <input_file_ref idref="fl-6"/>
      </object_component>
      <object_component id="oc-160">
         <name>.debug_info</name>
         <load_address>0xa944</load_address>
         <run_address>0xa944</run_address>
         <size>0xd2</size>
         <input_file_ref idref="fl-6"/>
      </object_component>
      <object_component id="oc-13b">
         <name>.debug_info</name>
         <load_address>0xaa16</load_address>
         <run_address>0xaa16</run_address>
         <size>0x157</size>
         <input_file_ref idref="fl-6"/>
      </object_component>
      <object_component id="oc-ce">
         <name>.debug_info</name>
         <load_address>0xab6d</load_address>
         <run_address>0xab6d</run_address>
         <size>0xd4</size>
         <input_file_ref idref="fl-6"/>
      </object_component>
      <object_component id="oc-d1">
         <name>.debug_info</name>
         <load_address>0xac41</load_address>
         <run_address>0xac41</run_address>
         <size>0xd4</size>
         <input_file_ref idref="fl-6"/>
      </object_component>
      <object_component id="oc-d4">
         <name>.debug_info</name>
         <load_address>0xad15</load_address>
         <run_address>0xad15</run_address>
         <size>0xd4</size>
         <input_file_ref idref="fl-6"/>
      </object_component>
      <object_component id="oc-d7">
         <name>.debug_info</name>
         <load_address>0xade9</load_address>
         <run_address>0xade9</run_address>
         <size>0xd4</size>
         <input_file_ref idref="fl-6"/>
      </object_component>
      <object_component id="oc-da">
         <name>.debug_info</name>
         <load_address>0xaebd</load_address>
         <run_address>0xaebd</run_address>
         <size>0xd4</size>
         <input_file_ref idref="fl-6"/>
      </object_component>
      <object_component id="oc-dd">
         <name>.debug_info</name>
         <load_address>0xaf91</load_address>
         <run_address>0xaf91</run_address>
         <size>0xd4</size>
         <input_file_ref idref="fl-6"/>
      </object_component>
      <object_component id="oc-e0">
         <name>.debug_info</name>
         <load_address>0xb065</load_address>
         <run_address>0xb065</run_address>
         <size>0xd4</size>
         <input_file_ref idref="fl-6"/>
      </object_component>
      <object_component id="oc-e3">
         <name>.debug_info</name>
         <load_address>0xb139</load_address>
         <run_address>0xb139</run_address>
         <size>0xd4</size>
         <input_file_ref idref="fl-6"/>
      </object_component>
      <object_component id="oc-e6">
         <name>.debug_info</name>
         <load_address>0xb20d</load_address>
         <run_address>0xb20d</run_address>
         <size>0xd4</size>
         <input_file_ref idref="fl-6"/>
      </object_component>
      <object_component id="oc-e9">
         <name>.debug_info</name>
         <load_address>0xb2e1</load_address>
         <run_address>0xb2e1</run_address>
         <size>0xd6</size>
         <input_file_ref idref="fl-6"/>
      </object_component>
      <object_component id="oc-ec">
         <name>.debug_info</name>
         <load_address>0xb3b7</load_address>
         <run_address>0xb3b7</run_address>
         <size>0xd8</size>
         <input_file_ref idref="fl-6"/>
      </object_component>
      <object_component id="oc-f0">
         <name>.debug_info</name>
         <load_address>0xb48f</load_address>
         <run_address>0xb48f</run_address>
         <size>0xd8</size>
         <input_file_ref idref="fl-6"/>
      </object_component>
      <object_component id="oc-f3">
         <name>.debug_info</name>
         <load_address>0xb567</load_address>
         <run_address>0xb567</run_address>
         <size>0xd8</size>
         <input_file_ref idref="fl-6"/>
      </object_component>
      <object_component id="oc-f6">
         <name>.debug_info</name>
         <load_address>0xb63f</load_address>
         <run_address>0xb63f</run_address>
         <size>0xd8</size>
         <input_file_ref idref="fl-6"/>
      </object_component>
      <object_component id="oc-f9">
         <name>.debug_info</name>
         <load_address>0xb717</load_address>
         <run_address>0xb717</run_address>
         <size>0xd8</size>
[...]
         <name>exit</name>
         <value>0x1222d</value>
         <object_component_ref idref="oc-1b3"/>
      </symbol>
      <symbol id="sm-981">
         <name>_nop</name>
         <value>0xff37</value>
         <object_component_ref idref="oc-350"/>
      </symbol>
      <symbol id="sm-982">
         <name>_lock</name>
         <value>0x20000d28</value>
         <object_component_ref idref="oc-27c"/>
      </symbol>
      <symbol id="sm-983">
         <name>_unlock</name>
         <value>0x20000d2c</value>
         <object_component_ref idref="oc-27c"/>
      </symbol>
      <symbol id="sm-9b0">
         <name>printf</name>
         <value>0x11d99</value>
         <object_component_ref idref="oc-141"/>
      </symbol>
      <symbol id="sm-9d7">
         <name>sprintf</name>
         <value>0x123cd</value>
         <object_component_ref idref="oc-147"/>
      </symbol>
      <symbol id="sm-9e6">
         <name>__aeabi_memset</name>
         <value>0x119b1</value>
         <object_component_ref idref="oc-99"/>
      </symbol>
      <symbol id="sm-9e7">
         <name>memset</name>
         <value>0x119b7</value>
         <object_component_ref idref="oc-99"/>
      </symbol>
      <symbol id="sm-9e8">
         <name>__aeabi_memset8</name>
         <value>0x119b1</value>
         <object_component_ref idref="oc-99"/>
      </symbol>
      <symbol id="sm-9e9">
         <name>__aeabi_memset4</name>
         <value>0x119b1</value>
         <object_component_ref idref="oc-99"/>
      </symbol>
      <symbol id="sm-9ea">
         <name>__aeabi_memclr8</name>
         <value>0x119af</value>
         <object_component_ref idref="oc-99"/>
      </symbol>
      <symbol id="sm-9eb">
         <name>__aeabi_memclr4</name>
         <value>0x119af</value>
         <object_component_ref idref="oc-99"/>
      </symbol>
      <symbol id="sm-9ec">
         <name>__aeabi_memclr</name>
         <value>0x119af</value>
         <object_component_ref idref="oc-99"/>
      </symbol>
      <symbol id="sm-a14">
         <name>__TI_auto_init_nobinit_nopinit</name>
         <value>0x12345</value>
         <object_component_ref idref="oc-1b9"/>
      </symbol>
      <symbol id="sm-a1e">
         <name>_system_pre_init</name>
         <value>0x1286f</value>
         <object_component_ref idref="oc-9f"/>
      </symbol>
      <symbol id="sm-b84">
         <name>__TI_printfi</name>
         <value>0xf4d9</value>
         <object_component_ref idref="oc-276"/>
      </symbol>
      <symbol id="sm-b9a">
         <name>atoi</name>
         <value>0x121e1</value>
         <object_component_ref idref="oc-309"/>
      </symbol>
      <symbol id="sm-ba5">
         <name>_ctypes_</name>
         <value>0x96df</value>
         <object_component_ref idref="oc-3af"/>
      </symbol>
      <symbol id="sm-bba">
         <name>__TI_tmpnams</name>
         <value>0x20000920</value>
      </symbol>
      <symbol id="sm-bbb">
         <name>__aeabi_stdout</name>
         <value>0x20000cfc</value>
         <object_component_ref idref="oc-517"/>
      </symbol>
      <symbol id="sm-bbc">
         <name>__aeabi_stderr</name>
         <value>0x20000d00</value>
         <object_component_ref idref="oc-517"/>
      </symbol>
      <symbol id="sm-bbd">
         <name>__aeabi_stdin</name>
         <value>0x20000cf8</value>
         <object_component_ref idref="oc-517"/>
      </symbol>
      <symbol id="sm-bbe">
         <name>_ftable</name>
         <value>0x20000ad0</value>
         <object_component_ref idref="oc-27f"/>
      </symbol>
      <symbol id="sm-bbf">
         <name>__TI_ft_end</name>
         <value>0x20000cf4</value>
         <object_component_ref idref="oc-517"/>
      </symbol>
      <symbol id="sm-bdd">
         <name>fputs</name>
         <value>0x1114d</value>
         <object_component_ref idref="oc-35e"/>
      </symbol>
      <symbol id="sm-bec">
         <name>ltoa</name>
         <value>0x120ef</value>
         <object_component_ref idref="oc-3ca"/>
      </symbol>
      <symbol id="sm-bfc">
         <name>memccpy</name>
         <value>0x1272d</value>
         <object_component_ref idref="oc-332"/>
      </symbol>
      <symbol id="sm-c0c">
         <name>memchr</name>
         <value>0x1270d</value>
         <object_component_ref idref="oc-432"/>
      </symbol>
      <symbol id="sm-c1c">
         <name>strchr</name>
         <value>0x12779</value>
         <object_component_ref idref="oc-401"/>
      </symbol>
      <symbol id="sm-c2a">
         <name>strlen</name>
         <value>0x127cd</value>
         <object_component_ref idref="oc-303"/>
      </symbol>
      <symbol id="sm-c50">
         <name>_stream</name>
         <value>0x20000c38</value>
         <object_component_ref idref="oc-4a4"/>
      </symbol>
      <symbol id="sm-c51">
         <name>_device</name>
         <value>0x20000bc0</value>
         <object_component_ref idref="oc-4e5"/>
      </symbol>
      <symbol id="sm-c52">
         <name>write</name>
         <value>0x126e5</value>
         <object_component_ref idref="oc-43e"/>
      </symbol>
      <symbol id="sm-c6b">
         <name>wcslen</name>
         <value>0x127f3</value>
         <object_component_ref idref="oc-338"/>
      </symbol>
      <symbol id="sm-c8b">
         <name>frexpl</name>
         <value>0x11e01</value>
         <object_component_ref idref="oc-3f5"/>
      </symbol>
      <symbol id="sm-c8c">
         <name>frexp</name>
         <value>0x11e01</value>
         <object_component_ref idref="oc-3f5"/>
      </symbol>
      <symbol id="sm-ca9">
         <name>scalbn</name>
         <value>0x11261</value>
         <object_component_ref idref="oc-3fb"/>
      </symbol>
      <symbol id="sm-caa">
         <name>scalbnl</name>
         <value>0x11261</value>
         <object_component_ref idref="oc-3fb"/>
      </symbol>
      <symbol id="sm-cab">
         <name>ldexpl</name>
         <value>0x11261</value>
         <object_component_ref idref="oc-3fb"/>
      </symbol>
      <symbol id="sm-cac">
         <name>ldexp</name>
         <value>0x11261</value>
         <object_component_ref idref="oc-3fb"/>
      </symbol>
      <symbol id="sm-cc3">
         <name>__aeabi_dsub</name>
         <value>0x10bfd</value>
         <object_component_ref idref="oc-3d5"/>
      </symbol>
      <symbol id="sm-cc4">
         <name>__aeabi_dadd</name>
         <value>0x10c07</value>
         <object_component_ref idref="oc-3d5"/>
      </symbol>
      <symbol id="sm-ce6">
         <name>__aeabi_cdcmpeq</name>
         <value>0x118a3</value>
         <object_component_ref idref="oc-315"/>
      </symbol>
      <symbol id="sm-ce7">
         <name>__aeabi_cdcmple</name>
         <value>0x118a3</value>
         <object_component_ref idref="oc-315"/>
      </symbol>
      <symbol id="sm-ce8">
         <name>__aeabi_cdrcmple</name>
         <value>0x11929</value>
         <object_component_ref idref="oc-3c0"/>
      </symbol>
      <symbol id="sm-cfc">
         <name>__aeabi_ddiv</name>
         <value>0x10ef1</value>
         <object_component_ref idref="oc-3bb"/>
      </symbol>
      <symbol id="sm-d06">
         <name>__aeabi_d2iz</name>
         <value>0x12275</value>
         <object_component_ref idref="oc-3c5"/>
      </symbol>
      <symbol id="sm-d10">
         <name>__aeabi_i2d</name>
         <value>0x12639</value>
         <object_component_ref idref="oc-3d0"/>
      </symbol>
      <symbol id="sm-d1d">
         <name>__aeabi_uldivmod</name>
         <value>0x1180d</value>
         <object_component_ref idref="oc-3b4"/>
      </symbol>
      <symbol id="sm-d33">
         <name>__aeabi_errno_addr</name>
         <value>0x12859</value>
         <object_component_ref idref="oc-33e"/>
      </symbol>
      <symbol id="sm-d34">
         <name>errno</name>
         <value>0x20000d38</value>
         <object_component_ref idref="oc-411"/>
      </symbol>
      <symbol id="sm-d4c">
         <name>__TI_wrt_ok</name>
         <value>0x11ec9</value>
         <object_component_ref idref="oc-42c"/>
      </symbol>
      <symbol id="sm-d5c">
         <name>__TI_doflush</name>
         <value>0x12195</value>
         <object_component_ref idref="oc-438"/>
      </symbol>
      <symbol id="sm-d6e">
         <name>fseek</name>
         <value>0x11e65</value>
         <object_component_ref idref="oc-492"/>
      </symbol>
      <symbol id="sm-d7e">
         <name>lseek</name>
         <value>0x12695</value>
         <object_component_ref idref="oc-4be"/>
      </symbol>
      <symbol id="sm-d9a">
         <name>setvbuf</name>
         <value>0x1146d</value>
         <object_component_ref idref="oc-498"/>
      </symbol>
      <symbol id="sm-dab">
         <name>HOSTclose</name>
         <value>0x122bd</value>
         <object_component_ref idref="oc-523"/>
      </symbol>
      <symbol id="sm-dbc">
         <name>HOSTlseek</name>
         <value>0x11c61</value>
         <object_component_ref idref="oc-535"/>
      </symbol>
      <symbol id="sm-dce">
         <name>parmbuf</name>
         <value>0x20000a88</value>
      </symbol>
      <symbol id="sm-dcf">
         <name>HOSTopen</name>
         <value>0x11f2d</value>
         <object_component_ref idref="oc-51d"/>
      </symbol>
      <symbol id="sm-de0">
         <name>HOSTread</name>
         <value>0x11fe9</value>
         <object_component_ref idref="oc-529"/>
      </symbol>
      <symbol id="sm-df1">
         <name>HOSTrename</name>
         <value>0x11cc9</value>
         <object_component_ref idref="oc-541"/>
      </symbol>
      <symbol id="sm-e02">
         <name>HOSTunlink</name>
         <value>0x12301</value>
         <object_component_ref idref="oc-53b"/>
      </symbol>
      <symbol id="sm-e13">
         <name>HOSTwrite</name>
         <value>0x12041</value>
         <object_component_ref idref="oc-52f"/>
      </symbol>
      <symbol id="sm-e37">
         <name>__TI_readmsg</name>
         <value>0x125d5</value>
         <object_component_ref idref="oc-567"/>
      </symbol>
      <symbol id="sm-e38">
         <name>C$$IO$$</name>
         <value>0x124b7</value>
         <object_component_ref idref="oc-561"/>
      </symbol>
      <symbol id="sm-e39">
         <name>__CIOBUF_</name>
         <value>0x20000800</value>
         <object_component_ref idref="oc-58f"/>
      </symbol>
      <symbol id="sm-e3a">
         <name>__TI_writemsg</name>
         <value>0x12489</value>
         <object_component_ref idref="oc-561"/>
      </symbol>
      <symbol id="sm-e44">
         <name>copysign</name>
         <value>0x127a5</value>
         <object_component_ref idref="oc-476"/>
      </symbol>
      <symbol id="sm-e45">
         <name>copysignl</name>
         <value>0x127a5</value>
         <object_component_ref idref="oc-476"/>
      </symbol>
      <symbol id="sm-e4f">
         <name>__aeabi_idiv0</name>
         <value>0x10db3</value>
         <object_component_ref idref="oc-45e"/>
      </symbol>
      <symbol id="sm-e50">
         <name>__aeabi_ldiv0</name>
         <value>0x10db3</value>
         <object_component_ref idref="oc-45e"/>
      </symbol>
      <symbol id="sm-ecb">
         <name>_sys_memory</name>
         <value>0x20000000</value>
         <object_component_ref idref="oc-25"/>
      </symbol>
      <symbol id="sm-ecc">
         <name>free</name>
         <value>0x11549</value>
         <object_component_ref idref="oc-4c6"/>
      </symbol>
      <symbol id="sm-ecd">
         <name>malloc</name>
         <value>0x11a29</value>
         <object_component_ref idref="oc-4cc"/>
      </symbol>
      <symbol id="sm-ece">
         <name>minit</name>
         <value>0x124f9</value>
         <object_component_ref idref="oc-4fa"/>
      </symbol>
      <symbol id="sm-ede">
         <name>__TI_cleanup</name>
         <value>0x125a1</value>
         <object_component_ref idref="oc-4d2"/>
      </symbol>
      <symbol id="sm-eed">
         <name>strcpy</name>
         <value>0x127b9</value>
         <object_component_ref idref="oc-57b"/>
      </symbol>
      <symbol id="sm-f02">
         <name>__TI_closefile</name>
         <value>0x11aa1</value>
         <object_component_ref idref="oc-511"/>
      </symbol>
      <symbol id="sm-f25">
         <name>finddevice</name>
         <value>0x12609</value>
         <object_component_ref idref="oc-5ad"/>
      </symbol>
      <symbol id="sm-f26">
         <name>getdevice</name>
         <value>0x12389</value>
         <object_component_ref idref="oc-585"/>
      </symbol>
      <symbol id="sm-f36">
         <name>strcmp</name>
         <value>0x12761</value>
         <object_component_ref idref="oc-5c4"/>
      </symbol>
      <symbol id="sm-f46">
         <name>strncpy</name>
         <value>0x12569</value>
         <object_component_ref idref="oc-5a7"/>
      </symbol>
      <symbol id="sm-f56">
         <name>unlink</name>
         <value>0x12669</value>
         <object_component_ref idref="oc-556"/>
      </symbol>
      <symbol id="sm-f6a">
         <name>close</name>
         <value>0x11f8d</value>
         <object_component_ref idref="oc-550"/>
      </symbol>
      <symbol id="sm-f6b">
         <name>__TI_static_base__</name>
         <value>0x0</value>
      </symbol>
      <symbol id="sm-f6e">
         <name>__mpu_init</name>
         <value>0x0</value>
      </symbol>
      <symbol id="sm-f6f">
         <name>_system_post_cinit</name>
         <value>0x0</value>
      </symbol>
      <symbol id="sm-f70">
         <name>NMI_Handler</name>
         <value>0x1283f</value>
      </symbol>
      <symbol id="sm-f71">
         <name>HardFault_Handler</name>
         <value>0x1283f</value>
      </symbol>
      <symbol id="sm-f72">
         <name>MemManage_Handler</name>
         <value>0x1283f</value>
      </symbol>
      <symbol id="sm-f73">
         <name>BusFault_Handler</name>
         <value>0x1283f</value>
      </symbol>
      <symbol id="sm-f74">
         <name>UsageFault_Handler</name>
         <value>0x1283f</value>
      </symbol>
      <symbol id="sm-f75">
         <name>SVC_Handler</name>
         <value>0x1283f</value>
      </symbol>
      <symbol id="sm-f76">
         <name>DebugMon_Handler</name>
         <value>0x1283f</value>
      </symbol>
      <symbol id="sm-f77">
         <name>PendSV_Handler</name>
         <value>0x1283f</value>
      </symbol>
      <symbol id="sm-f78">
         <name>SysTick_Handler</name>
         <value>0x1283f</value>
      </symbol>
      <symbol id="sm-f79">
         <name>PSS_IRQHandler</name>
         <value>0x1283f</value>
      </symbol>
      <symbol id="sm-f7a">
         <name>CS_IRQHandler</name>
         <value>0x1283f</value>
      </symbol>
      <symbol id="sm-f7b">
         <name>PCM_IRQHandler</name>
         <value>0x1283f</value>
      </symbol>
      <symbol id="sm-f7c">
         <name>WDT_A_IRQHandler</name>
         <value>0xdf1d</value>
      </symbol>
      <symbol id="sm-f7d">
         <name>FPU_IRQHandler</name>
         <value>0x1283f</value>
      </symbol>
      <symbol id="sm-f7e">
         <name>FLCTL_IRQHandler</name>
         <value>0x1283f</value>
      </symbol>
      <symbol id="sm-f7f">
         <name>COMP_E0_IRQHandler</name>
         <value>0x1283f</value>
      </symbol>
      <symbol id="sm-f80">
         <name>COMP_E1_IRQHandler</name>
         <value>0x1283f</value>
      </symbol>
      <symbol id="sm-f81">
         <name>TA0_0_IRQHandler</name>
         <value>0x1283f</value>
      </symbol>
      <symbol id="sm-f82">
         <name>TA0_N_IRQHandler</name>
         <value>0x10305</value>
      </symbol>
      <symbol id="sm-f83">
         <name>TA1_0_IRQHandler</name>
         <value>0x1283f</value>
      </symbol>
      <symbol id="sm-f84">
         <name>TA1_N_IRQHandler</name>
         <value>0x10383</value>
      </symbol>
      <symbol id="sm-f85">
         <name>TA2_0_IRQHandler</name>
         <value>0x1283f</value>
      </symbol>
      <symbol id="sm-f86">
         <name>TA2_N_IRQHandler</name>
         <value>0x1283f</value>
      </symbol>
      <symbol id="sm-f87">
         <name>TA3_0_IRQHandler</name>
         <value>0x1283f</value>
      </symbol>
      <symbol id="sm-f88">
         <name>TA3_N_IRQHandler</name>
         <value>0x1283f</value>
      </symbol>
      <symbol id="sm-f89">
         <name>EUSCIA0_IRQHandler</name>
         <value>0x1283f</value>
      </symbol>
      <symbol id="sm-f8a">
         <name>EUSCIA1_IRQHandler</name>
         <value>0x1283f</value>
      </symbol>
      <symbol id="sm-f8b">
         <name>EUSCIA2_IRQHandler</name>
         <value>0x1283f</value>
      </symbol>
      <symbol id="sm-f8c">
         <name>EUSCIA3_IRQHandler</name>
         <value>0x1283f</value>
      </symbol>
      <symbol id="sm-f8d">
         <name>EUSCIB0_IRQHandler</name>
         <value>0xe065</value>
      </symbol>
      <symbol id="sm-f8e">
         <name>EUSCIB1_IRQHandler</name>
         <value>0x1283f</value>
      </symbol>
      <symbol id="sm-f8f">
         <name>EUSCIB2_IRQHandler</name>
         <value>0x1283f</value>
      </symbol>
      <symbol id="sm-f90">
         <name>EUSCIB3_IRQHandler</name>
         <value>0x1283f</value>
      </symbol>
      <symbol id="sm-f91">
         <name>ADC14_IRQHandler</name>
         <value>0x1283f</value>
      </symbol>
      <symbol id="sm-f92">
         <name>T32_INT1_IRQHandler</name>
         <value>0x1283f</value>
      </symbol>
      <symbol id="sm-f93">
         <name>T32_INT2_IRQHandler</name>
         <value>0xdfa5</value>
      </symbol>
      <symbol id="sm-f94">
         <name>T32_INTC_IRQHandler</name>
         <value>0x1283f</value>
      </symbol>
      <symbol id="sm-f95">
         <name>AES256_IRQHandler</name>
         <value>0x1283f</value>
      </symbol>
      <symbol id="sm-f96">
         <name>RTC_C_IRQHandler</name>
         <value>0x1283f</value>
      </symbol>
      <symbol id="sm-f97">
         <name>DMA_ERR_IRQHandler</name>
         <value>0x1283f</value>
      </symbol>
      <symbol id="sm-f98">
         <name>DMA_INT3_IRQHandler</name>
         <value>0x1283f</value>
      </symbol>
      <symbol id="sm-f99">
         <name>DMA_INT2_IRQHandler</name>
         <value>0x1283f</value>
      </symbol>
      <symbol id="sm-f9a">
         <name>DMA_INT1_IRQHandler</name>
         <value>0x1283f</value>
      </symbol>
      <symbol id="sm-f9b">
         <name>DMA_INT0_IRQHandler</name>
         <value>0x1283f</value>
      </symbol>
      <symbol id="sm-f9c">
         <name>PORT1_IRQHandler</name>
         <value>0xe0a7</value>
      </symbol>
      <symbol id="sm-f9d">
         <name>PORT2_IRQHandler</name>
         <value>0x1283f</value>
      </symbol>
      <symbol id="sm-f9e">
         <name>PORT3_IRQHandler</name>
         <value>0x1283f</value>
      </symbol>
      <symbol id="sm-f9f">
         <name>PORT4_IRQHandler</name>
         <value>0x1283f</value>
      </symbol>
      <symbol id="sm-fa0">
         <name>PORT5_IRQHandler</name>
         <value>0x10603</value>
      </symbol>
      <symbol id="sm-fa1">
         <name>PORT6_IRQHandler</name>
         <value>0x1283f</value>
      </symbol>
      <symbol id="sm-fa2">
         <name>remove</name>
         <value>0x12669</value>
      </symbol>
   </symbol_table>
   <title>Link successful</title>
</link_info>
