******************************************************************************
                  TI ARM Linker PC v18.1.4                     
******************************************************************************
>> Linked Fri Nov 22 13:52:39 2019

OUTPUT FILE NAME:   <326_Final_Project.out>
ENTRY POINT SYMBOL: "_c_int00_noargs"  address: 000124c1


MEMORY CONFIGURATION

         name            origin    length      used     unused   attr    fill
----------------------  --------  ---------  --------  --------  ----  --------
  MAIN                  00000000   00040000  00012936  0002d6ca  R  X
  INFO                  00200000   00004000  00000000  00004000  R  X
  SRAM_CODE             01000000   00010000  00000000  00010000  RW X
  SRAM_DATA             20000000   00010000  00000f3e  0000f0c2  RW  


SEGMENT ALLOCATION MAP

run origin  load origin   length   init length attrs members
----------  ----------- ---------- ----------- ----- -------
00000000    00000000    00012938   00012938    r-x
  00000000    00000000    000000e4   000000e4    r-- .intvecs
  000000e4    000000e4    00009948   00009948    r-- .const
  00009a2c    00009a2c    00008e4a   00008e4a    r-x .text
  00012878    00012878    000000c0   000000c0    r-- .cinit
20000000    20000000    00000d40   00000000    rw-
  20000000    20000000    00000800   00000000    rw- .sysmem
  20000800    20000800    000002ce   00000000    rw- .bss
  20000ad0    20000ad0    00000270   00000000    rw- .data
2000fe00    2000fe00    00000200   00000000    rw-
  2000fe00    2000fe00    00000200   00000000    rw- .stack


SECTION ALLOCATION MAP

 output                                  attributes/
section   page    origin      length       input sections
--------  ----  ----------  ----------   ----------------
.intvecs   0    00000000    000000e4     
                  00000000    000000e4     startup_msp432p401r_ccs.obj (.intvecs:retain)

.const     0    000000e4    00009948     
                  000000e4    00008f00     main.obj (.const:TeslaLogo)
                  00008fe4    000004fb     ST7735.obj (.const:.string:Font)
                  000094df    00000200     ST7735.obj (.const:.string:dBfs)
                  000096df    00000101     rtsv7M4_T_le_v4SPD16_eabi.lib : ctype.c.obj (.const:.string:_ctypes_)
                  000097e0    00000067     ST7735.obj (.const:.string:Bcmd)
                  00009847    00000046     main.obj (.const:$P$T13$14)
                  0000988d    0000003b     ST7735.obj (.const:.string:Rcmd1)
                  000098c8    0000002b     ST7735.obj (.const:.string:Rcmd3)
                  000098f3    0000000d     ST7735.obj (.const:.string:Rcmd2green)
                  00009900    0000000d     ST7735.obj (.const:.string:Rcmd2red)
                  0000990d    0000000c     main.obj (.const:.string:$P$T18$19)
                  00009919    0000000c     main.obj (.const:.string:$P$T26$27)
                  00009925    0000000c     main.obj (.const:.string:$P$T35$36)
                  00009931    0000000c     main.obj (.const:.string:$P$T4$5)
                  0000993d    0000000c     main.obj (.const:.string:$P$T8$9)
                  00009949    00000009     main.obj (.const:.string:$P$T11$12)
                  00009952    00000009     main.obj (.const:.string:$P$T14$15)
                  0000995b    00000009     main.obj (.const:.string:$P$T15$16)
                  00009964    00000009     main.obj (.const:.string:$P$T16$17)
                  0000996d    00000009     main.obj (.const:.string:$P$T17$18)
                  00009976    00000009     main.obj (.const:.string:$P$T19$20)
                  0000997f    00000009     main.obj (.const:.string:$P$T23$24)
                  00009988    00000009     main.obj (.const:.string:$P$T24$25)
                  00009991    00000009     main.obj (.const:.string:$P$T25$26)
                  0000999a    00000009     main.obj (.const:.string:$P$T27$28)
                  000099a3    00000009     main.obj (.const:.string:$P$T5$6)
                  000099ac    00000009     main.obj (.const:.string:$P$T6$7)
                  000099b5    00000009     main.obj (.const:.string:$P$T7$8)
                  000099be    00000009     main.obj (.const:.string:$P$T9$10)
                  000099c7    00000008     main.obj (.const:.string:$P$T20$21)
                  000099cf    00000008     main.obj (.const:.string:$P$T21$22)
                  000099d7    00000008     main.obj (.const:.string:$P$T29$30)
                  000099df    00000008     main.obj (.const:.string:$P$T3$4)
                  000099e7    00000008     main.obj (.const:.string:$P$T34$35)
                  000099ef    00000007     main.obj (.const:.string:$P$T1$2)
                  000099f6    00000007     main.obj (.const:.string:$P$T32$33)
                  000099fd    00000006     main.obj (.const:$P$T12$13)
                  00009a03    00000006     main.obj (.const:.string:$P$T30$31)
                  00009a09    00000005     main.obj (.const:.string:$P$T0$1)
                  00009a0e    00000005     main.obj (.const:.string:$P$T10$11)
                  00009a13    00000005     main.obj (.const:.string:$P$T2$3)
                  00009a18    00000005     main.obj (.const:.string:$P$T22$23)
                  00009a1d    00000005     main.obj (.const:.string:$P$T28$29)
                  00009a22    00000005     main.obj (.const:.string:$P$T31$32)
                  00009a27    00000005     main.obj (.const:.string:$P$T33$34)

.text      0    00009a2c    00008e4a     
                  00009a2c    00004710     main.obj (.text)
                  0000e13c    0000139c     ST7735.obj (.text)
                  0000f4d8    00000a5e     rtsv7M4_T_le_v4SPD16_eabi.lib : _printfi.c.obj (.text:__TI_printfi)
                  0000ff36    00000002                                   : _lock.c.obj (.text:_nop)
                  0000ff38    00000328     system_msp432p401r.obj (.text)
                  00010260    000002e8     TimerA.obj (.text)
                  00010548    00000274     Rotary_Encoder.obj (.text)
                  000107bc    00000270     rtsv7M4_T_le_v4SPD16_eabi.lib : _printfi.c.obj (.text:_pconv_a)
                  00010a2c    000001d0                                   : _printfi.c.obj (.text:_pconv_g)
                  00010bfc    000001b6                                   : fd_add_t2.asm.obj (.text)
                  00010db2    00000002                                   : div0.asm.obj (.text)
                  00010db4    0000013c                                   : _printfi.c.obj (.text:_pconv_e)
                  00010ef0    00000136                                   : fd_div_t2.asm.obj (.text)
                  00011026    00000002     --HOLE-- [fill = 0]
                  00011028    00000124                                   : _printfi.c.obj (.text:fcvt)
                  0001114c    00000114                                   : fputs.c.obj (.text:fputs)
                  00011260    00000110                                   : s_scalbn.c.obj (.text:scalbn)
                  00011370    000000fc                                   : fd_mul_t2.asm.obj (.text)
                  0001146c    000000dc                                   : setvbuf.c.obj (.text:setvbuf)
                  00011548    000000d8                                   : memory.c.obj (.text:free)
                  00011620    000000b1                                   : _printfi.c.obj (.text:_ltostr)
                  000116d1    00000003     --HOLE-- [fill = 0]
                  000116d4    0000009c     msp432p4xx_driverlib.lib : cs.o (.text:CS_startHFXTWithTimeout)
                  00011770    0000009c     rtsv7M4_T_le_v4SPD16_eabi.lib : memcpy_t2.asm.obj (.text)
                  0001180c    00000096                                   : ull_div_t2.asm.obj (.text)
                  000118a2    00000086                                   : fd_cmp_t2.asm.obj (.text:__aeabi_cdcmple)
                  00011928    00000086                                   : fd_cmp_t2.asm.obj (.text:__aeabi_cdrcmple)
                  000119ae    0000007a                                   : memset_t2.asm.obj (.text)
                  00011a28    00000078                                   : memory.c.obj (.text:malloc)
                  00011aa0    00000074                                   : fclose.c.obj (.text:__TI_closefile)
                  00011b14    00000070     msp432p4xx_driverlib.lib : cs.o (.text:_CSGetHFXTFrequency)
                  00011b84    0000006e     rtsv7M4_T_le_v4SPD16_eabi.lib : _printfi.c.obj (.text:_mcpy)
                  00011bf2    0000006e                                   : fd_tos_t2.asm.obj (.text)
                  00011c60    00000068                                   : hostlseek.c.obj (.text:HOSTlseek)
                  00011cc8    00000068                                   : hostrename.c.obj (.text:HOSTrename)
                  00011d30    00000068                                   : copy_decompress_lzss.c.obj (.text:decompress:lzss:__TI_decompress_lzss)
                  00011d98    00000068                                   : printf.c.obj (.text:printf)
                  00011e00    00000064                                   : s_frexp.c.obj (.text:frexp)
                  00011e64    00000064                                   : fseek.c.obj (.text:fseek)
                  00011ec8    00000062                                   : _io_perm.c.obj (.text:__TI_wrt_ok)
                  00011f2a    00000002     --HOLE-- [fill = 0]
                  00011f2c    00000060                                   : hostopen.c.obj (.text:HOSTopen)
                  00011f8c    0000005c                                   : close.c.obj (.text:close)
                  00011fe8    00000058                                   : hostread.c.obj (.text:HOSTread)
                  00012040    00000058                                   : hostwrite.c.obj (.text:HOSTwrite)
                  00012098    00000056                                   : _printfi.c.obj (.text:_pconv_f)
                  000120ee    00000054                                   : ltoa.c.obj (.text:ltoa)
                  00012142    00000052                                   : _printfi.c.obj (.text:_ecpy)
                  00012194    0000004c                                   : fflush.c.obj (.text:__TI_doflush)
                  000121e0    0000004c                                   : atoi.c.obj (.text:atoi)
                  0001222c    00000048                                   : exit.c.obj (.text:exit)
                  00012274    00000048                                   : fd_toi_t2.asm.obj (.text)
                  000122bc    00000044                                   : hostclose.c.obj (.text:HOSTclose)
                  00012300    00000044                                   : hostunlink.c.obj (.text:HOSTunlink)
                  00012344    00000044                                   : autoinit.c.obj (.text:__TI_auto_init_nobinit_nopinit:__TI_auto_init_nobinit_nopinit)
                  00012388    00000044                                   : getdevice.c.obj (.text:getdevice)
                  000123cc    00000040                                   : sprintf.c.obj (.text:sprintf)
                  0001240c    0000003e                                   : _printfi.c.obj (.text:_fcpy)
                  0001244a    00000002     --HOLE-- [fill = 0]
                  0001244c    0000003c                                   : memory.c.obj (.text:minsert)
                  00012488    00000038                                   : trgmsg.c.obj (.text:__TI_writemsg)
                  000124c0    00000038                                   : boot_cortex_m.c.obj (.text:_c_int00_noargs:_c_int00_noargs)
                  000124f8    00000038                                   : memory.c.obj (.text:minit)
                  00012530    00000038                                   : fs_tod_t2.asm.obj (.text)
                  00012568    00000036                                   : strncpy.c.obj (.text:strncpy)
                  0001259e    00000002     --HOLE-- [fill = 0]
                  000125a0    00000034                                   : fopen.c.obj (.text:__TI_cleanup)
                  000125d4    00000034                                   : trgmsg.c.obj (.text:__TI_readmsg)
                  00012608    00000030                                   : getdevice.c.obj (.text:finddevice)
                  00012638    0000002e                                   : i_tofd_t2.asm.obj (.text)
                  00012666    00000002     --HOLE-- [fill = 0]
                  00012668    0000002c                                   : unlink.c.obj (.text:unlink)
                  00012694    00000028                                   : lseek.c.obj (.text:lseek)
                  000126bc    00000028                                   : memory.c.obj (.text:mremove)
                  000126e4    00000028                                   : write.c.obj (.text:write)
                  0001270c    00000020                                   : memchr.c.obj (.text:memchr)
                  0001272c    0000001c                                   : memccpy.c.obj (.text:memccpy)
                  00012748    00000018                                   : sprintf.c.obj (.text:_outs)
                  00012760    00000018                                   : strcmp.c.obj (.text:strcmp)
                  00012778    00000016                                   : strchr.c.obj (.text:strchr)
                  0001278e    00000002     --HOLE-- [fill = 0]
                  00012790    00000014     msp432p4xx_driverlib.lib : cs.o (.text:CS_setExternalClockSourceFrequency)
                  000127a4    00000014     rtsv7M4_T_le_v4SPD16_eabi.lib : s_copysign.c.obj (.text:copysign)
                  000127b8    00000014                                   : strcpy.c.obj (.text:strcpy)
                  000127cc    00000014                                   : strlen.c.obj (.text:strlen)
                  000127e0    00000012                                   : copy_zero_init.c.obj (.text:decompress:ZI:__TI_zero_init_nomemset:__TI_zero_init_nomemset)
                  000127f2    00000012                                   : wcslen.c.obj (.text:wcslen)
                  00012804    00000010     msp432p4xx_driverlib.lib : sysctl.o (.text:SysCtl_disableNMISource)
                  00012814    00000010                              : sysctl.o (.text:SysCtl_enableNMISource)
                  00012824    0000000e     rtsv7M4_T_le_v4SPD16_eabi.lib : copy_decompress_none.c.obj (.text:decompress:none:__TI_decompress_none)
                  00012832    0000000e     startup_msp432p401r_ccs.obj (.text)
                  00012840    0000000c     msp432p4xx_driverlib.lib : sysctl.o (.text:SysCtl_getNMISourceStatus)
                  0001284c    0000000a     rtsv7M4_T_le_v4SPD16_eabi.lib : sprintf.c.obj (.text:_outc)
                  00012856    00000002     --HOLE-- [fill = 0]
                  00012858    00000008                                   : errno.c.obj (.text:__aeabi_errno_addr)
                  00012860    00000006     msp432p4xx_driverlib.lib : cs.o (.text:CS_startHFXT)
                  00012866    00000004     rtsv7M4_T_le_v4SPD16_eabi.lib : printf.c.obj (.text:_outc)
                  0001286a    00000004                                   : printf.c.obj (.text:_outs)
                  0001286e    00000004                                   : pre_init.c.obj (.text:_system_pre_init)
                  00012872    00000004                                   : exit.c.obj (.text:abort:abort)

.cinit     0    00012878    000000c0     
                  00012878    00000097     (.cinit..data.load) [load image, compression = lzss]
                  0001290f    00000001     --HOLE-- [fill = 0]
                  00012910    0000000c     (__TI_handler_table)
                  0001291c    00000004     --HOLE-- [fill = 0]
                  00012920    00000008     (.cinit..bss.load) [load image, compression = zero_init]
                  00012928    00000010     (__TI_cinit_table)

.init_array 
*          0    00000000    00000000     UNINITIALIZED

.sysmem    0    20000000    00000800     UNINITIALIZED
                  20000000    00000008     rtsv7M4_T_le_v4SPD16_eabi.lib : memory.c.obj (.sysmem)
                  20000008    000007f8     --HOLE--

.bss       0    20000800    000002ce     UNINITIALIZED
                  20000800    00000120     rtsv7M4_T_le_v4SPD16_eabi.lib : trgmsg.c.obj (.bss:_CIOBUF_)
                  20000920    000000a0     (.common:__TI_tmpnams)
                  200009c0    0000005c     (.common:read_back_data)
                  20000a1c    00000050     (.common:alarm)
                  20000a6c    00000010     (.common:time)
                  20000a7c    0000000c     (.common:Message)
                  20000a88    00000008     (.common:parmbuf)
                  20000a90    00000004     ST7735.obj (.bss)
                  20000a94    00000004     (.common:Messageindex)
                  20000a98    00000004     (.common:X)
                  20000a9c    00000004     (.common:Ymax)
                  20000aa0    00000004     (.common:Ymin)
                  20000aa4    00000004     (.common:Yrange)
                  20000aa8    00000004     (.common:addr_pointer)
                  20000aac    00000004     (.common:bgColor)
                  20000ab0    00000004     (.common:currentedge)
                  20000ab4    00000004     (.common:distance)
                  20000ab8    00000004     (.common:hfxtFreq)
                  20000abc    00000004     (.common:hlColor)
                  20000ac0    00000004     (.common:lfxtFreq)
                  20000ac4    00000004     (.common:txtColor)
                  20000ac8    00000001     (.common:InactiveCountStart)
                  20000ac9    00000001     (.common:InactiveFlag)
                  20000aca    00000001     (.common:WDCount)
                  20000acb    00000001     (.common:WDInactiveCount)
                  20000acc    00000001     (.common:current)
                  20000acd    00000001     (.common:last)

.data      0    20000ad0    00000270     UNINITIALIZED
                  20000ad0    000000f0     rtsv7M4_T_le_v4SPD16_eabi.lib : defs.c.obj (.data:_ftable)
                  20000bc0    00000078                                   : write.c.obj (.data:_device)
                  20000c38    00000050                                   : write.c.obj (.data:_stream)
                  20000c88    0000002d     TimerA.obj (.data)
                  20000cb5    00000003     --HOLE--
                  20000cb8    00000015     Rotary_Encoder.obj (.data)
                  20000ccd    00000003     --HOLE--
                  20000cd0    00000014     ST7735.obj (.data)
                  20000ce4    00000010     main.obj (.data)
                  20000cf4    00000010     rtsv7M4_T_le_v4SPD16_eabi.lib : defs.c.obj (.data)
                  20000d04    0000000c                                   : exit.c.obj (.data:$O1$$)
                  20000d10    0000000c                                   : memory.c.obj (.data:$O1$$)
                  20000d1c    00000009     main.obj (.data:TXData)
                  20000d25    00000003     --HOLE--
                  20000d28    00000008     rtsv7M4_T_le_v4SPD16_eabi.lib : _lock.c.obj (.data:$O1$$)
                  20000d30    00000007     RTC.obj (.data:timeDateReadback)
                  20000d37    00000001     --HOLE--
                  20000d38    00000004     rtsv7M4_T_le_v4SPD16_eabi.lib : errno.c.obj (.data)
                  20000d3c    00000004     system_msp432p401r.obj (.data)

.stack     0    2000fe00    00000200     UNINITIALIZED
                  2000fe00    00000004     rtsv7M4_T_le_v4SPD16_eabi.lib : boot_cortex_m.c.obj (.stack)
                  2000fe04    000001fc     --HOLE--

MODULE SUMMARY

       Module                        code    ro data   rw data
       ------                        ----    -------   -------
    .\
       main.obj                      18192   36965     237    
       ST7735.obj                    5020    2018      56     
       system_msp432p401r.obj        808     0         4      
       TimerA.obj                    744     0         49     
       Rotary_Encoder.obj            628     0         23     
       startup_msp432p401r_ccs.obj   14      228       0      
       RTC.obj                       0       0         7      
    +--+-----------------------------+-------+---------+---------+
       Total:                        25406   39211     376    
                                                              
    C:/ti/msp/MSP432Ware_3_50_00_02/driverlib/driverlib/MSP432P4xx/ccs/msp432p4xx_driverlib.lib
       cs.o                          294     0         8      
       sysctl.o                      44      0         0      
    +--+-----------------------------+-------+---------+---------+
       Total:                        338     0         8      
                                                              
    C:\ti\ccsv8\tools\compiler\ti-cgt-arm_18.1.4.LTS\lib\rtsv7M4_T_le_v4SPD16_eabi.lib
       _printfi.c.obj                4867    0         0      
       memory.c.obj                  492     0         12     
       fd_add_t2.asm.obj             438     0         0      
       defs.c.obj                    0       0         416    
       trgmsg.c.obj                  108     0         288    
       fd_div_t2.asm.obj             310     0         0      
       fputs.c.obj                   276     0         0      
       s_scalbn.c.obj                272     0         0      
       fd_cmp_t2.asm.obj             268     0         0      
       ctype.c.obj                   0       257       0      
       fd_mul_t2.asm.obj             252     0         0      
       write.c.obj                   40      0         200    
       setvbuf.c.obj                 220     0         0      
       memcpy_t2.asm.obj             156     0         0      
       ull_div_t2.asm.obj            150     0         0      
       memset_t2.asm.obj             122     0         0      
       fclose.c.obj                  116     0         0      
       getdevice.c.obj               116     0         0      
       printf.c.obj                  112     0         0      
       fd_tos_t2.asm.obj             110     0         0      
       copy_decompress_lzss.c.obj    104     0         0      
       hostlseek.c.obj               104     0         0      
       hostopen.c.obj                96      0         8      
       hostrename.c.obj              104     0         0      
       fseek.c.obj                   100     0         0      
       s_frexp.c.obj                 100     0         0      
       _io_perm.c.obj                98      0         0      
       sprintf.c.obj                 98      0         0      
       close.c.obj                   92      0         0      
       exit.c.obj                    76      0         12     
       hostread.c.obj                88      0         0      
       hostwrite.c.obj               88      0         0      
       ltoa.c.obj                    84      0         0      
       atoi.c.obj                    76      0         0      
       fflush.c.obj                  76      0         0      
       fd_toi_t2.asm.obj             72      0         0      
       autoinit.c.obj                68      0         0      
       hostclose.c.obj               68      0         0      
       hostunlink.c.obj              68      0         0      
       boot_cortex_m.c.obj           56      0         0      
       fs_tod_t2.asm.obj             56      0         0      
       strncpy.c.obj                 54      0         0      
       fopen.c.obj                   52      0         0      
       i_tofd_t2.asm.obj             46      0         0      
       unlink.c.obj                  44      0         0      
       lseek.c.obj                   40      0         0      
       memchr.c.obj                  32      0         0      
       memccpy.c.obj                 28      0         0      
       strcmp.c.obj                  24      0         0      
       strchr.c.obj                  22      0         0      
       s_copysign.c.obj              20      0         0      
       strcpy.c.obj                  20      0         0      
       strlen.c.obj                  20      0         0      
       copy_zero_init.c.obj          18      0         0      
       wcslen.c.obj                  18      0         0      
       copy_decompress_none.c.obj    14      0         0      
       errno.c.obj                   8       0         4      
       _lock.c.obj                   2       0         8      
       pre_init.c.obj                4       0         0      
       div0.asm.obj                  2       0         0      
    +--+-----------------------------+-------+---------+---------+
       Total:                        10665   257       948    
                                                              
       Heap:                         0       0         2048   
       Stack:                        0       0         512    
       Linker Generated:             0       187       0      
    +--+-----------------------------+-------+---------+---------+
       Grand Total:                  36409   39655     3892   


LINKER GENERATED COPY TABLES

__TI_cinit_table @ 00012928 records: 2, size/record: 8, table size: 16
	.data: load addr=00012878, load size=00000097 bytes, run addr=20000ad0, run size=00000270 bytes, compression=lzss
	.bss: load addr=00012920, load size=00000008 bytes, run addr=20000800, run size=000002ce bytes, compression=zero_init


LINKER GENERATED HANDLER TABLE

__TI_handler_table @ 00012910 records: 3, size/record: 4, table size: 12
	index: 0, handler: __TI_decompress_lzss
	index: 1, handler: __TI_decompress_none
	index: 2, handler: __TI_zero_init


GLOBAL SYMBOLS: SORTED ALPHABETICALLY BY Name 

address   name                              
-------   ----                              
0001283f  ADC14_IRQHandler                  
0001283f  AES256_IRQHandler                 
0001283f  BusFault_Handler                  
00012873  C$$EXIT                           
000124b7  C$$IO$$                           
20000cc9  CCW_FLAG                          
0001283f  COMP_E0_IRQHandler                
0001283f  COMP_E1_IRQHandler                
0001283f  CS_IRQHandler                     
00012791  CS_setExternalClockSourceFrequency
00012861  CS_startHFXT                      
000116d5  CS_startHFXTWithTimeout           
20000cc8  CW_FLAG                           
0001283f  DMA_ERR_IRQHandler                
0001283f  DMA_INT0_IRQHandler               
0001283f  DMA_INT1_IRQHandler               
0001283f  DMA_INT2_IRQHandler               
0001283f  DMA_INT3_IRQHandler               
0001283f  DebugMon_Handler                  
0001283f  Default_Handler                   
0000e1b3  Delay1ms                          
0001283f  EUSCIA0_IRQHandler                
0001283f  EUSCIA1_IRQHandler                
0001283f  EUSCIA2_IRQHandler                
0001283f  EUSCIA3_IRQHandler                
0000e065  EUSCIB0_IRQHandler                
0000e065  EUSCIB0_IRQHandler                
0001283f  EUSCIB1_IRQHandler                
0001283f  EUSCIB2_IRQHandler                
0001283f  EUSCIB3_IRQHandler                
20000c94  FC_time                           
0001283f  FLCTL_IRQHandler                  
0001283f  FPU_IRQHandler                    
20000c98  Freq                              
20000c90  HC_time                           
000122bd  HOSTclose                         
00011c61  HOSTlseek                         
00011f2d  HOSTopen                          
00011fe9  HOSTread                          
00011cc9  HOSTrename                        
00012301  HOSTunlink                        
00012041  HOSTwrite                         
0001283f  HardFault_Handler                 
20000ac8  InactiveCountStart                
20000ac9  InactiveFlag                      
20000cb0  MPH                               
0001283f  MemManage_Handler                 
20000a7c  Message                           
20000a94  Messageindex                      
0001283f  NMI_Handler                       
0000f477  Output_Clear                      
0000f491  Output_Color                      
0000f467  Output_Init                       
0000f481  Output_Off                        
0000f489  Output_On                         
0001283f  PCM_IRQHandler                    
0000e0a7  PORT1_IRQHandler                  
0000e0a7  PORT1_IRQHandler                  
0001283f  PORT2_IRQHandler                  
0001283f  PORT3_IRQHandler                  
0001283f  PORT4_IRQHandler                  
00010603  PORT5_IRQHandler                  
00010603  PORT5_IRQHandler                  
0001283f  PORT6_IRQHandler                  
0001283f  PSS_IRQHandler                    
0001283f  PendSV_Handler                    
20000c88  Period                            
20000ccc  REFLAG                            
0001057d  RE_setInterrupts                  
20000c9c  RPM                               
0001283f  RTC_C_IRQHandler                  
00012833  Reset_Handler                     
0000e795  ST7735_Color565                   
0000e7f9  ST7735_DrawBitmap                 
0000eb6d  ST7735_DrawChar                   
0000e9f7  ST7735_DrawCharS                  
0000e58d  ST7735_DrawFastHLine              
0000e4cf  ST7735_DrawFastVLine              
0000e475  ST7735_DrawPixel                  
0000ecdb  ST7735_DrawString                 
0000e689  ST7735_FillRect                   
0000e645  ST7735_FillScreen                 
0000e341  ST7735_InitB                      
0000e361  ST7735_InitR                      
0000ef0f  ST7735_InvertDisplay              
0000f34d  ST7735_OutChar                    
0000f409  ST7735_OutString                  
0000edc9  ST7735_OutUDec                    
0000f259  ST7735_PlotBar                    
0000ef27  ST7735_PlotClear                  
0000f049  ST7735_PlotLine                   
0000f2f9  ST7735_PlotNext                   
0000f313  ST7735_PlotNextErase              
0000ef83  ST7735_PlotPoint                  
0000f183  ST7735_PlotPoints                 
0000f2af  ST7735_PlotdBfs                   
0000eda3  ST7735_SetCursor                  
0000ee45  ST7735_SetRotation                
0000f427  ST7735_SetTextColor               
0000e7c9  ST7735_SwapColor                  
20000cb4  STARTUP_FLAG                      
0001283f  SVC_Handler                       
0000df73  SetupTimer32s                     
20000cd8  StTextColor                       
20000cd0  StX                               
20000cd4  StY                               
00012805  SysCtl_disableNMISource           
00012815  SysCtl_enableNMISource            
00012841  SysCtl_getNMISourceStatus         
0001283f  SysTick_Handler                   
20000d3c  SystemCoreClock                   
0000ff39  SystemCoreClockUpdate             
000101ad  SystemInit                        
0001283f  T32_INT1_IRQHandler               
0000dfa5  T32_INT2_IRQHandler               
0000dfa5  T32_INT2_IRQHandler               
0001283f  T32_INTC_IRQHandler               
0001283f  TA0_0_IRQHandler                  
00010305  TA0_N_IRQHandler                  
00010305  TA0_N_IRQHandler                  
0001283f  TA1_0_IRQHandler                  
00010383  TA1_N_IRQHandler                  
00010383  TA1_N_IRQHandler                  
0001283f  TA2_0_IRQHandler                  
0001283f  TA2_N_IRQHandler                  
0001283f  TA3_0_IRQHandler                  
0001283f  TA3_N_IRQHandler                  
20000d1c  TXData                            
20000ce4  TXDataCount                       
000000e4  TeslaLogo                         
00010261  TimerA_Initialization             
000102b5  USS_TRIG_Initialization           
0001283f  UsageFault_Handler                
20000aca  WDCount                           
20000acb  WDInactiveCount                   
0000df05  WDInit                            
4000480c  WDTCTL_SYM                        
0000df1d  WDT_A_IRQHandler                  
0000df1d  WDT_A_IRQHandler                  
20000a98  X                                 
20000a9c  Ymax                              
20000aa0  Ymin                              
20000aa4  Yrange                            
20000800  __CIOBUF_                         
20010000  __STACK_END                       
00000200  __STACK_SIZE                      
00000800  __SYSMEM_SIZE                     
00012928  __TI_CINIT_Base                   
00012938  __TI_CINIT_Limit                  
00012910  __TI_Handler_Table_Base           
0001291c  __TI_Handler_Table_Limit          
00012345  __TI_auto_init_nobinit_nopinit    
000125a1  __TI_cleanup                      
20000d04  __TI_cleanup_ptr                  
00011aa1  __TI_closefile                    
00011d31  __TI_decompress_lzss              
00012825  __TI_decompress_none              
00012195  __TI_doflush                      
20000d08  __TI_dtors_ptr                    
20000d0c  __TI_enable_exit_profile_output   
20000cf4  __TI_ft_end                       
ffffffff  __TI_pprof_out_hndl               
0000f4d9  __TI_printfi                      
ffffffff  __TI_prof_data_size               
ffffffff  __TI_prof_data_start              
000125d5  __TI_readmsg                      
00000000  __TI_static_base__                
20000920  __TI_tmpnams                      
00012489  __TI_writemsg                     
00011ec9  __TI_wrt_ok                       
000127e1  __TI_zero_init_nomemset           
000118a3  __aeabi_cdcmpeq                   
000118a3  __aeabi_cdcmple                   
00011929  __aeabi_cdrcmple                  
00011bf3  __aeabi_d2f                       
00012275  __aeabi_d2iz                      
00010c07  __aeabi_dadd                      
00010ef1  __aeabi_ddiv                      
00011371  __aeabi_dmul                      
00010bfd  __aeabi_dsub                      
00012859  __aeabi_errno_addr                
00012531  __aeabi_f2d                       
00012639  __aeabi_i2d                       
00010db3  __aeabi_idiv0                     
00010db3  __aeabi_ldiv0                     
000119af  __aeabi_memclr                    
000119af  __aeabi_memclr4                   
000119af  __aeabi_memclr8                   
00011771  __aeabi_memcpy                    
00011771  __aeabi_memcpy4                   
00011771  __aeabi_memcpy8                   
000119b1  __aeabi_memset                    
000119b1  __aeabi_memset4                   
000119b1  __aeabi_memset8                   
20000d00  __aeabi_stderr                    
20000cf8  __aeabi_stdin                     
20000cfc  __aeabi_stdout                    
0001180d  __aeabi_uldivmod                  
ffffffff  __binit__                         
ffffffff  __c_args__                        
UNDEFED   __mpu_init                        
2000fe00  __stack                           
000124c1  _c_int00_noargs                   
000096df  _ctypes_                          
20000bc0  _device                           
20000ad0  _ftable                           
20000d28  _lock                             
0000ff37  _nop                              
20000c38  _stream                           
20000000  _sys_memory                       
UNDEFED   _system_post_cinit                
0001286f  _system_pre_init                  
20000d2c  _unlock                           
00012873  abort                             
20000aa8  addr_pointer                      
20000a1c  alarm                             
0000e01d  alarmOne                          
20000cec  alarmOneFlag                      
0000e051  alarmOneOff                       
0000e039  alarmTwo                          
20000cf0  alarmTwoFlag                      
0000e059  alarmTwoOff                       
000121e1  atoi                              
20000aac  bgColor                           
ffffffff  binit                             
00010415  calculate_MPH                     
000103b9  calculate_RPM                     
20000cc4  ccw                               
20000cbc  ccw_temp                          
20000ca4  circum                            
20000cca  clk                               
0000dc5d  clockInit48MHzXTL                 
00011f8d  close                             
20000ce8  conv_to_inch                      
000127a5  copysign                          
000127a5  copysignl                         
20000acc  current                           
20000ab0  currentedge                       
20000cc0  cw                                
20000cb8  cw_temp                           
000094df  dBfs                              
0000d75d  delaySeconds                      
20000ca0  diameter_feet                     
00009d89  displayScreen                     
0000dbc9  display_date                      
20000ab4  distance                          
20000ccb  dt                                
20000d38  errno                             
0001222d  exit                              
20000cac  feetPerHour                       
20000ca8  feetPerMin                        
0000f459  ferror                            
0000f44d  fgetc                             
0000ed61  fillmessage                       
00012609  finddevice                        
0000f43b  fputc                             
0001114d  fputs                             
00011549  free                              
00011e01  frexp                             
00011e01  frexpl                            
00011e65  fseek                             
00010677  getCount                          
00010599  get_CLK_DT_values                 
00012389  getdevice                         
20000abc  hlColor                           
0000d63d  init48MHz                         
0000d6c5  initAlarmTimes                    
00009a59  initKeypad                        
00000000  interruptVectors                  
0000d2bd  invalidInput                      
20000acd  last                              
20000ce0  lastj                             
00011261  ldexp                             
00011261  ldexpl                            
00012695  lseek                             
000120ef  ltoa                              
00009c01  main                              
00011a29  malloc                            
0001272d  memccpy                           
0001270d  memchr                            
00011771  memcpy                            
000119b7  memset                            
000124f9  minit                             
20000a88  parmbuf                           
0000e1a5  parrotdelay                       
0000bd49  playlist                          
0000d9cd  printTime                         
00011d99  printf                            
00009aad  readKeypad                        
0000e005  readUSS                           
200009c0  read_back_data                    
0000ddc7  read_from_flash                   
00012669  remove                            
00009a8d  resetPins                         
0000df65  resetWDCount                      
0000d391  resetdisplayScreen                
00010549  rotary_encoder_initialization     
0000d781  saveTime                          
0000dcdb  save_to_flash                     
00011261  scalbn                            
00011261  scalbnl                           
0000bd29  setBackgroundColor                
0000b331  setDateMenu                       
0000abb5  setTimeMenu                       
00010485  setTimerA_Period                  
0000a319  settingsMenu                      
0001146d  setvbuf                           
0000d5e1  songFive                          
0000d5b9  songFour                          
0000d549  songOne                           
0000d603  songSix                           
0000d58d  songThree                         
0000d56b  songTwo                           
000123cd  sprintf                           
0000d625  stopSong                          
00012779  strchr                            
00012761  strcmp                            
000127b9  strcpy                            
000127cd  strlen                            
00012569  strncpy                           
20000a6c  time                              
20000d30  timeDateReadback                  
20000c8c  timePerCycle                      
20000ac4  txtColor                          
00012669  unlink                            
0000d1fd  verifyDate                        
0000d28f  verifyTime                        
0000c9f1  viewAlarms                        
000127f3  wcslen                            
000126e5  write                             


GLOBAL SYMBOLS: SORTED BY Symbol Address 

address   name                              
-------   ----                              
00000000  __TI_static_base__                
00000000  interruptVectors                  
000000e4  TeslaLogo                         
00000200  __STACK_SIZE                      
00000800  __SYSMEM_SIZE                     
000094df  dBfs                              
000096df  _ctypes_                          
00009a59  initKeypad                        
00009a8d  resetPins                         
00009aad  readKeypad                        
00009c01  main                              
00009d89  displayScreen                     
0000a319  settingsMenu                      
0000abb5  setTimeMenu                       
0000b331  setDateMenu                       
0000bd29  setBackgroundColor                
0000bd49  playlist                          
0000c9f1  viewAlarms                        
0000d1fd  verifyDate                        
0000d28f  verifyTime                        
0000d2bd  invalidInput                      
0000d391  resetdisplayScreen                
0000d549  songOne                           
0000d56b  songTwo                           
0000d58d  songThree                         
0000d5b9  songFour                          
0000d5e1  songFive                          
0000d603  songSix                           
0000d625  stopSong                          
0000d63d  init48MHz                         
0000d6c5  initAlarmTimes                    
0000d75d  delaySeconds                      
0000d781  saveTime                          
0000d9cd  printTime                         
0000dbc9  display_date                      
0000dc5d  clockInit48MHzXTL                 
0000dcdb  save_to_flash                     
0000ddc7  read_from_flash                   
0000df05  WDInit                            
0000df1d  WDT_A_IRQHandler                  
0000df1d  WDT_A_IRQHandler                  
0000df65  resetWDCount                      
0000df73  SetupTimer32s                     
0000dfa5  T32_INT2_IRQHandler               
0000dfa5  T32_INT2_IRQHandler               
0000e005  readUSS                           
0000e01d  alarmOne                          
0000e039  alarmTwo                          
0000e051  alarmOneOff                       
0000e059  alarmTwoOff                       
0000e065  EUSCIB0_IRQHandler                
0000e065  EUSCIB0_IRQHandler                
0000e0a7  PORT1_IRQHandler                  
0000e0a7  PORT1_IRQHandler                  
0000e1a5  parrotdelay                       
0000e1b3  Delay1ms                          
0000e341  ST7735_InitB                      
0000e361  ST7735_InitR                      
0000e475  ST7735_DrawPixel                  
0000e4cf  ST7735_DrawFastVLine              
0000e58d  ST7735_DrawFastHLine              
0000e645  ST7735_FillScreen                 
0000e689  ST7735_FillRect                   
0000e795  ST7735_Color565                   
0000e7c9  ST7735_SwapColor                  
0000e7f9  ST7735_DrawBitmap                 
0000e9f7  ST7735_DrawCharS                  
0000eb6d  ST7735_DrawChar                   
0000ecdb  ST7735_DrawString                 
0000ed61  fillmessage                       
0000eda3  ST7735_SetCursor                  
0000edc9  ST7735_OutUDec                    
0000ee45  ST7735_SetRotation                
0000ef0f  ST7735_InvertDisplay              
0000ef27  ST7735_PlotClear                  
0000ef83  ST7735_PlotPoint                  
0000f049  ST7735_PlotLine                   
0000f183  ST7735_PlotPoints                 
0000f259  ST7735_PlotBar                    
0000f2af  ST7735_PlotdBfs                   
0000f2f9  ST7735_PlotNext                   
0000f313  ST7735_PlotNextErase              
0000f34d  ST7735_OutChar                    
0000f409  ST7735_OutString                  
0000f427  ST7735_SetTextColor               
0000f43b  fputc                             
0000f44d  fgetc                             
0000f459  ferror                            
0000f467  Output_Init                       
0000f477  Output_Clear                      
0000f481  Output_Off                        
0000f489  Output_On                         
0000f491  Output_Color                      
0000f4d9  __TI_printfi                      
0000ff37  _nop                              
0000ff39  SystemCoreClockUpdate             
000101ad  SystemInit                        
00010261  TimerA_Initialization             
000102b5  USS_TRIG_Initialization           
00010305  TA0_N_IRQHandler                  
00010305  TA0_N_IRQHandler                  
00010383  TA1_N_IRQHandler                  
00010383  TA1_N_IRQHandler                  
000103b9  calculate_RPM                     
00010415  calculate_MPH                     
00010485  setTimerA_Period                  
00010549  rotary_encoder_initialization     
0001057d  RE_setInterrupts                  
00010599  get_CLK_DT_values                 
00010603  PORT5_IRQHandler                  
00010603  PORT5_IRQHandler                  
00010677  getCount                          
00010bfd  __aeabi_dsub                      
00010c07  __aeabi_dadd                      
00010db3  __aeabi_idiv0                     
00010db3  __aeabi_ldiv0                     
00010ef1  __aeabi_ddiv                      
0001114d  fputs                             
00011261  ldexp                             
00011261  ldexpl                            
00011261  scalbn                            
00011261  scalbnl                           
00011371  __aeabi_dmul                      
0001146d  setvbuf                           
00011549  free                              
000116d5  CS_startHFXTWithTimeout           
00011771  __aeabi_memcpy                    
00011771  __aeabi_memcpy4                   
00011771  __aeabi_memcpy8                   
00011771  memcpy                            
0001180d  __aeabi_uldivmod                  
000118a3  __aeabi_cdcmpeq                   
000118a3  __aeabi_cdcmple                   
00011929  __aeabi_cdrcmple                  
000119af  __aeabi_memclr                    
000119af  __aeabi_memclr4                   
000119af  __aeabi_memclr8                   
000119b1  __aeabi_memset                    
000119b1  __aeabi_memset4                   
000119b1  __aeabi_memset8                   
000119b7  memset                            
00011a29  malloc                            
00011aa1  __TI_closefile                    
00011bf3  __aeabi_d2f                       
00011c61  HOSTlseek                         
00011cc9  HOSTrename                        
00011d31  __TI_decompress_lzss              
00011d99  printf                            
00011e01  frexp                             
00011e01  frexpl                            
00011e65  fseek                             
00011ec9  __TI_wrt_ok                       
00011f2d  HOSTopen                          
00011f8d  close                             
00011fe9  HOSTread                          
00012041  HOSTwrite                         
000120ef  ltoa                              
00012195  __TI_doflush                      
000121e1  atoi                              
0001222d  exit                              
00012275  __aeabi_d2iz                      
000122bd  HOSTclose                         
00012301  HOSTunlink                        
00012345  __TI_auto_init_nobinit_nopinit    
00012389  getdevice                         
000123cd  sprintf                           
00012489  __TI_writemsg                     
000124b7  C$$IO$$                           
000124c1  _c_int00_noargs                   
000124f9  minit                             
00012531  __aeabi_f2d                       
00012569  strncpy                           
000125a1  __TI_cleanup                      
000125d5  __TI_readmsg                      
00012609  finddevice                        
00012639  __aeabi_i2d                       
00012669  remove                            
00012669  unlink                            
00012695  lseek                             
000126e5  write                             
0001270d  memchr                            
0001272d  memccpy                           
00012761  strcmp                            
00012779  strchr                            
00012791  CS_setExternalClockSourceFrequency
000127a5  copysign                          
000127a5  copysignl                         
000127b9  strcpy                            
000127cd  strlen                            
000127e1  __TI_zero_init_nomemset           
000127f3  wcslen                            
00012805  SysCtl_disableNMISource           
00012815  SysCtl_enableNMISource            
00012825  __TI_decompress_none              
00012833  Reset_Handler                     
0001283f  ADC14_IRQHandler                  
0001283f  AES256_IRQHandler                 
0001283f  BusFault_Handler                  
0001283f  COMP_E0_IRQHandler                
0001283f  COMP_E1_IRQHandler                
0001283f  CS_IRQHandler                     
0001283f  DMA_ERR_IRQHandler                
0001283f  DMA_INT0_IRQHandler               
0001283f  DMA_INT1_IRQHandler               
0001283f  DMA_INT2_IRQHandler               
0001283f  DMA_INT3_IRQHandler               
0001283f  DebugMon_Handler                  
0001283f  Default_Handler                   
0001283f  EUSCIA0_IRQHandler                
0001283f  EUSCIA1_IRQHandler                
0001283f  EUSCIA2_IRQHandler                
0001283f  EUSCIA3_IRQHandler                
0001283f  EUSCIB1_IRQHandler                
0001283f  EUSCIB2_IRQHandler                
0001283f  EUSCIB3_IRQHandler                
0001283f  FLCTL_IRQHandler                  
0001283f  FPU_IRQHandler                    
0001283f  HardFault_Handler                 
0001283f  MemManage_Handler                 
0001283f  NMI_Handler                       
0001283f  PCM_IRQHandler                    
0001283f  PORT2_IRQHandler                  
0001283f  PORT3_IRQHandler                  
0001283f  PORT4_IRQHandler                  
0001283f  PORT6_IRQHandler                  
0001283f  PSS_IRQHandler                    
0001283f  PendSV_Handler                    
0001283f  RTC_C_IRQHandler                  
0001283f  SVC_Handler                       
0001283f  SysTick_Handler                   
0001283f  T32_INT1_IRQHandler               
0001283f  T32_INTC_IRQHandler               
0001283f  TA0_0_IRQHandler                  
0001283f  TA1_0_IRQHandler                  
0001283f  TA2_0_IRQHandler                  
0001283f  TA2_N_IRQHandler                  
0001283f  TA3_0_IRQHandler                  
0001283f  TA3_N_IRQHandler                  
0001283f  UsageFault_Handler                
00012841  SysCtl_getNMISourceStatus         
00012859  __aeabi_errno_addr                
00012861  CS_startHFXT                      
0001286f  _system_pre_init                  
00012873  C$$EXIT                           
00012873  abort                             
00012910  __TI_Handler_Table_Base           
0001291c  __TI_Handler_Table_Limit          
00012928  __TI_CINIT_Base                   
00012938  __TI_CINIT_Limit                  
20000000  _sys_memory                       
20000800  __CIOBUF_                         
20000920  __TI_tmpnams                      
200009c0  read_back_data                    
20000a1c  alarm                             
20000a6c  time                              
20000a7c  Message                           
20000a88  parmbuf                           
20000a94  Messageindex                      
20000a98  X                                 
20000a9c  Ymax                              
20000aa0  Ymin                              
20000aa4  Yrange                            
20000aa8  addr_pointer                      
20000aac  bgColor                           
20000ab0  currentedge                       
20000ab4  distance                          
20000abc  hlColor                           
20000ac4  txtColor                          
20000ac8  InactiveCountStart                
20000ac9  InactiveFlag                      
20000aca  WDCount                           
20000acb  WDInactiveCount                   
20000acc  current                           
20000acd  last                              
20000ad0  _ftable                           
20000bc0  _device                           
20000c38  _stream                           
20000c88  Period                            
20000c8c  timePerCycle                      
20000c90  HC_time                           
20000c94  FC_time                           
20000c98  Freq                              
20000c9c  RPM                               
20000ca0  diameter_feet                     
20000ca4  circum                            
20000ca8  feetPerMin                        
20000cac  feetPerHour                       
20000cb0  MPH                               
20000cb4  STARTUP_FLAG                      
20000cb8  cw_temp                           
20000cbc  ccw_temp                          
20000cc0  cw                                
20000cc4  ccw                               
20000cc8  CW_FLAG                           
20000cc9  CCW_FLAG                          
20000cca  clk                               
20000ccb  dt                                
20000ccc  REFLAG                            
20000cd0  StX                               
20000cd4  StY                               
20000cd8  StTextColor                       
20000ce0  lastj                             
20000ce4  TXDataCount                       
20000ce8  conv_to_inch                      
20000cec  alarmOneFlag                      
20000cf0  alarmTwoFlag                      
20000cf4  __TI_ft_end                       
20000cf8  __aeabi_stdin                     
20000cfc  __aeabi_stdout                    
20000d00  __aeabi_stderr                    
20000d04  __TI_cleanup_ptr                  
20000d08  __TI_dtors_ptr                    
20000d0c  __TI_enable_exit_profile_output   
20000d1c  TXData                            
20000d28  _lock                             
20000d2c  _unlock                           
20000d30  timeDateReadback                  
20000d38  errno                             
20000d3c  SystemCoreClock                   
2000fe00  __stack                           
20010000  __STACK_END                       
4000480c  WDTCTL_SYM                        
ffffffff  __TI_pprof_out_hndl               
ffffffff  __TI_prof_data_size               
ffffffff  __TI_prof_data_start              
ffffffff  __binit__                         
ffffffff  __c_args__                        
ffffffff  binit                             
UNDEFED   __mpu_init                        
UNDEFED   _system_post_cinit                

[330 symbols]
