******************************************************************************
                  TI ARM Linker PC v18.1.4                     
******************************************************************************
>> Linked Tue Dec  3 20:23:31 2019

OUTPUT FILE NAME:   <326_Final_Project.out>
ENTRY POINT SYMBOL: "_c_int00_noargs"  address: 0000b1f9


MEMORY CONFIGURATION

         name            origin    length      used     unused   attr    fill
----------------------  --------  ---------  --------  --------  ----  --------
  MAIN                  00000000   00040000  0001517d  0002ae83  R  X
  INFO                  00200000   00004000  00000000  00004000  R  X
  SRAM_CODE             01000000   00010000  00000000  00010000  RW X
  SRAM_DATA             20000000   00010000  00000f92  0000f06e  RW  


SEGMENT ALLOCATION MAP

run origin  load origin   length   init length attrs members
----------  ----------- ---------- ----------- ----- -------
00000000    00000000    00015188   00015188    r-x
  00000000    00000000    000000e4   000000e4    r-- .intvecs
  000000e4    000000e4    0000b54e   0000b54e    r-x .text
  0000b638    0000b638    00009a7b   00009a7b    r-- .const
  000150b8    000150b8    000000d0   000000d0    r-- .cinit
20000000    20000000    00000d94   00000000    rw-
  20000000    20000000    00000800   00000000    rw- .sysmem
  20000800    20000800    000002ce   00000000    rw- .bss
  20000ad0    20000ad0    000002c4   00000000    rw- .data
2000fe00    2000fe00    00000200   00000000    rw-
  2000fe00    2000fe00    00000200   00000000    rw- .stack


SECTION ALLOCATION MAP

 output                                  attributes/
section   page    origin      length       input sections
--------  ----  ----------  ----------   ----------------
.intvecs   0    00000000    000000e4     
                  00000000    000000e4     startup_msp432p401r_ccs.obj (.intvecs:retain)

.text      0    000000e4    0000b54e     
                  000000e4    00004fc4     main.obj (.text)
                  000050a8    0000139c     ST7735.obj (.text)
                  00006444    00000af0     rtsv7M4_T_le_v4SPD16_eabi.lib : _scanfi.c.obj (.text:__TI_scanfi)
                  00006f34    00000a5e                                   : _printfi.c.obj (.text:__TI_printfi)
                  00007992    00000002                                   : _lock.c.obj (.text:_nop)
                  00007994    00000548     Speedometer.obj (.text)
                  00007edc    00000460     rtsv7M4_T_le_v4SPD16_eabi.lib : strtod.c.obj (.text:strtod)
                  0000833c    00000348     TimerA.obj (.text)
                  00008684    00000328     system_msp432p401r.obj (.text)
                  000089ac    00000274     Rotary_Encoder.obj (.text)
                  00008c20    00000270     rtsv7M4_T_le_v4SPD16_eabi.lib : _printfi.c.obj (.text:_pconv_a)
                  00008e90    000001dc                                   : strtoll.c.obj (.text:strtoll)
                  0000906c    000001d0                                   : _printfi.c.obj (.text:_pconv_g)
                  0000923c    000001b6                                   : fd_add_t2.asm.obj (.text)
                  000093f2    00000002                                   : div0.asm.obj (.text)
                  000093f4    00000188     RTC.obj (.text)
                  0000957c    0000016c     Seven_Segment.obj (.text)
                  000096e8    0000015c     rtsv7M4_T_le_v4SPD16_eabi.lib : strtoull.c.obj (.text:strtoull)
                  00009844    0000013c                                   : _printfi.c.obj (.text:_pconv_e)
                  00009980    00000136                                   : fd_div_t2.asm.obj (.text)
                  00009ab6    00000002     --HOLE-- [fill = 0]
                  00009ab8    00000130                                   : strtol.c.obj (.text:strtol)
                  00009be8    00000124                                   : _printfi.c.obj (.text:fcvt)
                  00009d0c    00000114                                   : fputs.c.obj (.text:fputs)
                  00009e20    00000110                                   : s_scalbn.c.obj (.text:scalbn)
                  00009f30    00000110                                   : strtoul.c.obj (.text:strtoul)
                  0000a040    000000fc                                   : fd_mul_t2.asm.obj (.text)
                  0000a13c    000000dc                                   : setvbuf.c.obj (.text:setvbuf)
                  0000a218    000000d8                                   : memory.c.obj (.text:free)
                  0000a2f0    000000b1                                   : _printfi.c.obj (.text:_ltostr)
                  0000a3a1    00000003     --HOLE-- [fill = 0]
                  0000a3a4    0000009c     msp432p4xx_driverlib.lib : cs.o (.text:CS_startHFXTWithTimeout)
                  0000a440    0000009c     rtsv7M4_T_le_v4SPD16_eabi.lib : memcpy_t2.asm.obj (.text)
                  0000a4dc    00000096                                   : ull_div_t2.asm.obj (.text)
                  0000a572    00000086                                   : fd_cmp_t2.asm.obj (.text:__aeabi_cdcmple)
                  0000a5f8    00000086                                   : fd_cmp_t2.asm.obj (.text:__aeabi_cdrcmple)
                  0000a67e    0000007a                                   : memset_t2.asm.obj (.text)
                  0000a6f8    00000078                                   : memory.c.obj (.text:malloc)
                  0000a770    00000074                                   : fclose.c.obj (.text:__TI_closefile)
                  0000a7e4    00000070     msp432p4xx_driverlib.lib : cs.o (.text:_CSGetHFXTFrequency)
                  0000a854    0000006e     rtsv7M4_T_le_v4SPD16_eabi.lib : _printfi.c.obj (.text:_mcpy)
                  0000a8c2    0000006e                                   : fd_tos_t2.asm.obj (.text)
                  0000a930    00000068                                   : hostlseek.c.obj (.text:HOSTlseek)
                  0000a998    00000068                                   : hostrename.c.obj (.text:HOSTrename)
                  0000aa00    00000068                                   : sscanf.c.obj (.text:_chkmbc)
                  0000aa68    00000068                                   : copy_decompress_lzss.c.obj (.text:decompress:lzss:__TI_decompress_lzss)
                  0000aad0    00000068                                   : printf.c.obj (.text:printf)
                  0000ab38    00000064                                   : s_frexp.c.obj (.text:frexp)
                  0000ab9c    00000064                                   : fseek.c.obj (.text:fseek)
                  0000ac00    00000062                                   : _io_perm.c.obj (.text:__TI_wrt_ok)
                  0000ac62    00000002     --HOLE-- [fill = 0]
                  0000ac64    00000060                                   : hostopen.c.obj (.text:HOSTopen)
                  0000acc4    0000005c                                   : close.c.obj (.text:close)
                  0000ad20    00000058                                   : hostread.c.obj (.text:HOSTread)
                  0000ad78    00000058                                   : hostwrite.c.obj (.text:HOSTwrite)
                  0000add0    00000056                                   : _printfi.c.obj (.text:_pconv_f)
                  0000ae26    00000054                                   : ltoa.c.obj (.text:ltoa)
                  0000ae7a    00000052                                   : _printfi.c.obj (.text:_ecpy)
                  0000aecc    0000004c                                   : fflush.c.obj (.text:__TI_doflush)
                  0000af18    0000004c                                   : atoi.c.obj (.text:atoi)
                  0000af64    00000048                                   : exit.c.obj (.text:exit)
                  0000afac    00000048                                   : fd_toi_t2.asm.obj (.text)
                  0000aff4    00000044                                   : hostclose.c.obj (.text:HOSTclose)
                  0000b038    00000044                                   : hostunlink.c.obj (.text:HOSTunlink)
                  0000b07c    00000044                                   : autoinit.c.obj (.text:__TI_auto_init_nobinit_nopinit:__TI_auto_init_nobinit_nopinit)
                  0000b0c0    00000044                                   : getdevice.c.obj (.text:getdevice)
                  0000b104    00000040                                   : sprintf.c.obj (.text:sprintf)
                  0000b144    0000003e                                   : _printfi.c.obj (.text:_fcpy)
                  0000b182    00000002     --HOLE-- [fill = 0]
                  0000b184    0000003c                                   : memory.c.obj (.text:minsert)
                  0000b1c0    00000038                                   : trgmsg.c.obj (.text:__TI_writemsg)
                  0000b1f8    00000038                                   : boot_cortex_m.c.obj (.text:_c_int00_noargs:_c_int00_noargs)
                  0000b230    00000038                                   : memory.c.obj (.text:minit)
                  0000b268    00000038                                   : fs_tod_t2.asm.obj (.text)
                  0000b2a0    00000038                                   : sscanf.c.obj (.text:sscanf)
                  0000b2d8    00000036                                   : strncpy.c.obj (.text:strncpy)
                  0000b30e    00000002     --HOLE-- [fill = 0]
                  0000b310    00000034                                   : fopen.c.obj (.text:__TI_cleanup)
                  0000b344    00000034                                   : trgmsg.c.obj (.text:__TI_readmsg)
                  0000b378    00000030                                   : getdevice.c.obj (.text:finddevice)
                  0000b3a8    0000002e                                   : i_tofd_t2.asm.obj (.text)
                  0000b3d6    00000002     --HOLE-- [fill = 0]
                  0000b3d8    0000002c                                   : unlink.c.obj (.text:unlink)
                  0000b404    00000028                                   : lseek.c.obj (.text:lseek)
                  0000b42c    00000028                                   : memory.c.obj (.text:mremove)
                  0000b454    00000028                                   : write.c.obj (.text:write)
                  0000b47c    00000020                                   : memchr.c.obj (.text:memchr)
                  0000b49c    0000001c                                   : memccpy.c.obj (.text:memccpy)
                  0000b4b8    00000018                                   : sprintf.c.obj (.text:_outs)
                  0000b4d0    00000018                                   : ll_mul_t2.asm.obj (.text)
                  0000b4e8    00000018                                   : strcmp.c.obj (.text:strcmp)
                  0000b500    00000018                                   : strrchr.c.obj (.text:strrchr)
                  0000b518    00000016                                   : strchr.c.obj (.text:strchr)
                  0000b52e    00000002     --HOLE-- [fill = 0]
                  0000b530    00000014     msp432p4xx_driverlib.lib : cs.o (.text:CS_setExternalClockSourceFrequency)
                  0000b544    00000014     rtsv7M4_T_le_v4SPD16_eabi.lib : s_copysign.c.obj (.text:copysign)
                  0000b558    00000014                                   : strcpy.c.obj (.text:strcpy)
                  0000b56c    00000014                                   : strlen.c.obj (.text:strlen)
                  0000b580    00000012                                   : sscanf.c.obj (.text:_inpchar)
                  0000b592    00000012                                   : copy_zero_init.c.obj (.text:decompress:ZI:__TI_zero_init_nomemset:__TI_zero_init_nomemset)
                  0000b5a4    00000012                                   : wcslen.c.obj (.text:wcslen)
                  0000b5b6    00000002     --HOLE-- [fill = 0]
                  0000b5b8    00000010     msp432p4xx_driverlib.lib : sysctl.o (.text:SysCtl_disableNMISource)
                  0000b5c8    00000010                              : sysctl.o (.text:SysCtl_enableNMISource)
                  0000b5d8    0000000e     rtsv7M4_T_le_v4SPD16_eabi.lib : copy_decompress_none.c.obj (.text:decompress:none:__TI_decompress_none)
                  0000b5e6    0000000e     startup_msp432p401r_ccs.obj (.text)
                  0000b5f4    0000000c     msp432p4xx_driverlib.lib : sysctl.o (.text:SysCtl_getNMISourceStatus)
                  0000b600    0000000a     rtsv7M4_T_le_v4SPD16_eabi.lib : sprintf.c.obj (.text:_outc)
                  0000b60a    00000002     --HOLE-- [fill = 0]
                  0000b60c    00000008                                   : errno.c.obj (.text:__aeabi_errno_addr)
                  0000b614    00000008                                   : sscanf.c.obj (.text:_uninpchar)
                  0000b61c    00000006     msp432p4xx_driverlib.lib : cs.o (.text:CS_startHFXT)
                  0000b622    00000004     rtsv7M4_T_le_v4SPD16_eabi.lib : printf.c.obj (.text:_outc)
                  0000b626    00000004                                   : printf.c.obj (.text:_outs)
                  0000b62a    00000004                                   : pre_init.c.obj (.text:_system_pre_init)
                  0000b62e    00000004                                   : exit.c.obj (.text:abort:abort)

.const     0    0000b638    00009a7b     
                  0000b638    00008f00     main.obj (.const:TeslaLogo)
                  00014538    000004fb     ST7735.obj (.const:.string:Font)
                  00014a33    00000200     ST7735.obj (.const:.string:dBfs)
                  00014c33    00000101     rtsv7M4_T_le_v4SPD16_eabi.lib : ctype.c.obj (.const:.string:_ctypes_)
                  00014d34    00000004     --HOLE-- [fill = 0]
                  00014d38    000000c8                                   : strtod.c.obj (.const:$O1$$)
                  00014e00    00000067     ST7735.obj (.const:.string:Bcmd)
                  00014e67    00000046     main.obj (.const:$P$T13$14)
                  00014ead    00000046     main.obj (.const:$P$T29$30)
                  00014ef3    00000046     main.obj (.const:$P$T4$5)
                  00014f39    0000003b     ST7735.obj (.const:.string:Rcmd1)
                  00014f74    0000002b     ST7735.obj (.const:.string:Rcmd3)
                  00014f9f    00000001     --HOLE-- [fill = 0]
                  00014fa0    00000010     rtsv7M4_T_le_v4SPD16_eabi.lib : _scanfi.c.obj (.const:$O1$$)
                  00014fb0    0000000d     ST7735.obj (.const:.string:Rcmd2green)
                  00014fbd    0000000d     ST7735.obj (.const:.string:Rcmd2red)
                  00014fca    0000000c     main.obj (.const:.string:$P$T18$19)
                  00014fd6    0000000c     main.obj (.const:.string:$P$T28$29)
                  00014fe2    0000000c     main.obj (.const:.string:$P$T3$4)
                  00014fee    0000000c     main.obj (.const:.string:$P$T8$9)
                  00014ffa    0000000a     main.obj (.const:.string:$P$T1$2)
                  00015004    0000000a     main.obj (.const:.string:$P$T2$3)
                  0001500e    0000000a     main.obj (.const:.string:$P$T27$28)
                  00015018    00000009     main.obj (.const:.string:$P$T11$12)
                  00015021    00000009     main.obj (.const:.string:$P$T14$15)
                  0001502a    00000009     main.obj (.const:.string:$P$T15$16)
                  00015033    00000009     main.obj (.const:.string:$P$T16$17)
                  0001503c    00000009     main.obj (.const:.string:$P$T17$18)
                  00015045    00000009     main.obj (.const:.string:$P$T19$20)
                  0001504e    00000009     main.obj (.const:.string:$P$T5$6)
                  00015057    00000009     main.obj (.const:.string:$P$T6$7)
                  00015060    00000009     main.obj (.const:.string:$P$T7$8)
                  00015069    00000009     main.obj (.const:.string:$P$T9$10)
                  00015072    00000008     main.obj (.const:.string:$P$T20$21)
                  0001507a    00000008     main.obj (.const:.string:$P$T21$22)
                  00015082    00000008     main.obj (.const:.string:$P$T23$24)
                  0001508a    00000007     main.obj (.const:.string:$P$T0$1)
                  00015091    00000007     main.obj (.const:.string:$P$T26$27)
                  00015098    00000006     main.obj (.const:$P$T12$13)
                  0001509e    00000006     main.obj (.const:.string:$P$T24$25)
                  000150a4    00000005     main.obj (.const:.string:$P$T10$11)
                  000150a9    00000005     main.obj (.const:.string:$P$T22$23)
                  000150ae    00000005     main.obj (.const:.string:$P$T25$26)

.cinit     0    000150b8    000000d0     
                  000150b8    000000ac     (.cinit..data.load) [load image, compression = lzss]
                  00015164    0000000c     (__TI_handler_table)
                  00015170    00000008     (.cinit..bss.load) [load image, compression = zero_init]
                  00015178    00000010     (__TI_cinit_table)

.init_array 
*          0    00000000    00000000     UNINITIALIZED

.sysmem    0    20000000    00000800     UNINITIALIZED
                  20000000    00000008     rtsv7M4_T_le_v4SPD16_eabi.lib : memory.c.obj (.sysmem)
                  20000008    000007f8     --HOLE--

.bss       0    20000800    000002ce     UNINITIALIZED
                  20000800    00000120     rtsv7M4_T_le_v4SPD16_eabi.lib : trgmsg.c.obj (.bss:_CIOBUF_)
                  20000920    000000a0     (.common:__TI_tmpnams)
                  200009c0    0000005c     (.common:read_back_data)
                  20000a1c    00000050     (.common:alarm)
                  20000a6c    00000010     (.common:time)
                  20000a7c    0000000c     (.common:Message)
                  20000a88    00000008     (.common:parmbuf)
                  20000a90    00000004     ST7735.obj (.bss)
                  20000a94    00000004     (.common:Messageindex)
                  20000a98    00000004     (.common:X)
                  20000a9c    00000004     (.common:Ymax)
                  20000aa0    00000004     (.common:Ymin)
                  20000aa4    00000004     (.common:Yrange)
                  20000aa8    00000004     (.common:addr_pointer)
                  20000aac    00000004     (.common:bgColor)
                  20000ab0    00000004     (.common:currentedge)
                  20000ab4    00000004     (.common:hfxtFreq)
                  20000ab8    00000004     (.common:hlColor)
                  20000abc    00000004     (.common:lfxtFreq)
                  20000ac0    00000004     (.common:temperature)
                  20000ac4    00000004     (.common:txtColor)
                  20000ac8    00000001     (.common:InactiveCountStart)
                  20000ac9    00000001     (.common:InactiveFlag)
                  20000aca    00000001     (.common:WDCount)
                  20000acb    00000001     (.common:WDInactiveCount)
                  20000acc    00000001     (.common:current)
                  20000acd    00000001     (.common:last)

.data      0    20000ad0    000002c4     UNINITIALIZED
                  20000ad0    000000f0     rtsv7M4_T_le_v4SPD16_eabi.lib : defs.c.obj (.data:_ftable)
                  20000bc0    00000078                                   : write.c.obj (.data:_device)
                  20000c38    00000050                                   : write.c.obj (.data:_stream)
                  20000c88    00000040     main.obj (.data)
                  20000cc8    0000002e     TimerA.obj (.data)
                  20000cf6    00000002     --HOLE--
                  20000cf8    00000015     Rotary_Encoder.obj (.data)
                  20000d0d    00000003     --HOLE--
                  20000d10    00000014     ST7735.obj (.data)
                  20000d24    00000013     RTC.obj (.data:timeDateReadback)
                  20000d37    00000013     RTC.obj (.data:timeDateToSet)
                  20000d4a    00000002     --HOLE--
                  20000d4c    00000010     rtsv7M4_T_le_v4SPD16_eabi.lib : defs.c.obj (.data)
                  20000d5c    0000000c                                   : exit.c.obj (.data:$O1$$)
                  20000d68    0000000c                                   : memory.c.obj (.data:$O1$$)
                  20000d74    00000009     main.obj (.data:TXData)
                  20000d7d    00000003     --HOLE--
                  20000d80    00000008     rtsv7M4_T_le_v4SPD16_eabi.lib : _lock.c.obj (.data:$O1$$)
                  20000d88    00000004     Speedometer.obj (.data)
                  20000d8c    00000004     rtsv7M4_T_le_v4SPD16_eabi.lib : errno.c.obj (.data)
                  20000d90    00000004     system_msp432p401r.obj (.data)

.stack     0    2000fe00    00000200     UNINITIALIZED
                  2000fe00    00000004     rtsv7M4_T_le_v4SPD16_eabi.lib : boot_cortex_m.c.obj (.stack)
                  2000fe04    000001fc     --HOLE--

MODULE SUMMARY

       Module                        code    ro data   rw data
       ------                        ----    -------   -------
    .\
       main.obj                      20420   37051     285    
       ST7735.obj                    5020    2018      56     
       Speedometer.obj               1352    0         4      
       TimerA.obj                    840     0         50     
       system_msp432p401r.obj        808     0         4      
       Rotary_Encoder.obj            628     0         23     
       RTC.obj                       392     0         38     
       Seven_Segment.obj             364     0         0      
       startup_msp432p401r_ccs.obj   14      228       0      
    +--+-----------------------------+-------+---------+---------+
       Total:                        29838   39297     460    
                                                              
    C:/ti/msp/MSP432Ware_3_50_00_02/driverlib/driverlib/MSP432P4xx/ccs/msp432p4xx_driverlib.lib
       cs.o                          294     0         8      
       sysctl.o                      44      0         0      
    +--+-----------------------------+-------+---------+---------+
       Total:                        338     0         8      
                                                              
    C:\ti\ccsv8\tools\compiler\ti-cgt-arm_18.1.4.LTS\lib\rtsv7M4_T_le_v4SPD16_eabi.lib
       _printfi.c.obj                4867    0         0      
       _scanfi.c.obj                 2800    16        0      
       strtod.c.obj                  1120    200       0      
       memory.c.obj                  492     0         12     
       strtoll.c.obj                 476     0         0      
       fd_add_t2.asm.obj             438     0         0      
       defs.c.obj                    0       0         416    
       trgmsg.c.obj                  108     0         288    
       strtoull.c.obj                348     0         0      
       fd_div_t2.asm.obj             310     0         0      
       strtol.c.obj                  304     0         0      
       fputs.c.obj                   276     0         0      
       s_scalbn.c.obj                272     0         0      
       strtoul.c.obj                 272     0         0      
       fd_cmp_t2.asm.obj             268     0         0      
       ctype.c.obj                   0       257       0      
       fd_mul_t2.asm.obj             252     0         0      
       write.c.obj                   40      0         200    
       setvbuf.c.obj                 220     0         0      
       sscanf.c.obj                  186     0         0      
       memcpy_t2.asm.obj             156     0         0      
       ull_div_t2.asm.obj            150     0         0      
       memset_t2.asm.obj             122     0         0      
       fclose.c.obj                  116     0         0      
       getdevice.c.obj               116     0         0      
       printf.c.obj                  112     0         0      
       fd_tos_t2.asm.obj             110     0         0      
       copy_decompress_lzss.c.obj    104     0         0      
       hostlseek.c.obj               104     0         0      
       hostopen.c.obj                96      0         8      
       hostrename.c.obj              104     0         0      
       fseek.c.obj                   100     0         0      
       s_frexp.c.obj                 100     0         0      
       _io_perm.c.obj                98      0         0      
       sprintf.c.obj                 98      0         0      
       close.c.obj                   92      0         0      
       exit.c.obj                    76      0         12     
       hostread.c.obj                88      0         0      
       hostwrite.c.obj               88      0         0      
       ltoa.c.obj                    84      0         0      
       atoi.c.obj                    76      0         0      
       fflush.c.obj                  76      0         0      
       fd_toi_t2.asm.obj             72      0         0      
       autoinit.c.obj                68      0         0      
       hostclose.c.obj               68      0         0      
       hostunlink.c.obj              68      0         0      
       boot_cortex_m.c.obj           56      0         0      
       fs_tod_t2.asm.obj             56      0         0      
       strncpy.c.obj                 54      0         0      
       fopen.c.obj                   52      0         0      
       i_tofd_t2.asm.obj             46      0         0      
       unlink.c.obj                  44      0         0      
       lseek.c.obj                   40      0         0      
       memchr.c.obj                  32      0         0      
       memccpy.c.obj                 28      0         0      
       ll_mul_t2.asm.obj             24      0         0      
       strcmp.c.obj                  24      0         0      
       strrchr.c.obj                 24      0         0      
       strchr.c.obj                  22      0         0      
       s_copysign.c.obj              20      0         0      
       strcpy.c.obj                  20      0         0      
       strlen.c.obj                  20      0         0      
       copy_zero_init.c.obj          18      0         0      
       wcslen.c.obj                  18      0         0      
       copy_decompress_none.c.obj    14      0         0      
       errno.c.obj                   8       0         4      
       _lock.c.obj                   2       0         8      
       pre_init.c.obj                4       0         0      
       div0.asm.obj                  2       0         0      
    +--+-----------------------------+-------+---------+---------+
       Total:                        16219   473       948    
                                                              
       Heap:                         0       0         2048   
       Stack:                        0       0         512    
       Linker Generated:             0       208       0      
    +--+-----------------------------+-------+---------+---------+
       Grand Total:                  46395   39978     3976   


LINKER GENERATED COPY TABLES

__TI_cinit_table @ 00015178 records: 2, size/record: 8, table size: 16
	.data: load addr=000150b8, load size=000000ac bytes, run addr=20000ad0, run size=000002c4 bytes, compression=lzss
	.bss: load addr=00015170, load size=00000008 bytes, run addr=20000800, run size=000002ce bytes, compression=zero_init


LINKER GENERATED HANDLER TABLE

__TI_handler_table @ 00015164 records: 3, size/record: 4, table size: 12
	index: 0, handler: __TI_decompress_lzss
	index: 1, handler: __TI_decompress_none
	index: 2, handler: __TI_zero_init


GLOBAL SYMBOLS: SORTED ALPHABETICALLY BY Name 

address   name                              
-------   ----                              
20000c90  ADC                               
0000b5f3  ADC14_IRQHandler                  
00004bbb  ADC14_init                        
0000b5f3  AES256_IRQHandler                 
000002b9  BiMotor_Initialization            
0000b5f3  BusFault_Handler                  
0000b62f  C$$EXIT                           
0000b1ef  C$$IO$$                           
20000d09  CCW_FLAG                          
0000959d  CHIP_SELECT_Initialization        
0000b5f3  COMP_E0_IRQHandler                
0000b5f3  COMP_E1_IRQHandler                
0000b5f3  CS_IRQHandler                     
0000b531  CS_setExternalClockSourceFrequency
0000b61d  CS_startHFXT                      
0000a3a5  CS_startHFXTWithTimeout           
20000d08  CW_FLAG                           
0000b5f3  DMA_ERR_IRQHandler                
0000b5f3  DMA_INT0_IRQHandler               
0000b5f3  DMA_INT1_IRQHandler               
0000b5f3  DMA_INT2_IRQHandler               
0000b5f3  DMA_INT3_IRQHandler               
0000b5f3  DebugMon_Handler                  
0000b5f3  Default_Handler                   
0000511f  Delay1ms                          
0000b5f3  EUSCIA0_IRQHandler                
0000b5f3  EUSCIA1_IRQHandler                
0000b5f3  EUSCIA2_IRQHandler                
0000b5f3  EUSCIA3_IRQHandler                
000048cd  EUSCIB0_IRQHandler                
000048cd  EUSCIB0_IRQHandler                
0000b5f3  EUSCIB1_IRQHandler                
0000b5f3  EUSCIB2_IRQHandler                
0000b5f3  EUSCIB3_IRQHandler                
0000957d  EUSCI_Initialization              
20000cd4  FC_time                           
20000c98  FLAG                              
0000b5f3  FLCTL_IRQHandler                  
0000b5f3  FPU_IRQHandler                    
20000cd8  Freq                              
20000cd0  HC_time                           
0000aff5  HOSTclose                         
0000a931  HOSTlseek                         
0000ac65  HOSTopen                          
0000ad21  HOSTread                          
0000a999  HOSTrename                        
0000b039  HOSTunlink                        
0000ad79  HOSTwrite                         
0000b5f3  HardFault_Handler                 
000093f5  I2C1_Initialization               
000094b3  I2C1_burstRead                    
0000942d  I2C1_burstWrite                   
20000ac8  InactiveCountStart                
20000ac9  InactiveFlag                      
20000ca4  MOTOR_SPINNING                    
20000cf0  MPH                               
0000b5f3  MemManage_Handler                 
20000a7c  Message                           
20000a94  Messageindex                      
0000b5f3  NMI_Handler                       
000063e3  Output_Clear                      
000063fd  Output_Color                      
000063d3  Output_Init                       
000063ed  Output_Off                        
000063f5  Output_On                         
0000b5f3  PCM_IRQHandler                    
0000491d  PORT1_IRQHandler                  
0000491d  PORT1_IRQHandler                  
0000b5f3  PORT2_IRQHandler                  
0000b5f3  PORT3_IRQHandler                  
0000b5f3  PORT4_IRQHandler                  
0000459d  PORT5_IRQHandler                  
0000459d  PORT5_IRQHandler                  
00008a67  PORT6_IRQHandler                  
00008a67  PORT6_IRQHandler                  
0000b5f3  PSS_IRQHandler                    
0000b5f3  PendSV_Handler                    
20000cc8  Period                            
20000d0c  REFLAG                            
000089e1  RE_setInterrupts                  
20000cdc  RPM                               
0000b5f3  RTC_C_IRQHandler                  
0000b5e7  Reset_Handler                     
00005701  ST7735_Color565                   
00005765  ST7735_DrawBitmap                 
00005ad9  ST7735_DrawChar                   
00005963  ST7735_DrawCharS                  
000054f9  ST7735_DrawFastHLine              
0000543b  ST7735_DrawFastVLine              
000053e1  ST7735_DrawPixel                  
00005c47  ST7735_DrawString                 
000055f5  ST7735_FillRect                   
000055b1  ST7735_FillScreen                 
000052ad  ST7735_InitB                      
000052cd  ST7735_InitR                      
00005e7b  ST7735_InvertDisplay              
000062b9  ST7735_OutChar                    
00006375  ST7735_OutString                  
00005d35  ST7735_OutUDec                    
000061c5  ST7735_PlotBar                    
00005e93  ST7735_PlotClear                  
00005fb5  ST7735_PlotLine                   
00006265  ST7735_PlotNext                   
0000627f  ST7735_PlotNextErase              
00005eef  ST7735_PlotPoint                  
000060ef  ST7735_PlotPoints                 
0000621b  ST7735_PlotdBfs                   
00005d0f  ST7735_SetCursor                  
00005db1  ST7735_SetRotation                
00006393  ST7735_SetTextColor               
00005735  ST7735_SwapColor                  
20000cf5  STARTUP_FLAG                      
0000b5f3  SVC_Handler                       
0000466f  SetupTimer32s                     
20000d18  StTextColor                       
20000d10  StX                               
20000d14  StY                               
0000b5b9  SysCtl_disableNMISource           
0000b5c9  SysCtl_enableNMISource            
0000b5f5  SysCtl_getNMISourceStatus         
0000b5f3  SysTick_Handler                   
20000d90  SystemCoreClock                   
00008685  SystemCoreClockUpdate             
000088f9  SystemInit                        
0000b5f3  T32_INT1_IRQHandler               
00004691  T32_INT2_IRQHandler               
00004691  T32_INT2_IRQHandler               
0000b5f3  T32_INTC_IRQHandler               
0000b5f3  TA0_0_IRQHandler                  
0000841d  TA0_N_IRQHandler                  
0000841d  TA0_N_IRQHandler                  
0000b5f3  TA1_0_IRQHandler                  
000084a1  TA1_N_IRQHandler                  
000084a1  TA1_N_IRQHandler                  
0000b5f3  TA2_0_IRQHandler                  
0000b5f3  TA2_N_IRQHandler                  
0000b5f3  TA3_0_IRQHandler                  
0000b5f3  TA3_N_IRQHandler                  
20000d74  TXData                            
20000c8c  TXDataCount                       
0000b638  TeslaLogo                         
0000833d  TimerA_Initialization             
00004dbd  TurnSignalInit                    
000083cd  USS_TRIG_Initialization           
0000b5f3  UsageFault_Handler                
20000aca  WDCount                           
20000acb  WDInactiveCount                   
000045f1  WDInit                            
4000480c  WDTCTL_SYM                        
00004619  WDT_A_IRQHandler                  
00004619  WDT_A_IRQHandler                  
20000a98  X                                 
20000a9c  Ymax                              
20000aa0  Ymin                              
20000aa4  Yrange                            
20000800  __CIOBUF_                         
20010000  __STACK_END                       
00000200  __STACK_SIZE                      
00000800  __SYSMEM_SIZE                     
00015178  __TI_CINIT_Base                   
00015188  __TI_CINIT_Limit                  
00015164  __TI_Handler_Table_Base           
00015170  __TI_Handler_Table_Limit          
0000b07d  __TI_auto_init_nobinit_nopinit    
0000b311  __TI_cleanup                      
20000d5c  __TI_cleanup_ptr                  
0000a771  __TI_closefile                    
0000aa69  __TI_decompress_lzss              
0000b5d9  __TI_decompress_none              
0000aecd  __TI_doflush                      
20000d60  __TI_dtors_ptr                    
20000d64  __TI_enable_exit_profile_output   
20000d4c  __TI_ft_end                       
ffffffff  __TI_pprof_out_hndl               
00006f35  __TI_printfi                      
ffffffff  __TI_prof_data_size               
ffffffff  __TI_prof_data_start              
0000b345  __TI_readmsg                      
00006445  __TI_scanfi                       
00000000  __TI_static_base__                
20000920  __TI_tmpnams                      
0000b1c1  __TI_writemsg                     
0000ac01  __TI_wrt_ok                       
0000b593  __TI_zero_init_nomemset           
0000a573  __aeabi_cdcmpeq                   
0000a573  __aeabi_cdcmple                   
0000a5f9  __aeabi_cdrcmple                  
0000a8c3  __aeabi_d2f                       
0000afad  __aeabi_d2iz                      
00009247  __aeabi_dadd                      
00009981  __aeabi_ddiv                      
0000a041  __aeabi_dmul                      
0000923d  __aeabi_dsub                      
0000b60d  __aeabi_errno_addr                
0000b269  __aeabi_f2d                       
0000b3a9  __aeabi_i2d                       
000093f3  __aeabi_idiv0                     
000093f3  __aeabi_ldiv0                     
0000b4d1  __aeabi_lmul                      
0000a67f  __aeabi_memclr                    
0000a67f  __aeabi_memclr4                   
0000a67f  __aeabi_memclr8                   
0000a441  __aeabi_memcpy                    
0000a441  __aeabi_memcpy4                   
0000a441  __aeabi_memcpy8                   
0000a681  __aeabi_memset                    
0000a681  __aeabi_memset4                   
0000a681  __aeabi_memset8                   
20000d58  __aeabi_stderr                    
20000d50  __aeabi_stdin                     
20000d54  __aeabi_stdout                    
0000a4dd  __aeabi_uldivmod                  
ffffffff  __binit__                         
ffffffff  __c_args__                        
UNDEFED   __mpu_init                        
2000fe00  __stack                           
0000b1f9  _c_int00_noargs                   
00014c33  _ctypes_                          
20000bc0  _device                           
20000ad0  _ftable                           
20000d80  _lock                             
00007993  _nop                              
20000c38  _stream                           
20000000  _sys_memory                       
UNDEFED   _system_post_cinit                
0000b62b  _system_pre_init                  
20000d84  _unlock                           
0000b62f  abort                             
20000aa8  addr_pointer                      
20000a1c  alarm                             
000047f1  alarmOne                          
20000cc0  alarmOneFlag                      
00004891  alarmOneOff                       
00004849  alarmTwo                          
20000cc4  alarmTwoFlag                      
000048ad  alarmTwoOff                       
0000af19  atoi                              
20000aac  bgColor                           
ffffffff  binit                             
00004539  button_initialization             
000045bb  button_pressed                    
00008533  calculate_MPH                     
000084d7  calculate_RPM                     
20000d04  ccw                               
20000cfc  ccw_temp                          
20000ce4  circum                            
0000964d  clear_7Seg                        
20000d0a  clk                               
00004275  clockInit48MHzXTL                 
0000acc5  close                             
20000cb8  conv_to_inch                      
00004c0d  convertAnalog                     
0000b545  copysign                          
0000b545  copysignl                         
20000acc  current                           
20000ab0  currentedge                       
20000d00  cw                                
20000cf8  cw_temp                           
00014a33  dBfs                              
00003f09  delaySeconds                      
20000ce0  diameter_feet                     
20000cb0  difference                        
000005a1  displayScreen                     
00004e59  displaySpeed                      
00004219  display_date                      
20000d0b  dt                                
00004579  enable_ButtonInterrupt            
20000d8c  errno                             
0000af65  exit                              
20000cec  feetPerHour                       
20000ce8  feetPerMin                        
000063c5  ferror                            
000063b9  fgetc                             
00005ccd  fillmessage                       
0000b379  finddevice                        
000063a7  fputc                             
00009d0d  fputs                             
0000a219  free                              
0000ab39  frexp                             
0000ab39  frexpl                            
0000ab9d  fseek                             
000002d9  full_step                         
00008adb  getCount                          
000089fd  get_CLK_DT_values                 
0000b0c1  getdevice                         
20000c9c  high                              
20000ab8  hlColor                           
00003de9  init48MHz                         
00003e71  initAlarmTimes                    
00000111  initKeypad                        
0000495d  initLED                           
00000000  interruptVectors                  
00003831  invalidInput                      
20000acd  last                              
20000cac  last_steps                        
20000d20  lastj                             
00009e21  ldexp                             
00009e21  ldexpl                            
20000c88  ledBlinkCount                     
0000b405  lseek                             
0000ae27  ltoa                              
000003f9  main                              
0000a6f9  malloc                            
0000b49d  memccpy                           
0000b47d  memchr                            
0000a441  memcpy                            
0000a687  memset                            
0000b231  minit                             
20000ca0  motor_speed                       
20000cb4  move                              
20000a88  parmbuf                           
00005111  parrotdelay                       
00002ae1  playlist                          
0000416d  printTime                         
0000aad1  printf                            
00000165  readKeypad                        
000047a9  readTemp                          
00004793  readUSS                           
200009c0  read_back_data                    
000043e5  read_from_flash                   
0000b3d9  remove                            
00000145  resetPins                         
00004667  resetWDCount                      
00003909  resetdisplayScreen                
20000c94  result                            
000089ad  rotary_encoder_initialization     
00003f55  saveTime                          
000042d1  save_to_flash                     
00009e21  scalbn                            
00009e21  scalbnl                           
00004c95  screenBrightness                  
000095e7  send16BIT_Data                    
00002abf  setBackgroundColor                
000020b9  setDateMenu                       
00001931  setTimeMenu                       
000085a7  setTimerA_Period                  
000095c7  set_SPI_Protocol                  
00007995  set_steps                         
000010a1  settingsMenu                      
00009691  setup_7Seg                        
0000a13d  setvbuf                           
00003d23  songFive                          
00003cd9  songFour                          
00003b85  songOne                           
00003d6d  songSix                           
00003c61  songThree                         
00003bed  songTwo                           
20000ca8  speed                             
20000cf4  speedFLAG                         
0000b105  sprintf                           
0000b2a1  sscanf                            
20000d88  steps                             
20000cbc  stopFlag                          
00003db7  stopSong                          
0000b519  strchr                            
0000b4e9  strcmp                            
0000b559  strcpy                            
0000b56d  strlen                            
0000b2d9  strncpy                           
0000b501  strrchr                           
00007edd  strtod                            
00009ab9  strtol                            
00007edd  strtold                           
00008e91  strtoll                           
00009f31  strtoul                           
000096e9  strtoull                          
20000ac0  temperature                       
20000a6c  time                              
20000d24  timeDateReadback                  
20000d37  timeDateToSet                     
20000ccc  timePerCycle                      
20000ac4  txtColor                          
0000b3d9  unlink                            
000049b5  updateTime                        
00004aad  updateTimeStruct                  
00003771  verifyDate                        
00003803  verifyTime                        
00003763  viewAlarms                        
0000b5a5  wcslen                            
0000b455  write                             


GLOBAL SYMBOLS: SORTED BY Symbol Address 

address   name                              
-------   ----                              
00000000  __TI_static_base__                
00000000  interruptVectors                  
00000111  initKeypad                        
00000145  resetPins                         
00000165  readKeypad                        
00000200  __STACK_SIZE                      
000002b9  BiMotor_Initialization            
000002d9  full_step                         
000003f9  main                              
000005a1  displayScreen                     
00000800  __SYSMEM_SIZE                     
000010a1  settingsMenu                      
00001931  setTimeMenu                       
000020b9  setDateMenu                       
00002abf  setBackgroundColor                
00002ae1  playlist                          
00003763  viewAlarms                        
00003771  verifyDate                        
00003803  verifyTime                        
00003831  invalidInput                      
00003909  resetdisplayScreen                
00003b85  songOne                           
00003bed  songTwo                           
00003c61  songThree                         
00003cd9  songFour                          
00003d23  songFive                          
00003d6d  songSix                           
00003db7  stopSong                          
00003de9  init48MHz                         
00003e71  initAlarmTimes                    
00003f09  delaySeconds                      
00003f55  saveTime                          
0000416d  printTime                         
00004219  display_date                      
00004275  clockInit48MHzXTL                 
000042d1  save_to_flash                     
000043e5  read_from_flash                   
00004539  button_initialization             
00004579  enable_ButtonInterrupt            
0000459d  PORT5_IRQHandler                  
0000459d  PORT5_IRQHandler                  
000045bb  button_pressed                    
000045f1  WDInit                            
00004619  WDT_A_IRQHandler                  
00004619  WDT_A_IRQHandler                  
00004667  resetWDCount                      
0000466f  SetupTimer32s                     
00004691  T32_INT2_IRQHandler               
00004691  T32_INT2_IRQHandler               
00004793  readUSS                           
000047a9  readTemp                          
000047f1  alarmOne                          
00004849  alarmTwo                          
00004891  alarmOneOff                       
000048ad  alarmTwoOff                       
000048cd  EUSCIB0_IRQHandler                
000048cd  EUSCIB0_IRQHandler                
0000491d  PORT1_IRQHandler                  
0000491d  PORT1_IRQHandler                  
0000495d  initLED                           
000049b5  updateTime                        
00004aad  updateTimeStruct                  
00004bbb  ADC14_init                        
00004c0d  convertAnalog                     
00004c95  screenBrightness                  
00004dbd  TurnSignalInit                    
00004e59  displaySpeed                      
00005111  parrotdelay                       
0000511f  Delay1ms                          
000052ad  ST7735_InitB                      
000052cd  ST7735_InitR                      
000053e1  ST7735_DrawPixel                  
0000543b  ST7735_DrawFastVLine              
000054f9  ST7735_DrawFastHLine              
000055b1  ST7735_FillScreen                 
000055f5  ST7735_FillRect                   
00005701  ST7735_Color565                   
00005735  ST7735_SwapColor                  
00005765  ST7735_DrawBitmap                 
00005963  ST7735_DrawCharS                  
00005ad9  ST7735_DrawChar                   
00005c47  ST7735_DrawString                 
00005ccd  fillmessage                       
00005d0f  ST7735_SetCursor                  
00005d35  ST7735_OutUDec                    
00005db1  ST7735_SetRotation                
00005e7b  ST7735_InvertDisplay              
00005e93  ST7735_PlotClear                  
00005eef  ST7735_PlotPoint                  
00005fb5  ST7735_PlotLine                   
000060ef  ST7735_PlotPoints                 
000061c5  ST7735_PlotBar                    
0000621b  ST7735_PlotdBfs                   
00006265  ST7735_PlotNext                   
0000627f  ST7735_PlotNextErase              
000062b9  ST7735_OutChar                    
00006375  ST7735_OutString                  
00006393  ST7735_SetTextColor               
000063a7  fputc                             
000063b9  fgetc                             
000063c5  ferror                            
000063d3  Output_Init                       
000063e3  Output_Clear                      
000063ed  Output_Off                        
000063f5  Output_On                         
000063fd  Output_Color                      
00006445  __TI_scanfi                       
00006f35  __TI_printfi                      
00007993  _nop                              
00007995  set_steps                         
00007edd  strtod                            
00007edd  strtold                           
0000833d  TimerA_Initialization             
000083cd  USS_TRIG_Initialization           
0000841d  TA0_N_IRQHandler                  
0000841d  TA0_N_IRQHandler                  
000084a1  TA1_N_IRQHandler                  
000084a1  TA1_N_IRQHandler                  
000084d7  calculate_RPM                     
00008533  calculate_MPH                     
000085a7  setTimerA_Period                  
00008685  SystemCoreClockUpdate             
000088f9  SystemInit                        
000089ad  rotary_encoder_initialization     
000089e1  RE_setInterrupts                  
000089fd  get_CLK_DT_values                 
00008a67  PORT6_IRQHandler                  
00008a67  PORT6_IRQHandler                  
00008adb  getCount                          
00008e91  strtoll                           
0000923d  __aeabi_dsub                      
00009247  __aeabi_dadd                      
000093f3  __aeabi_idiv0                     
000093f3  __aeabi_ldiv0                     
000093f5  I2C1_Initialization               
0000942d  I2C1_burstWrite                   
000094b3  I2C1_burstRead                    
0000957d  EUSCI_Initialization              
0000959d  CHIP_SELECT_Initialization        
000095c7  set_SPI_Protocol                  
000095e7  send16BIT_Data                    
0000964d  clear_7Seg                        
00009691  setup_7Seg                        
000096e9  strtoull                          
00009981  __aeabi_ddiv                      
00009ab9  strtol                            
00009d0d  fputs                             
00009e21  ldexp                             
00009e21  ldexpl                            
00009e21  scalbn                            
00009e21  scalbnl                           
00009f31  strtoul                           
0000a041  __aeabi_dmul                      
0000a13d  setvbuf                           
0000a219  free                              
0000a3a5  CS_startHFXTWithTimeout           
0000a441  __aeabi_memcpy                    
0000a441  __aeabi_memcpy4                   
0000a441  __aeabi_memcpy8                   
0000a441  memcpy                            
0000a4dd  __aeabi_uldivmod                  
0000a573  __aeabi_cdcmpeq                   
0000a573  __aeabi_cdcmple                   
0000a5f9  __aeabi_cdrcmple                  
0000a67f  __aeabi_memclr                    
0000a67f  __aeabi_memclr4                   
0000a67f  __aeabi_memclr8                   
0000a681  __aeabi_memset                    
0000a681  __aeabi_memset4                   
0000a681  __aeabi_memset8                   
0000a687  memset                            
0000a6f9  malloc                            
0000a771  __TI_closefile                    
0000a8c3  __aeabi_d2f                       
0000a931  HOSTlseek                         
0000a999  HOSTrename                        
0000aa69  __TI_decompress_lzss              
0000aad1  printf                            
0000ab39  frexp                             
0000ab39  frexpl                            
0000ab9d  fseek                             
0000ac01  __TI_wrt_ok                       
0000ac65  HOSTopen                          
0000acc5  close                             
0000ad21  HOSTread                          
0000ad79  HOSTwrite                         
0000ae27  ltoa                              
0000aecd  __TI_doflush                      
0000af19  atoi                              
0000af65  exit                              
0000afad  __aeabi_d2iz                      
0000aff5  HOSTclose                         
0000b039  HOSTunlink                        
0000b07d  __TI_auto_init_nobinit_nopinit    
0000b0c1  getdevice                         
0000b105  sprintf                           
0000b1c1  __TI_writemsg                     
0000b1ef  C$$IO$$                           
0000b1f9  _c_int00_noargs                   
0000b231  minit                             
0000b269  __aeabi_f2d                       
0000b2a1  sscanf                            
0000b2d9  strncpy                           
0000b311  __TI_cleanup                      
0000b345  __TI_readmsg                      
0000b379  finddevice                        
0000b3a9  __aeabi_i2d                       
0000b3d9  remove                            
0000b3d9  unlink                            
0000b405  lseek                             
0000b455  write                             
0000b47d  memchr                            
0000b49d  memccpy                           
0000b4d1  __aeabi_lmul                      
0000b4e9  strcmp                            
0000b501  strrchr                           
0000b519  strchr                            
0000b531  CS_setExternalClockSourceFrequency
0000b545  copysign                          
0000b545  copysignl                         
0000b559  strcpy                            
0000b56d  strlen                            
0000b593  __TI_zero_init_nomemset           
0000b5a5  wcslen                            
0000b5b9  SysCtl_disableNMISource           
0000b5c9  SysCtl_enableNMISource            
0000b5d9  __TI_decompress_none              
0000b5e7  Reset_Handler                     
0000b5f3  ADC14_IRQHandler                  
0000b5f3  AES256_IRQHandler                 
0000b5f3  BusFault_Handler                  
0000b5f3  COMP_E0_IRQHandler                
0000b5f3  COMP_E1_IRQHandler                
0000b5f3  CS_IRQHandler                     
0000b5f3  DMA_ERR_IRQHandler                
0000b5f3  DMA_INT0_IRQHandler               
0000b5f3  DMA_INT1_IRQHandler               
0000b5f3  DMA_INT2_IRQHandler               
0000b5f3  DMA_INT3_IRQHandler               
0000b5f3  DebugMon_Handler                  
0000b5f3  Default_Handler                   
0000b5f3  EUSCIA0_IRQHandler                
0000b5f3  EUSCIA1_IRQHandler                
0000b5f3  EUSCIA2_IRQHandler                
0000b5f3  EUSCIA3_IRQHandler                
0000b5f3  EUSCIB1_IRQHandler                
0000b5f3  EUSCIB2_IRQHandler                
0000b5f3  EUSCIB3_IRQHandler                
0000b5f3  FLCTL_IRQHandler                  
0000b5f3  FPU_IRQHandler                    
0000b5f3  HardFault_Handler                 
0000b5f3  MemManage_Handler                 
0000b5f3  NMI_Handler                       
0000b5f3  PCM_IRQHandler                    
0000b5f3  PORT2_IRQHandler                  
0000b5f3  PORT3_IRQHandler                  
0000b5f3  PORT4_IRQHandler                  
0000b5f3  PSS_IRQHandler                    
0000b5f3  PendSV_Handler                    
0000b5f3  RTC_C_IRQHandler                  
0000b5f3  SVC_Handler                       
0000b5f3  SysTick_Handler                   
0000b5f3  T32_INT1_IRQHandler               
0000b5f3  T32_INTC_IRQHandler               
0000b5f3  TA0_0_IRQHandler                  
0000b5f3  TA1_0_IRQHandler                  
0000b5f3  TA2_0_IRQHandler                  
0000b5f3  TA2_N_IRQHandler                  
0000b5f3  TA3_0_IRQHandler                  
0000b5f3  TA3_N_IRQHandler                  
0000b5f3  UsageFault_Handler                
0000b5f5  SysCtl_getNMISourceStatus         
0000b60d  __aeabi_errno_addr                
0000b61d  CS_startHFXT                      
0000b62b  _system_pre_init                  
0000b62f  C$$EXIT                           
0000b62f  abort                             
0000b638  TeslaLogo                         
00014a33  dBfs                              
00014c33  _ctypes_                          
00015164  __TI_Handler_Table_Base           
00015170  __TI_Handler_Table_Limit          
00015178  __TI_CINIT_Base                   
00015188  __TI_CINIT_Limit                  
20000000  _sys_memory                       
20000800  __CIOBUF_                         
20000920  __TI_tmpnams                      
200009c0  read_back_data                    
20000a1c  alarm                             
20000a6c  time                              
20000a7c  Message                           
20000a88  parmbuf                           
20000a94  Messageindex                      
20000a98  X                                 
20000a9c  Ymax                              
20000aa0  Ymin                              
20000aa4  Yrange                            
20000aa8  addr_pointer                      
20000aac  bgColor                           
20000ab0  currentedge                       
20000ab8  hlColor                           
20000ac0  temperature                       
20000ac4  txtColor                          
20000ac8  InactiveCountStart                
20000ac9  InactiveFlag                      
20000aca  WDCount                           
20000acb  WDInactiveCount                   
20000acc  current                           
20000acd  last                              
20000ad0  _ftable                           
20000bc0  _device                           
20000c38  _stream                           
20000c88  ledBlinkCount                     
20000c8c  TXDataCount                       
20000c90  ADC                               
20000c94  result                            
20000c98  FLAG                              
20000c9c  high                              
20000ca0  motor_speed                       
20000ca4  MOTOR_SPINNING                    
20000ca8  speed                             
20000cac  last_steps                        
20000cb0  difference                        
20000cb4  move                              
20000cb8  conv_to_inch                      
20000cbc  stopFlag                          
20000cc0  alarmOneFlag                      
20000cc4  alarmTwoFlag                      
20000cc8  Period                            
20000ccc  timePerCycle                      
20000cd0  HC_time                           
20000cd4  FC_time                           
20000cd8  Freq                              
20000cdc  RPM                               
20000ce0  diameter_feet                     
20000ce4  circum                            
20000ce8  feetPerMin                        
20000cec  feetPerHour                       
20000cf0  MPH                               
20000cf4  speedFLAG                         
20000cf5  STARTUP_FLAG                      
20000cf8  cw_temp                           
20000cfc  ccw_temp                          
20000d00  cw                                
20000d04  ccw                               
20000d08  CW_FLAG                           
20000d09  CCW_FLAG                          
20000d0a  clk                               
20000d0b  dt                                
20000d0c  REFLAG                            
20000d10  StX                               
20000d14  StY                               
20000d18  StTextColor                       
20000d20  lastj                             
20000d24  timeDateReadback                  
20000d37  timeDateToSet                     
20000d4c  __TI_ft_end                       
20000d50  __aeabi_stdin                     
20000d54  __aeabi_stdout                    
20000d58  __aeabi_stderr                    
20000d5c  __TI_cleanup_ptr                  
20000d60  __TI_dtors_ptr                    
20000d64  __TI_enable_exit_profile_output   
20000d74  TXData                            
20000d80  _lock                             
20000d84  _unlock                           
20000d88  steps                             
20000d8c  errno                             
20000d90  SystemCoreClock                   
2000fe00  __stack                           
20010000  __STACK_END                       
4000480c  WDTCTL_SYM                        
ffffffff  __TI_pprof_out_hndl               
ffffffff  __TI_prof_data_size               
ffffffff  __TI_prof_data_start              
ffffffff  __binit__                         
ffffffff  __c_args__                        
ffffffff  binit                             
UNDEFED   __mpu_init                        
UNDEFED   _system_post_cinit                

[380 symbols]
