******************************************************************************
                  TI ARM Linker PC v18.1.4                     
******************************************************************************
>> Linked Fri Nov 29 16:31:30 2019

OUTPUT FILE NAME:   <326_Final_Project.out>
ENTRY POINT SYMBOL: "_c_int00_noargs"  address: 00009e81


MEMORY CONFIGURATION

         name            origin    length      used     unused   attr    fill
----------------------  --------  ---------  --------  --------  ----  --------
  MAIN                  00000000   00040000  00013dfb  0002c205  R  X
  INFO                  00200000   00004000  00000000  00004000  R  X
  SRAM_CODE             01000000   00010000  00000000  00010000  RW X
  SRAM_DATA             20000000   00010000  00000f4e  0000f0b2  RW  


SEGMENT ALLOCATION MAP

run origin  load origin   length   init length attrs members
----------  ----------- ---------- ----------- ----- -------
00000000    00000000    00013e08   00013e08    r-x
  00000000    00000000    000000e4   000000e4    r-- .intvecs
  000000e4    000000e4    0000a1d6   0000a1d6    r-x .text
  0000a2c0    0000a2c0    00009a79   00009a79    r-- .const
  00013d40    00013d40    000000c8   000000c8    r-- .cinit
20000000    20000000    00000d50   00000000    rw-
  20000000    20000000    00000800   00000000    rw- .sysmem
  20000800    20000800    000002ce   00000000    rw- .bss
  20000ad0    20000ad0    00000280   00000000    rw- .data
2000fe00    2000fe00    00000200   00000000    rw-
  2000fe00    2000fe00    00000200   00000000    rw- .stack


SECTION ALLOCATION MAP

 output                                  attributes/
section   page    origin      length       input sections
--------  ----  ----------  ----------   ----------------
.intvecs   0    00000000    000000e4     
                  00000000    000000e4     startup_msp432p401r_ccs.obj (.intvecs:retain)

.text      0    000000e4    0000a1d6     
                  000000e4    00004360     main.obj (.text)
                  00004444    0000139c     ST7735.obj (.text)
                  000057e0    00000af0     rtsv7M4_T_le_v4SPD16_eabi.lib : _scanfi.c.obj (.text:__TI_scanfi)
                  000062d0    00000a5e                                   : _printfi.c.obj (.text:__TI_printfi)
                  00006d2e    00000002                                   : _lock.c.obj (.text:_nop)
                  00006d30    00000460                                   : strtod.c.obj (.text:strtod)
                  00007190    00000328     system_msp432p401r.obj (.text)
                  000074b8    000002e8     TimerA.obj (.text)
                  000077a0    00000274     Rotary_Encoder.obj (.text)
                  00007a14    00000270     rtsv7M4_T_le_v4SPD16_eabi.lib : _printfi.c.obj (.text:_pconv_a)
                  00007c84    000001dc                                   : strtoll.c.obj (.text:strtoll)
                  00007e60    000001d0                                   : _printfi.c.obj (.text:_pconv_g)
                  00008030    000001b6                                   : fd_add_t2.asm.obj (.text)
                  000081e6    00000002                                   : div0.asm.obj (.text)
                  000081e8    00000188     RTC.obj (.text)
                  00008370    0000015c     rtsv7M4_T_le_v4SPD16_eabi.lib : strtoull.c.obj (.text:strtoull)
                  000084cc    0000013c                                   : _printfi.c.obj (.text:_pconv_e)
                  00008608    00000136                                   : fd_div_t2.asm.obj (.text)
                  0000873e    00000002     --HOLE-- [fill = 0]
                  00008740    00000130                                   : strtol.c.obj (.text:strtol)
                  00008870    00000124                                   : _printfi.c.obj (.text:fcvt)
                  00008994    00000114                                   : fputs.c.obj (.text:fputs)
                  00008aa8    00000110                                   : s_scalbn.c.obj (.text:scalbn)
                  00008bb8    00000110                                   : strtoul.c.obj (.text:strtoul)
                  00008cc8    000000fc                                   : fd_mul_t2.asm.obj (.text)
                  00008dc4    000000dc                                   : setvbuf.c.obj (.text:setvbuf)
                  00008ea0    000000d8                                   : memory.c.obj (.text:free)
                  00008f78    000000b1                                   : _printfi.c.obj (.text:_ltostr)
                  00009029    00000003     --HOLE-- [fill = 0]
                  0000902c    0000009c     msp432p4xx_driverlib.lib : cs.o (.text:CS_startHFXTWithTimeout)
                  000090c8    0000009c     rtsv7M4_T_le_v4SPD16_eabi.lib : memcpy_t2.asm.obj (.text)
                  00009164    00000096                                   : ull_div_t2.asm.obj (.text)
                  000091fa    00000086                                   : fd_cmp_t2.asm.obj (.text:__aeabi_cdcmple)
                  00009280    00000086                                   : fd_cmp_t2.asm.obj (.text:__aeabi_cdrcmple)
                  00009306    0000007a                                   : memset_t2.asm.obj (.text)
                  00009380    00000078                                   : memory.c.obj (.text:malloc)
                  000093f8    00000074                                   : fclose.c.obj (.text:__TI_closefile)
                  0000946c    00000070     msp432p4xx_driverlib.lib : cs.o (.text:_CSGetHFXTFrequency)
                  000094dc    0000006e     rtsv7M4_T_le_v4SPD16_eabi.lib : _printfi.c.obj (.text:_mcpy)
                  0000954a    0000006e                                   : fd_tos_t2.asm.obj (.text)
                  000095b8    00000068                                   : hostlseek.c.obj (.text:HOSTlseek)
                  00009620    00000068                                   : hostrename.c.obj (.text:HOSTrename)
                  00009688    00000068                                   : sscanf.c.obj (.text:_chkmbc)
                  000096f0    00000068                                   : copy_decompress_lzss.c.obj (.text:decompress:lzss:__TI_decompress_lzss)
                  00009758    00000068                                   : printf.c.obj (.text:printf)
                  000097c0    00000064                                   : s_frexp.c.obj (.text:frexp)
                  00009824    00000064                                   : fseek.c.obj (.text:fseek)
                  00009888    00000062                                   : _io_perm.c.obj (.text:__TI_wrt_ok)
                  000098ea    00000002     --HOLE-- [fill = 0]
                  000098ec    00000060                                   : hostopen.c.obj (.text:HOSTopen)
                  0000994c    0000005c                                   : close.c.obj (.text:close)
                  000099a8    00000058                                   : hostread.c.obj (.text:HOSTread)
                  00009a00    00000058                                   : hostwrite.c.obj (.text:HOSTwrite)
                  00009a58    00000056                                   : _printfi.c.obj (.text:_pconv_f)
                  00009aae    00000054                                   : ltoa.c.obj (.text:ltoa)
                  00009b02    00000052                                   : _printfi.c.obj (.text:_ecpy)
                  00009b54    0000004c                                   : fflush.c.obj (.text:__TI_doflush)
                  00009ba0    0000004c                                   : atoi.c.obj (.text:atoi)
                  00009bec    00000048                                   : exit.c.obj (.text:exit)
                  00009c34    00000048                                   : fd_toi_t2.asm.obj (.text)
                  00009c7c    00000044                                   : hostclose.c.obj (.text:HOSTclose)
                  00009cc0    00000044                                   : hostunlink.c.obj (.text:HOSTunlink)
                  00009d04    00000044                                   : autoinit.c.obj (.text:__TI_auto_init_nobinit_nopinit:__TI_auto_init_nobinit_nopinit)
                  00009d48    00000044                                   : getdevice.c.obj (.text:getdevice)
                  00009d8c    00000040                                   : sprintf.c.obj (.text:sprintf)
                  00009dcc    0000003e                                   : _printfi.c.obj (.text:_fcpy)
                  00009e0a    00000002     --HOLE-- [fill = 0]
                  00009e0c    0000003c                                   : memory.c.obj (.text:minsert)
                  00009e48    00000038                                   : trgmsg.c.obj (.text:__TI_writemsg)
                  00009e80    00000038                                   : boot_cortex_m.c.obj (.text:_c_int00_noargs:_c_int00_noargs)
                  00009eb8    00000038                                   : memory.c.obj (.text:minit)
                  00009ef0    00000038                                   : fs_tod_t2.asm.obj (.text)
                  00009f28    00000038                                   : sscanf.c.obj (.text:sscanf)
                  00009f60    00000036                                   : strncpy.c.obj (.text:strncpy)
                  00009f96    00000002     --HOLE-- [fill = 0]
                  00009f98    00000034                                   : fopen.c.obj (.text:__TI_cleanup)
                  00009fcc    00000034                                   : trgmsg.c.obj (.text:__TI_readmsg)
                  0000a000    00000030                                   : getdevice.c.obj (.text:finddevice)
                  0000a030    0000002e                                   : i_tofd_t2.asm.obj (.text)
                  0000a05e    00000002     --HOLE-- [fill = 0]
                  0000a060    0000002c                                   : unlink.c.obj (.text:unlink)
                  0000a08c    00000028                                   : lseek.c.obj (.text:lseek)
                  0000a0b4    00000028                                   : memory.c.obj (.text:mremove)
                  0000a0dc    00000028                                   : write.c.obj (.text:write)
                  0000a104    00000020                                   : memchr.c.obj (.text:memchr)
                  0000a124    0000001c                                   : memccpy.c.obj (.text:memccpy)
                  0000a140    00000018                                   : sprintf.c.obj (.text:_outs)
                  0000a158    00000018                                   : ll_mul_t2.asm.obj (.text)
                  0000a170    00000018                                   : strcmp.c.obj (.text:strcmp)
                  0000a188    00000018                                   : strrchr.c.obj (.text:strrchr)
                  0000a1a0    00000016                                   : strchr.c.obj (.text:strchr)
                  0000a1b6    00000002     --HOLE-- [fill = 0]
                  0000a1b8    00000014     msp432p4xx_driverlib.lib : cs.o (.text:CS_setExternalClockSourceFrequency)
                  0000a1cc    00000014     rtsv7M4_T_le_v4SPD16_eabi.lib : s_copysign.c.obj (.text:copysign)
                  0000a1e0    00000014                                   : strcpy.c.obj (.text:strcpy)
                  0000a1f4    00000014                                   : strlen.c.obj (.text:strlen)
                  0000a208    00000012                                   : sscanf.c.obj (.text:_inpchar)
                  0000a21a    00000012                                   : copy_zero_init.c.obj (.text:decompress:ZI:__TI_zero_init_nomemset:__TI_zero_init_nomemset)
                  0000a22c    00000012                                   : wcslen.c.obj (.text:wcslen)
                  0000a23e    00000002     --HOLE-- [fill = 0]
                  0000a240    00000010     msp432p4xx_driverlib.lib : sysctl.o (.text:SysCtl_disableNMISource)
                  0000a250    00000010                              : sysctl.o (.text:SysCtl_enableNMISource)
                  0000a260    0000000e     rtsv7M4_T_le_v4SPD16_eabi.lib : copy_decompress_none.c.obj (.text:decompress:none:__TI_decompress_none)
                  0000a26e    0000000e     startup_msp432p401r_ccs.obj (.text)
                  0000a27c    0000000c     msp432p4xx_driverlib.lib : sysctl.o (.text:SysCtl_getNMISourceStatus)
                  0000a288    0000000a     rtsv7M4_T_le_v4SPD16_eabi.lib : sprintf.c.obj (.text:_outc)
                  0000a292    00000002     --HOLE-- [fill = 0]
                  0000a294    00000008                                   : errno.c.obj (.text:__aeabi_errno_addr)
                  0000a29c    00000008                                   : sscanf.c.obj (.text:_uninpchar)
                  0000a2a4    00000006     msp432p4xx_driverlib.lib : cs.o (.text:CS_startHFXT)
                  0000a2aa    00000004     rtsv7M4_T_le_v4SPD16_eabi.lib : printf.c.obj (.text:_outc)
                  0000a2ae    00000004                                   : printf.c.obj (.text:_outs)
                  0000a2b2    00000004                                   : pre_init.c.obj (.text:_system_pre_init)
                  0000a2b6    00000004                                   : exit.c.obj (.text:abort:abort)

.const     0    0000a2c0    00009a79     
                  0000a2c0    00008f00     main.obj (.const:TeslaLogo)
                  000131c0    000004fb     ST7735.obj (.const:.string:Font)
                  000136bb    00000200     ST7735.obj (.const:.string:dBfs)
                  000138bb    00000101     rtsv7M4_T_le_v4SPD16_eabi.lib : ctype.c.obj (.const:.string:_ctypes_)
                  000139bc    00000004     --HOLE-- [fill = 0]
                  000139c0    000000c8                                   : strtod.c.obj (.const:$O1$$)
                  00013a88    00000067     ST7735.obj (.const:.string:Bcmd)
                  00013aef    00000046     main.obj (.const:$P$T13$14)
                  00013b35    00000046     main.obj (.const:$P$T29$30)
                  00013b7b    00000046     main.obj (.const:$P$T4$5)
                  00013bc1    0000003b     ST7735.obj (.const:.string:Rcmd1)
                  00013bfc    0000002b     ST7735.obj (.const:.string:Rcmd3)
                  00013c27    00000001     --HOLE-- [fill = 0]
                  00013c28    00000010     rtsv7M4_T_le_v4SPD16_eabi.lib : _scanfi.c.obj (.const:$O1$$)
                  00013c38    0000000d     ST7735.obj (.const:.string:Rcmd2green)
                  00013c45    0000000d     ST7735.obj (.const:.string:Rcmd2red)
                  00013c52    0000000c     main.obj (.const:.string:$P$T18$19)
                  00013c5e    0000000c     main.obj (.const:.string:$P$T28$29)
                  00013c6a    0000000c     main.obj (.const:.string:$P$T3$4)
                  00013c76    0000000c     main.obj (.const:.string:$P$T8$9)
                  00013c82    0000000a     main.obj (.const:.string:$P$T1$2)
                  00013c8c    0000000a     main.obj (.const:.string:$P$T2$3)
                  00013c96    0000000a     main.obj (.const:.string:$P$T27$28)
                  00013ca0    00000009     main.obj (.const:.string:$P$T11$12)
                  00013ca9    00000009     main.obj (.const:.string:$P$T14$15)
                  00013cb2    00000009     main.obj (.const:.string:$P$T15$16)
                  00013cbb    00000009     main.obj (.const:.string:$P$T16$17)
                  00013cc4    00000009     main.obj (.const:.string:$P$T17$18)
                  00013ccd    00000009     main.obj (.const:.string:$P$T19$20)
                  00013cd6    00000009     main.obj (.const:.string:$P$T5$6)
                  00013cdf    00000009     main.obj (.const:.string:$P$T6$7)
                  00013ce8    00000009     main.obj (.const:.string:$P$T7$8)
                  00013cf1    00000009     main.obj (.const:.string:$P$T9$10)
                  00013cfa    00000008     main.obj (.const:.string:$P$T20$21)
                  00013d02    00000008     main.obj (.const:.string:$P$T21$22)
                  00013d0a    00000008     main.obj (.const:.string:$P$T23$24)
                  00013d12    00000007     main.obj (.const:.string:$P$T26$27)
                  00013d19    00000006     main.obj (.const:$P$T12$13)
                  00013d1f    00000006     main.obj (.const:.string:$P$T24$25)
                  00013d25    00000005     main.obj (.const:.string:$P$T0$1)
                  00013d2a    00000005     main.obj (.const:.string:$P$T10$11)
                  00013d2f    00000005     main.obj (.const:.string:$P$T22$23)
                  00013d34    00000005     main.obj (.const:.string:$P$T25$26)

.cinit     0    00013d40    000000c8     
                  00013d40    0000009e     (.cinit..data.load) [load image, compression = lzss]
                  00013dde    00000002     --HOLE-- [fill = 0]
                  00013de0    0000000c     (__TI_handler_table)
                  00013dec    00000004     --HOLE-- [fill = 0]
                  00013df0    00000008     (.cinit..bss.load) [load image, compression = zero_init]
                  00013df8    00000010     (__TI_cinit_table)

.init_array 
*          0    00000000    00000000     UNINITIALIZED

.sysmem    0    20000000    00000800     UNINITIALIZED
                  20000000    00000008     rtsv7M4_T_le_v4SPD16_eabi.lib : memory.c.obj (.sysmem)
                  20000008    000007f8     --HOLE--

.bss       0    20000800    000002ce     UNINITIALIZED
                  20000800    00000120     rtsv7M4_T_le_v4SPD16_eabi.lib : trgmsg.c.obj (.bss:_CIOBUF_)
                  20000920    000000a0     (.common:__TI_tmpnams)
                  200009c0    0000005c     (.common:read_back_data)
                  20000a1c    00000050     (.common:alarm)
                  20000a6c    00000010     (.common:time)
                  20000a7c    0000000c     (.common:Message)
                  20000a88    00000008     (.common:parmbuf)
                  20000a90    00000004     ST7735.obj (.bss)
                  20000a94    00000004     (.common:Messageindex)
                  20000a98    00000004     (.common:X)
                  20000a9c    00000004     (.common:Ymax)
                  20000aa0    00000004     (.common:Ymin)
                  20000aa4    00000004     (.common:Yrange)
                  20000aa8    00000004     (.common:addr_pointer)
                  20000aac    00000004     (.common:bgColor)
                  20000ab0    00000004     (.common:currentedge)
                  20000ab4    00000004     (.common:distance)
                  20000ab8    00000004     (.common:hfxtFreq)
                  20000abc    00000004     (.common:hlColor)
                  20000ac0    00000004     (.common:lfxtFreq)
                  20000ac4    00000004     (.common:txtColor)
                  20000ac8    00000001     (.common:InactiveCountStart)
                  20000ac9    00000001     (.common:InactiveFlag)
                  20000aca    00000001     (.common:WDCount)
                  20000acb    00000001     (.common:WDInactiveCount)
                  20000acc    00000001     (.common:current)
                  20000acd    00000001     (.common:last)

.data      0    20000ad0    00000280     UNINITIALIZED
                  20000ad0    000000f0     rtsv7M4_T_le_v4SPD16_eabi.lib : defs.c.obj (.data:_ftable)
                  20000bc0    00000078                                   : write.c.obj (.data:_device)
                  20000c38    00000050                                   : write.c.obj (.data:_stream)
                  20000c88    0000002d     TimerA.obj (.data)
                  20000cb5    00000003     --HOLE--
                  20000cb8    00000015     Rotary_Encoder.obj (.data)
                  20000ccd    00000003     --HOLE--
                  20000cd0    00000014     ST7735.obj (.data)
                  20000ce4    00000010     main.obj (.data)
                  20000cf4    00000010     rtsv7M4_T_le_v4SPD16_eabi.lib : defs.c.obj (.data)
                  20000d04    0000000f     RTC.obj (.data:timeDateToSet)
                  20000d13    00000001     --HOLE--
                  20000d14    0000000c     rtsv7M4_T_le_v4SPD16_eabi.lib : exit.c.obj (.data:$O1$$)
                  20000d20    0000000c                                   : memory.c.obj (.data:$O1$$)
                  20000d2c    00000009     main.obj (.data:TXData)
                  20000d35    00000003     --HOLE--
                  20000d38    00000008     rtsv7M4_T_le_v4SPD16_eabi.lib : _lock.c.obj (.data:$O1$$)
                  20000d40    00000007     RTC.obj (.data:timeDateReadback)
                  20000d47    00000001     --HOLE--
                  20000d48    00000004     rtsv7M4_T_le_v4SPD16_eabi.lib : errno.c.obj (.data)
                  20000d4c    00000004     system_msp432p401r.obj (.data)

.stack     0    2000fe00    00000200     UNINITIALIZED
                  2000fe00    00000004     rtsv7M4_T_le_v4SPD16_eabi.lib : boot_cortex_m.c.obj (.stack)
                  2000fe04    000001fc     --HOLE--

MODULE SUMMARY

       Module                        code    ro data   rw data
       ------                        ----    -------   -------
    .\
       main.obj                      17248   37049     237    
       ST7735.obj                    5020    2018      56     
       system_msp432p401r.obj        808     0         4      
       TimerA.obj                    744     0         49     
       Rotary_Encoder.obj            628     0         23     
       RTC.obj                       392     0         22     
       startup_msp432p401r_ccs.obj   14      228       0      
    +--+-----------------------------+-------+---------+---------+
       Total:                        24854   39295     391    
                                                              
    C:/ti/msp/MSP432Ware_3_50_00_02/driverlib/driverlib/MSP432P4xx/ccs/msp432p4xx_driverlib.lib
       cs.o                          294     0         8      
       sysctl.o                      44      0         0      
    +--+-----------------------------+-------+---------+---------+
       Total:                        338     0         8      
                                                              
    C:\ti\ccsv8\tools\compiler\ti-cgt-arm_18.1.4.LTS\lib\rtsv7M4_T_le_v4SPD16_eabi.lib
       _printfi.c.obj                4867    0         0      
       _scanfi.c.obj                 2800    16        0      
       strtod.c.obj                  1120    200       0      
       memory.c.obj                  492     0         12     
       strtoll.c.obj                 476     0         0      
       fd_add_t2.asm.obj             438     0         0      
       defs.c.obj                    0       0         416    
       trgmsg.c.obj                  108     0         288    
       strtoull.c.obj                348     0         0      
       fd_div_t2.asm.obj             310     0         0      
       strtol.c.obj                  304     0         0      
       fputs.c.obj                   276     0         0      
       s_scalbn.c.obj                272     0         0      
       strtoul.c.obj                 272     0         0      
       fd_cmp_t2.asm.obj             268     0         0      
       ctype.c.obj                   0       257       0      
       fd_mul_t2.asm.obj             252     0         0      
       write.c.obj                   40      0         200    
       setvbuf.c.obj                 220     0         0      
       sscanf.c.obj                  186     0         0      
       memcpy_t2.asm.obj             156     0         0      
       ull_div_t2.asm.obj            150     0         0      
       memset_t2.asm.obj             122     0         0      
       fclose.c.obj                  116     0         0      
       getdevice.c.obj               116     0         0      
       printf.c.obj                  112     0         0      
       fd_tos_t2.asm.obj             110     0         0      
       copy_decompress_lzss.c.obj    104     0         0      
       hostlseek.c.obj               104     0         0      
       hostopen.c.obj                96      0         8      
       hostrename.c.obj              104     0         0      
       fseek.c.obj                   100     0         0      
       s_frexp.c.obj                 100     0         0      
       _io_perm.c.obj                98      0         0      
       sprintf.c.obj                 98      0         0      
       close.c.obj                   92      0         0      
       exit.c.obj                    76      0         12     
       hostread.c.obj                88      0         0      
       hostwrite.c.obj               88      0         0      
       ltoa.c.obj                    84      0         0      
       atoi.c.obj                    76      0         0      
       fflush.c.obj                  76      0         0      
       fd_toi_t2.asm.obj             72      0         0      
       autoinit.c.obj                68      0         0      
       hostclose.c.obj               68      0         0      
       hostunlink.c.obj              68      0         0      
       boot_cortex_m.c.obj           56      0         0      
       fs_tod_t2.asm.obj             56      0         0      
       strncpy.c.obj                 54      0         0      
       fopen.c.obj                   52      0         0      
       i_tofd_t2.asm.obj             46      0         0      
       unlink.c.obj                  44      0         0      
       lseek.c.obj                   40      0         0      
       memchr.c.obj                  32      0         0      
       memccpy.c.obj                 28      0         0      
       ll_mul_t2.asm.obj             24      0         0      
       strcmp.c.obj                  24      0         0      
       strrchr.c.obj                 24      0         0      
       strchr.c.obj                  22      0         0      
       s_copysign.c.obj              20      0         0      
       strcpy.c.obj                  20      0         0      
       strlen.c.obj                  20      0         0      
       copy_zero_init.c.obj          18      0         0      
       wcslen.c.obj                  18      0         0      
       copy_decompress_none.c.obj    14      0         0      
       errno.c.obj                   8       0         4      
       _lock.c.obj                   2       0         8      
       pre_init.c.obj                4       0         0      
       div0.asm.obj                  2       0         0      
    +--+-----------------------------+-------+---------+---------+
       Total:                        16219   473       948    
                                                              
       Heap:                         0       0         2048   
       Stack:                        0       0         512    
       Linker Generated:             0       194       0      
    +--+-----------------------------+-------+---------+---------+
       Grand Total:                  41411   39962     3907   


LINKER GENERATED COPY TABLES

__TI_cinit_table @ 00013df8 records: 2, size/record: 8, table size: 16
	.data: load addr=00013d40, load size=0000009e bytes, run addr=20000ad0, run size=00000280 bytes, compression=lzss
	.bss: load addr=00013df0, load size=00000008 bytes, run addr=20000800, run size=000002ce bytes, compression=zero_init


LINKER GENERATED HANDLER TABLE

__TI_handler_table @ 00013de0 records: 3, size/record: 4, table size: 12
	index: 0, handler: __TI_decompress_lzss
	index: 1, handler: __TI_decompress_none
	index: 2, handler: __TI_zero_init


GLOBAL SYMBOLS: SORTED ALPHABETICALLY BY Name 

address   name                              
-------   ----                              
0000a27b  ADC14_IRQHandler                  
0000a27b  AES256_IRQHandler                 
0000a27b  BusFault_Handler                  
0000a2b7  C$$EXIT                           
00009e77  C$$IO$$                           
20000cc9  CCW_FLAG                          
0000a27b  COMP_E0_IRQHandler                
0000a27b  COMP_E1_IRQHandler                
0000a27b  CS_IRQHandler                     
0000a1b9  CS_setExternalClockSourceFrequency
0000a2a5  CS_startHFXT                      
0000902d  CS_startHFXTWithTimeout           
20000cc8  CW_FLAG                           
0000a27b  DMA_ERR_IRQHandler                
0000a27b  DMA_INT0_IRQHandler               
0000a27b  DMA_INT1_IRQHandler               
0000a27b  DMA_INT2_IRQHandler               
0000a27b  DMA_INT3_IRQHandler               
0000a27b  DebugMon_Handler                  
0000a27b  Default_Handler                   
000044bb  Delay1ms                          
0000a27b  EUSCIA0_IRQHandler                
0000a27b  EUSCIA1_IRQHandler                
0000a27b  EUSCIA2_IRQHandler                
0000a27b  EUSCIA3_IRQHandler                
0000410d  EUSCIB0_IRQHandler                
0000410d  EUSCIB0_IRQHandler                
0000a27b  EUSCIB1_IRQHandler                
0000a27b  EUSCIB2_IRQHandler                
0000a27b  EUSCIB3_IRQHandler                
20000c94  FC_time                           
0000a27b  FLCTL_IRQHandler                  
0000a27b  FPU_IRQHandler                    
20000c98  Freq                              
20000c90  HC_time                           
00009c7d  HOSTclose                         
000095b9  HOSTlseek                         
000098ed  HOSTopen                          
000099a9  HOSTread                          
00009621  HOSTrename                        
00009cc1  HOSTunlink                        
00009a01  HOSTwrite                         
0000a27b  HardFault_Handler                 
000081e9  I2C1_Initialization               
000082a7  I2C1_burstRead                    
00008221  I2C1_burstWrite                   
20000ac8  InactiveCountStart                
20000ac9  InactiveFlag                      
20000cb0  MPH                               
0000a27b  MemManage_Handler                 
20000a7c  Message                           
20000a94  Messageindex                      
0000a27b  NMI_Handler                       
0000577f  Output_Clear                      
00005799  Output_Color                      
0000576f  Output_Init                       
00005789  Output_Off                        
00005791  Output_On                         
0000a27b  PCM_IRQHandler                    
0000414f  PORT1_IRQHandler                  
0000414f  PORT1_IRQHandler                  
0000a27b  PORT2_IRQHandler                  
0000a27b  PORT3_IRQHandler                  
0000a27b  PORT4_IRQHandler                  
0000785b  PORT5_IRQHandler                  
0000785b  PORT5_IRQHandler                  
0000a27b  PORT6_IRQHandler                  
0000a27b  PSS_IRQHandler                    
0000a27b  PendSV_Handler                    
20000c88  Period                            
20000ccc  REFLAG                            
000077d5  RE_setInterrupts                  
20000c9c  RPM                               
0000a27b  RTC_C_IRQHandler                  
0000a26f  Reset_Handler                     
00004a9d  ST7735_Color565                   
00004b01  ST7735_DrawBitmap                 
00004e75  ST7735_DrawChar                   
00004cff  ST7735_DrawCharS                  
00004895  ST7735_DrawFastHLine              
000047d7  ST7735_DrawFastVLine              
0000477d  ST7735_DrawPixel                  
00004fe3  ST7735_DrawString                 
00004991  ST7735_FillRect                   
0000494d  ST7735_FillScreen                 
00004649  ST7735_InitB                      
00004669  ST7735_InitR                      
00005217  ST7735_InvertDisplay              
00005655  ST7735_OutChar                    
00005711  ST7735_OutString                  
000050d1  ST7735_OutUDec                    
00005561  ST7735_PlotBar                    
0000522f  ST7735_PlotClear                  
00005351  ST7735_PlotLine                   
00005601  ST7735_PlotNext                   
0000561b  ST7735_PlotNextErase              
0000528b  ST7735_PlotPoint                  
0000548b  ST7735_PlotPoints                 
000055b7  ST7735_PlotdBfs                   
000050ab  ST7735_SetCursor                  
0000514d  ST7735_SetRotation                
0000572f  ST7735_SetTextColor               
00004ad1  ST7735_SwapColor                  
20000cb4  STARTUP_FLAG                      
0000a27b  SVC_Handler                       
00003f9f  SetupTimer32s                     
20000cd8  StTextColor                       
20000cd0  StX                               
20000cd4  StY                               
0000a241  SysCtl_disableNMISource           
0000a251  SysCtl_enableNMISource            
0000a27d  SysCtl_getNMISourceStatus         
0000a27b  SysTick_Handler                   
20000d4c  SystemCoreClock                   
00007191  SystemCoreClockUpdate             
00007405  SystemInit                        
0000a27b  T32_INT1_IRQHandler               
00003fed  T32_INT2_IRQHandler               
00003fed  T32_INT2_IRQHandler               
0000a27b  T32_INTC_IRQHandler               
0000a27b  TA0_0_IRQHandler                  
0000755d  TA0_N_IRQHandler                  
0000755d  TA0_N_IRQHandler                  
0000a27b  TA1_0_IRQHandler                  
000075db  TA1_N_IRQHandler                  
000075db  TA1_N_IRQHandler                  
0000a27b  TA2_0_IRQHandler                  
0000a27b  TA2_N_IRQHandler                  
0000a27b  TA3_0_IRQHandler                  
0000a27b  TA3_N_IRQHandler                  
20000d2c  TXData                            
20000ce4  TXDataCount                       
0000a2c0  TeslaLogo                         
000074b9  TimerA_Initialization             
0000750d  USS_TRIG_Initialization           
0000a27b  UsageFault_Handler                
20000aca  WDCount                           
20000acb  WDInactiveCount                   
00003f35  WDInit                            
4000480c  WDTCTL_SYM                        
00003f51  WDT_A_IRQHandler                  
00003f51  WDT_A_IRQHandler                  
20000a98  X                                 
20000a9c  Ymax                              
20000aa0  Ymin                              
20000aa4  Yrange                            
20000800  __CIOBUF_                         
20010000  __STACK_END                       
00000200  __STACK_SIZE                      
00000800  __SYSMEM_SIZE                     
00013df8  __TI_CINIT_Base                   
00013e08  __TI_CINIT_Limit                  
00013de0  __TI_Handler_Table_Base           
00013dec  __TI_Handler_Table_Limit          
00009d05  __TI_auto_init_nobinit_nopinit    
00009f99  __TI_cleanup                      
20000d14  __TI_cleanup_ptr                  
000093f9  __TI_closefile                    
000096f1  __TI_decompress_lzss              
0000a261  __TI_decompress_none              
00009b55  __TI_doflush                      
20000d18  __TI_dtors_ptr                    
20000d1c  __TI_enable_exit_profile_output   
20000cf4  __TI_ft_end                       
ffffffff  __TI_pprof_out_hndl               
000062d1  __TI_printfi                      
ffffffff  __TI_prof_data_size               
ffffffff  __TI_prof_data_start              
00009fcd  __TI_readmsg                      
000057e1  __TI_scanfi                       
00000000  __TI_static_base__                
20000920  __TI_tmpnams                      
00009e49  __TI_writemsg                     
00009889  __TI_wrt_ok                       
0000a21b  __TI_zero_init_nomemset           
000091fb  __aeabi_cdcmpeq                   
000091fb  __aeabi_cdcmple                   
00009281  __aeabi_cdrcmple                  
0000954b  __aeabi_d2f                       
00009c35  __aeabi_d2iz                      
0000803b  __aeabi_dadd                      
00008609  __aeabi_ddiv                      
00008cc9  __aeabi_dmul                      
00008031  __aeabi_dsub                      
0000a295  __aeabi_errno_addr                
00009ef1  __aeabi_f2d                       
0000a031  __aeabi_i2d                       
000081e7  __aeabi_idiv0                     
000081e7  __aeabi_ldiv0                     
0000a159  __aeabi_lmul                      
00009307  __aeabi_memclr                    
00009307  __aeabi_memclr4                   
00009307  __aeabi_memclr8                   
000090c9  __aeabi_memcpy                    
000090c9  __aeabi_memcpy4                   
000090c9  __aeabi_memcpy8                   
00009309  __aeabi_memset                    
00009309  __aeabi_memset4                   
00009309  __aeabi_memset8                   
20000d00  __aeabi_stderr                    
20000cf8  __aeabi_stdin                     
20000cfc  __aeabi_stdout                    
00009165  __aeabi_uldivmod                  
ffffffff  __binit__                         
ffffffff  __c_args__                        
UNDEFED   __mpu_init                        
2000fe00  __stack                           
00009e81  _c_int00_noargs                   
000138bb  _ctypes_                          
20000bc0  _device                           
20000ad0  _ftable                           
20000d38  _lock                             
00006d2f  _nop                              
20000c38  _stream                           
20000000  _sys_memory                       
UNDEFED   _system_post_cinit                
0000a2b3  _system_pre_init                  
20000d3c  _unlock                           
0000a2b7  abort                             
20000aa8  addr_pointer                      
20000a1c  alarm                             
00004061  alarmOne                          
20000cec  alarmOneFlag                      
000040dd  alarmOneOff                       
0000409f  alarmTwo                          
20000cf0  alarmTwoFlag                      
000040f5  alarmTwoOff                       
00009ba1  atoi                              
20000aac  bgColor                           
ffffffff  binit                             
0000766d  calculate_MPH                     
00007611  calculate_RPM                     
20000cc4  ccw                               
20000cbc  ccw_temp                          
20000ca4  circum                            
20000cca  clk                               
00003c71  clockInit48MHzXTL                 
0000994d  close                             
20000ce8  conv_to_inch                      
0000a1cd  copysign                          
0000a1cd  copysignl                         
20000acc  current                           
20000ab0  currentedge                       
20000cc0  cw                                
20000cb8  cw_temp                           
000136bb  dBfs                              
00003901  delaySeconds                      
20000ca0  diameter_feet                     
00000425  displayScreen                     
00003c15  display_date                      
20000ab4  distance                          
20000ccb  dt                                
20000d48  errno                             
00009bed  exit                              
20000cac  feetPerHour                       
20000ca8  feetPerMin                        
00005761  ferror                            
00005755  fgetc                             
00005069  fillmessage                       
0000a001  finddevice                        
00005743  fputc                             
00008995  fputs                             
00008ea1  free                              
000097c1  frexp                             
000097c1  frexpl                            
00009825  fseek                             
000078cf  getCount                          
000077f1  get_CLK_DT_values                 
00009d49  getdevice                         
20000abc  hlColor                           
000037e1  init48MHz                         
0000385d  initAlarmTimes                    
00000111  initKeypad                        
0000418b  initLED                           
00000000  interruptVectors                  
000032ad  invalidInput                      
20000acd  last                              
20000ce0  lastj                             
00008aa9  ldexp                             
00008aa9  ldexpl                            
0000a08d  lseek                             
00009aaf  ltoa                              
000002b9  main                              
00009381  malloc                            
0000a125  memccpy                           
0000a105  memchr                            
000090c9  memcpy                            
0000930f  memset                            
00009eb9  minit                             
20000a88  parmbuf                           
000044ad  parrotdelay                       
0000253d  playlist                          
00003b59  printTime                         
00009759  printf                            
00000165  readKeypad                        
0000404d  readUSS                           
200009c0  read_back_data                    
00003de1  read_from_flash                   
0000a061  remove                            
00000145  resetPins                         
00003f91  resetWDCount                      
00003389  resetdisplayScreen                
000077a1  rotary_encoder_initialization     
00003961  saveTime                          
00003ccd  save_to_flash                     
00008aa9  scalbn                            
00008aa9  scalbnl                           
0000251d  setBackgroundColor                
00001b21  setDateMenu                       
00001391  setTimeMenu                       
000076dd  setTimerA_Period                  
00000af9  settingsMenu                      
00008dc5  setvbuf                           
0000371d  songFive                          
000036b9  songFour                          
000035b1  songOne                           
0000376d  songSix                           
0000364d  songThree                         
000035fb  songTwo                           
00009d8d  sprintf                           
00009f29  sscanf                            
000037b7  stopSong                          
0000a1a1  strchr                            
0000a171  strcmp                            
0000a1e1  strcpy                            
0000a1f5  strlen                            
00009f61  strncpy                           
0000a189  strrchr                           
00006d31  strtod                            
00008741  strtol                            
00006d31  strtold                           
00007c85  strtoll                           
00008bb9  strtoul                           
00008371  strtoull                          
20000a6c  time                              
20000d40  timeDateReadback                  
20000d04  timeDateToSet                     
20000c8c  timePerCycle                      
20000ac4  txtColor                          
0000a061  unlink                            
000041cd  updateTime                        
000042d1  updateTimeStruct                  
000031ed  verifyDate                        
0000327f  verifyTime                        
000031df  viewAlarms                        
0000a22d  wcslen                            
0000a0dd  write                             


GLOBAL SYMBOLS: SORTED BY Symbol Address 

address   name                              
-------   ----                              
00000000  __TI_static_base__                
00000000  interruptVectors                  
00000111  initKeypad                        
00000145  resetPins                         
00000165  readKeypad                        
00000200  __STACK_SIZE                      
000002b9  main                              
00000425  displayScreen                     
00000800  __SYSMEM_SIZE                     
00000af9  settingsMenu                      
00001391  setTimeMenu                       
00001b21  setDateMenu                       
0000251d  setBackgroundColor                
0000253d  playlist                          
000031df  viewAlarms                        
000031ed  verifyDate                        
0000327f  verifyTime                        
000032ad  invalidInput                      
00003389  resetdisplayScreen                
000035b1  songOne                           
000035fb  songTwo                           
0000364d  songThree                         
000036b9  songFour                          
0000371d  songFive                          
0000376d  songSix                           
000037b7  stopSong                          
000037e1  init48MHz                         
0000385d  initAlarmTimes                    
00003901  delaySeconds                      
00003961  saveTime                          
00003b59  printTime                         
00003c15  display_date                      
00003c71  clockInit48MHzXTL                 
00003ccd  save_to_flash                     
00003de1  read_from_flash                   
00003f35  WDInit                            
00003f51  WDT_A_IRQHandler                  
00003f51  WDT_A_IRQHandler                  
00003f91  resetWDCount                      
00003f9f  SetupTimer32s                     
00003fed  T32_INT2_IRQHandler               
00003fed  T32_INT2_IRQHandler               
0000404d  readUSS                           
00004061  alarmOne                          
0000409f  alarmTwo                          
000040dd  alarmOneOff                       
000040f5  alarmTwoOff                       
0000410d  EUSCIB0_IRQHandler                
0000410d  EUSCIB0_IRQHandler                
0000414f  PORT1_IRQHandler                  
0000414f  PORT1_IRQHandler                  
0000418b  initLED                           
000041cd  updateTime                        
000042d1  updateTimeStruct                  
000044ad  parrotdelay                       
000044bb  Delay1ms                          
00004649  ST7735_InitB                      
00004669  ST7735_InitR                      
0000477d  ST7735_DrawPixel                  
000047d7  ST7735_DrawFastVLine              
00004895  ST7735_DrawFastHLine              
0000494d  ST7735_FillScreen                 
00004991  ST7735_FillRect                   
00004a9d  ST7735_Color565                   
00004ad1  ST7735_SwapColor                  
00004b01  ST7735_DrawBitmap                 
00004cff  ST7735_DrawCharS                  
00004e75  ST7735_DrawChar                   
00004fe3  ST7735_DrawString                 
00005069  fillmessage                       
000050ab  ST7735_SetCursor                  
000050d1  ST7735_OutUDec                    
0000514d  ST7735_SetRotation                
00005217  ST7735_InvertDisplay              
0000522f  ST7735_PlotClear                  
0000528b  ST7735_PlotPoint                  
00005351  ST7735_PlotLine                   
0000548b  ST7735_PlotPoints                 
00005561  ST7735_PlotBar                    
000055b7  ST7735_PlotdBfs                   
00005601  ST7735_PlotNext                   
0000561b  ST7735_PlotNextErase              
00005655  ST7735_OutChar                    
00005711  ST7735_OutString                  
0000572f  ST7735_SetTextColor               
00005743  fputc                             
00005755  fgetc                             
00005761  ferror                            
0000576f  Output_Init                       
0000577f  Output_Clear                      
00005789  Output_Off                        
00005791  Output_On                         
00005799  Output_Color                      
000057e1  __TI_scanfi                       
000062d1  __TI_printfi                      
00006d2f  _nop                              
00006d31  strtod                            
00006d31  strtold                           
00007191  SystemCoreClockUpdate             
00007405  SystemInit                        
000074b9  TimerA_Initialization             
0000750d  USS_TRIG_Initialization           
0000755d  TA0_N_IRQHandler                  
0000755d  TA0_N_IRQHandler                  
000075db  TA1_N_IRQHandler                  
000075db  TA1_N_IRQHandler                  
00007611  calculate_RPM                     
0000766d  calculate_MPH                     
000076dd  setTimerA_Period                  
000077a1  rotary_encoder_initialization     
000077d5  RE_setInterrupts                  
000077f1  get_CLK_DT_values                 
0000785b  PORT5_IRQHandler                  
0000785b  PORT5_IRQHandler                  
000078cf  getCount                          
00007c85  strtoll                           
00008031  __aeabi_dsub                      
0000803b  __aeabi_dadd                      
000081e7  __aeabi_idiv0                     
000081e7  __aeabi_ldiv0                     
000081e9  I2C1_Initialization               
00008221  I2C1_burstWrite                   
000082a7  I2C1_burstRead                    
00008371  strtoull                          
00008609  __aeabi_ddiv                      
00008741  strtol                            
00008995  fputs                             
00008aa9  ldexp                             
00008aa9  ldexpl                            
00008aa9  scalbn                            
00008aa9  scalbnl                           
00008bb9  strtoul                           
00008cc9  __aeabi_dmul                      
00008dc5  setvbuf                           
00008ea1  free                              
0000902d  CS_startHFXTWithTimeout           
000090c9  __aeabi_memcpy                    
000090c9  __aeabi_memcpy4                   
000090c9  __aeabi_memcpy8                   
000090c9  memcpy                            
00009165  __aeabi_uldivmod                  
000091fb  __aeabi_cdcmpeq                   
000091fb  __aeabi_cdcmple                   
00009281  __aeabi_cdrcmple                  
00009307  __aeabi_memclr                    
00009307  __aeabi_memclr4                   
00009307  __aeabi_memclr8                   
00009309  __aeabi_memset                    
00009309  __aeabi_memset4                   
00009309  __aeabi_memset8                   
0000930f  memset                            
00009381  malloc                            
000093f9  __TI_closefile                    
0000954b  __aeabi_d2f                       
000095b9  HOSTlseek                         
00009621  HOSTrename                        
000096f1  __TI_decompress_lzss              
00009759  printf                            
000097c1  frexp                             
000097c1  frexpl                            
00009825  fseek                             
00009889  __TI_wrt_ok                       
000098ed  HOSTopen                          
0000994d  close                             
000099a9  HOSTread                          
00009a01  HOSTwrite                         
00009aaf  ltoa                              
00009b55  __TI_doflush                      
00009ba1  atoi                              
00009bed  exit                              
00009c35  __aeabi_d2iz                      
00009c7d  HOSTclose                         
00009cc1  HOSTunlink                        
00009d05  __TI_auto_init_nobinit_nopinit    
00009d49  getdevice                         
00009d8d  sprintf                           
00009e49  __TI_writemsg                     
00009e77  C$$IO$$                           
00009e81  _c_int00_noargs                   
00009eb9  minit                             
00009ef1  __aeabi_f2d                       
00009f29  sscanf                            
00009f61  strncpy                           
00009f99  __TI_cleanup                      
00009fcd  __TI_readmsg                      
0000a001  finddevice                        
0000a031  __aeabi_i2d                       
0000a061  remove                            
0000a061  unlink                            
0000a08d  lseek                             
0000a0dd  write                             
0000a105  memchr                            
0000a125  memccpy                           
0000a159  __aeabi_lmul                      
0000a171  strcmp                            
0000a189  strrchr                           
0000a1a1  strchr                            
0000a1b9  CS_setExternalClockSourceFrequency
0000a1cd  copysign                          
0000a1cd  copysignl                         
0000a1e1  strcpy                            
0000a1f5  strlen                            
0000a21b  __TI_zero_init_nomemset           
0000a22d  wcslen                            
0000a241  SysCtl_disableNMISource           
0000a251  SysCtl_enableNMISource            
0000a261  __TI_decompress_none              
0000a26f  Reset_Handler                     
0000a27b  ADC14_IRQHandler                  
0000a27b  AES256_IRQHandler                 
0000a27b  BusFault_Handler                  
0000a27b  COMP_E0_IRQHandler                
0000a27b  COMP_E1_IRQHandler                
0000a27b  CS_IRQHandler                     
0000a27b  DMA_ERR_IRQHandler                
0000a27b  DMA_INT0_IRQHandler               
0000a27b  DMA_INT1_IRQHandler               
0000a27b  DMA_INT2_IRQHandler               
0000a27b  DMA_INT3_IRQHandler               
0000a27b  DebugMon_Handler                  
0000a27b  Default_Handler                   
0000a27b  EUSCIA0_IRQHandler                
0000a27b  EUSCIA1_IRQHandler                
0000a27b  EUSCIA2_IRQHandler                
0000a27b  EUSCIA3_IRQHandler                
0000a27b  EUSCIB1_IRQHandler                
0000a27b  EUSCIB2_IRQHandler                
0000a27b  EUSCIB3_IRQHandler                
0000a27b  FLCTL_IRQHandler                  
0000a27b  FPU_IRQHandler                    
0000a27b  HardFault_Handler                 
0000a27b  MemManage_Handler                 
0000a27b  NMI_Handler                       
0000a27b  PCM_IRQHandler                    
0000a27b  PORT2_IRQHandler                  
0000a27b  PORT3_IRQHandler                  
0000a27b  PORT4_IRQHandler                  
0000a27b  PORT6_IRQHandler                  
0000a27b  PSS_IRQHandler                    
0000a27b  PendSV_Handler                    
0000a27b  RTC_C_IRQHandler                  
0000a27b  SVC_Handler                       
0000a27b  SysTick_Handler                   
0000a27b  T32_INT1_IRQHandler               
0000a27b  T32_INTC_IRQHandler               
0000a27b  TA0_0_IRQHandler                  
0000a27b  TA1_0_IRQHandler                  
0000a27b  TA2_0_IRQHandler                  
0000a27b  TA2_N_IRQHandler                  
0000a27b  TA3_0_IRQHandler                  
0000a27b  TA3_N_IRQHandler                  
0000a27b  UsageFault_Handler                
0000a27d  SysCtl_getNMISourceStatus         
0000a295  __aeabi_errno_addr                
0000a2a5  CS_startHFXT                      
0000a2b3  _system_pre_init                  
0000a2b7  C$$EXIT                           
0000a2b7  abort                             
0000a2c0  TeslaLogo                         
000136bb  dBfs                              
000138bb  _ctypes_                          
00013de0  __TI_Handler_Table_Base           
00013dec  __TI_Handler_Table_Limit          
00013df8  __TI_CINIT_Base                   
00013e08  __TI_CINIT_Limit                  
20000000  _sys_memory                       
20000800  __CIOBUF_                         
20000920  __TI_tmpnams                      
200009c0  read_back_data                    
20000a1c  alarm                             
20000a6c  time                              
20000a7c  Message                           
20000a88  parmbuf                           
20000a94  Messageindex                      
20000a98  X                                 
20000a9c  Ymax                              
20000aa0  Ymin                              
20000aa4  Yrange                            
20000aa8  addr_pointer                      
20000aac  bgColor                           
20000ab0  currentedge                       
20000ab4  distance                          
20000abc  hlColor                           
20000ac4  txtColor                          
20000ac8  InactiveCountStart                
20000ac9  InactiveFlag                      
20000aca  WDCount                           
20000acb  WDInactiveCount                   
20000acc  current                           
20000acd  last                              
20000ad0  _ftable                           
20000bc0  _device                           
20000c38  _stream                           
20000c88  Period                            
20000c8c  timePerCycle                      
20000c90  HC_time                           
20000c94  FC_time                           
20000c98  Freq                              
20000c9c  RPM                               
20000ca0  diameter_feet                     
20000ca4  circum                            
20000ca8  feetPerMin                        
20000cac  feetPerHour                       
20000cb0  MPH                               
20000cb4  STARTUP_FLAG                      
20000cb8  cw_temp                           
20000cbc  ccw_temp                          
20000cc0  cw                                
20000cc4  ccw                               
20000cc8  CW_FLAG                           
20000cc9  CCW_FLAG                          
20000cca  clk                               
20000ccb  dt                                
20000ccc  REFLAG                            
20000cd0  StX                               
20000cd4  StY                               
20000cd8  StTextColor                       
20000ce0  lastj                             
20000ce4  TXDataCount                       
20000ce8  conv_to_inch                      
20000cec  alarmOneFlag                      
20000cf0  alarmTwoFlag                      
20000cf4  __TI_ft_end                       
20000cf8  __aeabi_stdin                     
20000cfc  __aeabi_stdout                    
20000d00  __aeabi_stderr                    
20000d04  timeDateToSet                     
20000d14  __TI_cleanup_ptr                  
20000d18  __TI_dtors_ptr                    
20000d1c  __TI_enable_exit_profile_output   
20000d2c  TXData                            
20000d38  _lock                             
20000d3c  _unlock                           
20000d40  timeDateReadback                  
20000d48  errno                             
20000d4c  SystemCoreClock                   
2000fe00  __stack                           
20010000  __STACK_END                       
4000480c  WDTCTL_SYM                        
ffffffff  __TI_pprof_out_hndl               
ffffffff  __TI_prof_data_size               
ffffffff  __TI_prof_data_start              
ffffffff  __binit__                         
ffffffff  __c_args__                        
ffffffff  binit                             
UNDEFED   __mpu_init                        
UNDEFED   _system_post_cinit                

[347 symbols]
